12-04 10:00:03.154   718   718 D ConditionProviders.SCP: notifyCondition condition://android/schedule?days=1.2.3.4.5&start=22.0&end=7.0&exitAtAlarm=false STATE_FALSE reason=!meetsSchedule
12-04 10:00:03.155   718   718 D ConditionProviders.SCP: Scheduling evaluate for Mon Dec 04 22:00:00 GMT+03:00 2017 (1512414000000), in +11h59m56s847ms, now=Mon Dec 04 10:00:03 GMT+03:00 2017 (1512370803153)
12-04 10:31:48.390   718   780 I ActivityManager: Start proc 16267:com.android.messaging/u0a59 for broadcast com.android.messaging/.receiver.SmsDeliverReceiver
12-04 10:31:48.716   718  7968 D MmsServiceBroker: getCarrierConfigValues() by com.android.messaging
12-04 10:31:48.783   718  9878 D MmsServiceBroker: getCarrierConfigValues() by com.android.messaging
12-04 10:31:48.855   718  4387 D MmsServiceBroker: getCarrierConfigValues() by com.android.messaging
12-04 10:31:48.919   718  5113 D MmsServiceBroker: getCarrierConfigValues() by com.android.messaging
12-04 10:31:49.036   718  1273 D MmsServiceBroker: getCarrierConfigValues() by com.android.messaging
12-04 10:31:49.090   718  9615 D MmsServiceBroker: getCarrierConfigValues() by com.android.messaging
12-04 10:31:49.902   718   805 I DisplayPowerController: Blocking screen on until initial contents have been drawn.
12-04 10:31:49.905   718   795 I DisplayManagerService: Display device changed state: "Встроенный экран", ON
12-04 10:31:50.091   718   805 I DisplayPowerController: Unblocked screen on after 189 ms
12-04 10:31:57.859   718   805 I DisplayPowerController: Blocking screen off
12-04 10:31:57.860   718   805 I DisplayPowerController: Unblocked screen off after 1 ms
12-04 10:31:57.892   718   795 I DisplayManagerService: Display device changed state: "Встроенный экран", OFF
12-04 10:39:36.590   718   780 W ProcessCpuTracker: Skipping unknown process pid 16571
12-04 10:39:36.590   718   780 W ProcessCpuTracker: Skipping unknown process pid 16572
12-04 10:39:36.591   718   780 W ProcessCpuTracker: Skipping unknown process pid 16573
12-04 10:39:36.592   718   780 W ProcessCpuTracker: Skipping unknown process pid 16574
12-04 10:39:36.593   718   780 W ProcessCpuTracker: Skipping unknown process pid 16575
12-04 10:39:36.593   718   780 W ProcessCpuTracker: Skipping unknown process pid 16576
12-04 10:39:36.594   718   780 W ProcessCpuTracker: Skipping unknown process pid 16577
12-04 10:39:36.594   718   780 W ProcessCpuTracker: Skipping unknown process pid 16578
12-04 10:39:36.594   718   780 W ProcessCpuTracker: Skipping unknown process pid 16579
12-04 10:39:36.595   718   780 W ProcessCpuTracker: Skipping unknown process pid 16580
12-04 10:39:36.595   718   780 W ProcessCpuTracker: Skipping unknown process pid 16581
12-04 10:39:36.595   718   780 W ProcessCpuTracker: Skipping unknown process pid 16582
12-04 10:39:36.596   718   780 W ProcessCpuTracker: Skipping unknown process pid 16583
12-04 10:39:36.596   718   780 W ProcessCpuTracker: Skipping unknown process pid 16584
12-04 10:39:36.596   718   780 W ProcessCpuTracker: Skipping unknown process pid 16585
12-04 10:39:36.597   718   780 W ProcessCpuTracker: Skipping unknown process pid 16586
12-04 10:39:36.597   718   780 W ProcessCpuTracker: Skipping unknown process pid 16587
12-04 10:39:36.597   718   780 W ProcessCpuTracker: Skipping unknown process pid 16588
12-04 10:39:36.598   718   780 W ProcessCpuTracker: Skipping unknown process pid 16589
12-04 10:39:36.598   718   780 W ProcessCpuTracker: Skipping unknown process pid 16590
12-04 10:39:36.598   718   780 W ProcessCpuTracker: Skipping unknown process pid 16591
12-04 10:39:36.599   718   780 W ProcessCpuTracker: Skipping unknown process pid 16592
12-04 10:39:36.599   718   780 W ProcessCpuTracker: Skipping unknown process pid 16593
12-04 10:43:00.330   718   866 I PowerManagerService: Waking up from dozing (uid 1000)...
12-04 10:43:00.364   718   805 I DisplayPowerController: Blocking screen on until initial contents have been drawn.
12-04 10:43:00.370   718   795 I DisplayManagerService: Display device changed state: "Встроенный экран", ON
12-04 10:43:00.391   718   866 I GestureLauncherService: Power button double tap gesture detected, launching camera. Interval=100ms
12-04 10:43:00.449   288   288 I android.hardware.wifi@1.0-service: Wifi HAL started
12-04 10:43:00.517   718   965 I ActivityManager: START u0 {act=android.media.action.STILL_IMAGE_CAMERA flg=0x14000000 cmp=com.android.camera2/com.android.camera.CameraActivity (has extras)} from uid 10024
12-04 10:43:00.550   718   965 E ActivityManager: applyOptionsLocked: Unknown animationType=0
12-04 10:43:00.578   718   965 I ActivityManager: Start proc 16774:com.android.camera2/u0a33 for activity com.android.camera2/com.android.camera.CameraActivity
12-04 10:43:00.789   718   805 I DisplayPowerController: Unblocked screen on after 425 ms
12-04 10:43:00.792   718   805 W PowerManagerService: Screen on took 504 ms
12-04 10:43:00.792   718   805 I DreamManagerService: Gently waking up from dream.
12-04 10:43:00.793   718   793 I DreamManagerService: Performing gentle wake from dream.
12-04 10:43:00.814   718 10272 W ActivityManager: Slow operation: 199ms so far, now at attachApplicationLocked: after mServices.attachApplicationLocked
12-04 10:43:00.841   718   965 D ActivityManager: awakeFromSleepingLocked: previously pausing activity didn't pause
12-04 10:43:00.855   718  9649 I DreamManagerService: Leaving dreamland.
12-04 10:43:00.855   718   793 I DreamManagerService: Performing gentle wake from dream.
12-04 10:43:00.855   718   793 I DreamController: Stopping dream: name=ComponentInfo{com.android.systemui/com.android.systemui.doze.DozeService}, isTest=false, canDoze=true, userId=0
12-04 10:43:01.271   429   429 I wificond: create scanner for interface with index: 24
12-04 10:43:01.272   429   429 I wificond: subscribe scan result for interface with index: 24
12-04 10:43:01.815   288   288 E android.hardware.wifi@1.0-service: Failed to get driver version: SUCCESS
12-04 10:43:01.817   288   288 E android.hardware.wifi@1.0-service: Failed to get driver version: SUCCESS
12-04 10:43:01.839   429   429 I wificond: New interface event callback registered
12-04 10:43:01.907   718   784 E BatteryStatsService: no controller energy info supplied
12-04 10:43:01.929   718   784 E BatteryStatsService: no controller energy info supplied
12-04 10:43:02.340   718 10306 I ActivityManager: Process com.android.email (pid 1854) has died: cch+6CEM 
12-04 10:43:02.369   718  9944 I ActivityManager: Process com.android.dialer (pid 1565) has died: cch+4CEM 
12-04 10:43:02.406   718  5113 I ActivityManager: Process com.android.calendar (pid 1812) has died: cch+6CEM 
12-04 10:43:02.438   718  9284 I ActivityManager: Process com.android.keychain (pid 2184) has died: cch+6CEM 
12-04 10:43:02.645   429   429 W wificond: Scan is not started. Ignore abort request
12-04 10:43:03.286   718   879 D ConnectivityService: registerNetworkAgent NetworkAgentInfo{ ni{[type: WIFI[], state: CONNECTING/CONNECTING, reason: (unspecified), extra: "Leila", failover: false, available: true, roaming: false, metered: false]}  network{101}  nethandle{433808132830}  lp{{LinkAddresses: []  Routes: [] DnsAddresses: [] Domains: null MTU: 0}}  nc{[ Transports: WIFI Capabilities: NOT_METERED&INTERNET&NOT_RESTRICTED&TRUSTED&NOT_VPN LinkUpBandwidth>=1048576Kbps LinkDnBandwidth>=1048576Kbps]}  Score{20}  everValidated{false}  lastValidated{false}  created{false} lingering{false} explicitlySelected{false} acceptUnvalidated{false} everCaptivePortalDetected{false} lastCaptivePortalDetected{false} }
12-04 10:43:03.288   718   884 D ConnectivityService: NetworkAgentInfo [WIFI () - 101] EVENT_NETWORK_INFO_CHANGED, going from null to CONNECTING
12-04 10:43:03.790   718   884 D ConnectivityService: NetworkAgentInfo [WIFI () - 101] EVENT_NETWORK_INFO_CHANGED, going from CONNECTING to CONNECTED
12-04 10:43:03.792   718   884 D ConnectivityService: Adding iface wlan0 to network 101
12-04 10:43:03.821   718   884 D ConnectivityService: Setting DNS servers for network 101 to [/192.168.1.1]
12-04 10:43:03.923   718   884 D ConnectivityService: Switching to new default network: NetworkAgentInfo{ ni{[type: WIFI[], state: CONNECTED/CONNECTED, reason: (unspecified), extra: "Leila", failover: false, available: true, roaming: false, metered: false]}  network{101}  nethandle{433808132830}  lp{{InterfaceName: wlan0 LinkAddresses: [fe80::9a6c:f5ff:fe58:991/64,192.168.1.102/24,]  Routes: [fe80::/64 -> :: wlan0,192.168.1.0/24 -> 0.0.0.0 wlan0,0.0.0.0/0 -> 192.168.1.1 wlan0,] DnsAddresses: [192.168.1.1,] Domains: null MTU: 0 TcpBufferSizes: 524288,1048576,2097152,262144,524288,1048576}}  nc{[ Transports: WIFI Capabilities: NOT_METERED&INTERNET&NOT_RESTRICTED&TRUSTED&NOT_VPN&FOREGROUND LinkUpBandwidth>=1048576Kbps LinkDnBandwidth>=1048576Kbps SignalStrength: -54]}  Score{20}  everValidated{false}  lastValidated{false}  created{true} lingering{false} explicitlySelected{false} acceptUnvalidated{false} everCaptivePortalDetected{false} lastCaptivePortalDetected{false} }
12-04 10:43:03.979   718   784 E BatteryStatsService: no controller energy info supplied
12-04 10:43:04.176   718   865 I ActivityManager: START u0 {act=android.intent.action.MAIN cat=[android.intent.category.HOME] flg=0x10200000 cmp=org.lineageos.trebuchet/com.android.launcher3.Launcher (has extras)} from uid 1000
12-04 10:43:04.191   718   884 D ConnectivityService: Sending CONNECTED broadcast for type 1 NetworkAgentInfo [WIFI () - 101] isDefaultNetwork=true
12-04 10:43:04.212   718   784 E BatteryStatsService: no controller energy info supplied
12-04 10:43:04.266   718   884 D ConnectivityService: NetworkAgentInfo [WIFI () - 101] validation passed
12-04 10:43:07.452   718   718 E NotificationService: Error creating vibration waveform with pattern: [0, 0]
12-04 10:43:15.316   718  9614 I ActivityManager: START u0 {act=android.intent.action.MAIN cat=[android.intent.category.LAUNCHER] flg=0x1000c000 cmp=com.android.messaging/.ui.conversationlist.ConversationListActivity} from uid 10059
12-04 10:43:15.362   718  9614 I ActivityManager: START u0 {dat=content://com.android.messaging.datamodel.MessagingContentProvider/conversations/5 flg=0x14000000 cmp=com.android.messaging/.ui.conversation.ConversationActivity (has extras)} from uid 10059
12-04 10:43:15.377   718  9284 E ActivityManager: applyOptionsLocked: Unknown animationType=0
12-04 10:43:16.160   718  9944 I ActivityManager: START u0 {flg=0x10000000 cmp=com.android.settings/.sim.SimDialogActivity (has extras)} from uid 10059
12-04 10:43:16.291   718  7672 I ActivityManager: START u0 {flg=0x10000000 cmp=com.android.settings/.sim.SimDialogActivity (has extras)} from uid 10059
12-04 10:43:16.355   718 10272 I ActivityManager: START u0 {flg=0x10000000 cmp=com.android.settings/.sim.SimDialogActivity (has extras)} from uid 10059
12-04 10:43:16.694   718   780 W ActivityManager: Activity pause timeout for ActivityRecord{8ecb2c3 u0 com.android.messaging/.ui.conversation.ConversationActivity t155}
12-04 10:43:17.062   718  1583 I ActivityManager: Start proc 16907:com.android.webview:sandboxed_process0/u0i2 for webview_service com.android.messaging/org.chromium.content.app.SandboxedProcessService0
12-04 10:43:17.617   718  5934 W ActivityManager: Slow operation: 91ms so far, now at attachApplicationLocked: after mServices.attachApplicationLocked
12-04 10:43:17.878   718 10306 I ActivityManager: START u0 {flg=0x10000000 cmp=com.android.settings/.sim.SimDialogActivity (has extras)} from uid 10059
12-04 10:43:18.308   718  8696 I ActivityManager: START u0 {flg=0x10000000 cmp=com.android.settings/.sim.SimDialogActivity (has extras)} from uid 10059
12-04 10:43:18.351   718  8232 I ActivityManager: START u0 {flg=0x10000000 cmp=com.android.settings/.sim.SimDialogActivity (has extras)} from uid 10059
12-04 10:43:18.665   718  7672 I ActivityManager: START u0 {flg=0x10000000 cmp=com.android.settings/.sim.SimDialogActivity (has extras)} from uid 10059
12-04 10:43:18.719   718   752 I ActivityManager: START u0 {flg=0x10000000 cmp=com.android.settings/.sim.SimDialogActivity (has extras)} from uid 10059
12-04 10:43:19.020   718  1273 I ActivityManager: START u0 {flg=0x10000000 cmp=com.android.settings/.sim.SimDialogActivity (has extras)} from uid 10059
12-04 10:43:19.073   718  1002 I ActivityManager: START u0 {flg=0x10000000 cmp=com.android.settings/.sim.SimDialogActivity (has extras)} from uid 10059
12-04 10:43:19.207  2610  2610 W ViewRootImpl[SimDialogActivity]: Dropping event due to root view being removed: MotionEvent { action=ACTION_MOVE, actionButton=0, id[0]=0, x[0]=112.81831, y[0]=-173.24591, toolType[0]=TOOL_TYPE_FINGER, buttonState=0, metaState=0, flags=0x0, edgeFlags=0x0, pointerCount=1, historySize=0, eventTime=1621101, downTime=1621088, deviceId=6, source=0x1002 }
12-04 10:43:19.321   718  1002 I ActivityManager: START u0 {flg=0x10000000 cmp=com.android.settings/.sim.SimDialogActivity (has extras)} from uid 10059
12-04 10:43:19.370   718   781 W Looper  : Dispatch took 116ms on android.ui, h=Handler (com.android.server.am.ActivityManagerService$UiHandler) {3ed5e22} cb=null msg=30
12-04 10:43:19.465   718  4387 I ActivityManager: START u0 {flg=0x10000000 cmp=com.android.settings/.sim.SimDialogActivity (has extras)} from uid 10059
12-04 10:43:19.623   718  9649 I ActivityManager: START u0 {flg=0x10000000 cmp=com.android.settings/.sim.SimDialogActivity (has extras)} from uid 10059
12-04 10:43:19.681   718   965 I ActivityManager: START u0 {flg=0x10000000 cmp=com.android.settings/.sim.SimDialogActivity (has extras)} from uid 10059
12-04 10:43:20.209   718  1001 I ActivityManager: START u0 {flg=0x10000000 cmp=com.android.settings/.sim.SimDialogActivity (has extras)} from uid 10059
12-04 10:43:20.295   718  5113 I ActivityManager: START u0 {flg=0x10000000 cmp=com.android.settings/.sim.SimDialogActivity (has extras)} from uid 10059
12-04 10:43:20.375   718  8232 I ActivityManager: START u0 {flg=0x10000000 cmp=com.android.settings/.sim.SimDialogActivity (has extras)} from uid 10059
12-04 10:43:20.472   718  6464 I ActivityManager: START u0 {flg=0x10000000 cmp=com.android.settings/.sim.SimDialogActivity (has extras)} from uid 10059
12-04 10:43:20.619   718  5833 I ActivityManager: START u0 {flg=0x10000000 cmp=com.android.settings/.sim.SimDialogActivity (has extras)} from uid 10059
12-04 10:43:22.367   718  9747 I ActivityManager: START u0 {act=com.tmessages.openchat0.102306900007960172147483647 flg=0x8000 cmp=org.telegram.messenger/org.telegram.ui.LaunchActivity} from uid 10060
12-04 10:43:22.404   718  9747 W ActivityManager: startActivity called from non-Activity context; forcing Intent.FLAG_ACTIVITY_NEW_TASK for: Intent { act=com.tmessages.openchat0.102306900007960172147483647 flg=0x8000 cmp=org.telegram.messenger/org.telegram.ui.LaunchActivity }
12-04 10:43:22.469   718   781 W Looper  : Dispatch took 102ms on android.ui, h=Handler (com.android.server.am.ActivityManagerService$UiHandler) {3ed5e22} cb=null msg=53
12-04 10:43:22.475   718  1272 E ActivityManager: applyOptionsLocked: Unknown animationType=0
12-04 10:43:41.012   718   718 E NotificationService: Error creating vibration waveform with pattern: [0, 0]
12-04 10:44:00.772   718   866 I PowerManagerService: Going to sleep due to power button (uid 1000)...
12-04 10:44:00.827   718   866 I GestureLauncherService: Power button double tap gesture detected, launching camera. Interval=67ms
12-04 10:44:00.828   718   866 I PowerManagerService: Waking up from dozing (uid 1000)...
12-04 10:44:00.859   718  9615 I ActivityManager: START u0 {act=android.media.action.STILL_IMAGE_CAMERA flg=0x14000000 cmp=com.android.camera2/com.android.camera.CameraActivity (has extras)} from uid 10024
12-04 10:44:00.884   718  5967 E ActivityManager: applyOptionsLocked: Unknown animationType=0
12-04 10:44:01.253   718   805 W PowerManagerService: Screen on took 426 ms
12-04 10:44:11.258   718   866 I PowerManagerService: Going to sleep due to power button (uid 1000)...
12-04 10:44:11.721   718   805 I DisplayPowerController: Blocking screen off
12-04 10:44:11.741   718   805 I DreamManagerService: Entering dreamland.
12-04 10:44:11.742   718   805 I PowerManagerService: Dozing...
12-04 10:44:11.746   718   793 I DreamController: Starting dream: name=ComponentInfo{com.android.systemui/com.android.systemui.doze.DozeService}, isTest=false, canDoze=true, userId=0
12-04 10:44:11.791   718   805 I DisplayPowerController: Unblocked screen off after 71 ms
12-04 10:44:11.948   718   795 I DisplayManagerService: Display device changed state: "Встроенный экран", OFF
12-04 10:44:29.045   718   784 E BatteryStatsService: no controller energy info supplied
12-04 10:44:31.385   718   784 E BatteryStatsService: no controller energy info supplied
12-04 10:44:50.163   718   866 I PowerManagerService: Waking up from dozing (uid 1000)...
12-04 10:44:50.238   718   805 I DisplayPowerController: Blocking screen on until initial contents have been drawn.
12-04 10:44:50.245   718   795 I DisplayManagerService: Display device changed state: "Встроенный экран", ON
12-04 10:44:50.257   718   866 I WindowManager: Suppressed redundant power key press while already in the process of turning the screen on.
12-04 10:44:50.342   718   805 I DisplayPowerController: Unblocked screen on after 104 ms
12-04 10:44:50.652   718   805 W PowerManagerService: Screen on took 533 ms
12-04 10:44:50.657   718   805 I DreamManagerService: Gently waking up from dream.
12-04 10:44:50.658   718   793 I DreamManagerService: Performing gentle wake from dream.
12-04 10:44:50.661   718  8033 I DreamManagerService: Leaving dreamland.
12-04 10:44:50.662   718   793 I DreamManagerService: Performing gentle wake from dream.
12-04 10:44:50.663   718   793 I DreamController: Stopping dream: name=ComponentInfo{com.android.systemui/com.android.systemui.doze.DozeService}, isTest=false, canDoze=true, userId=0
12-04 10:44:56.400   718  8696 I ActivityManager: START u0 {act=android.settings.SETTINGS flg=0x14000000 cmp=com.android.settings/.Settings} from uid 10024
12-04 10:44:56.452   718  1584 E ActivityManager: applyOptionsLocked: Unknown animationType=0
12-04 10:44:57.760   718  8033 E BatteryStatsService: no controller energy info supplied
12-04 10:44:57.760   718  8033 E BatteryStatsService: no controller energy info supplied
12-04 10:44:57.828   718  8033 E BatteryStatsService: modem info is invalid: ModemActivityInfo{ mTimestamp=0 mSleepTimeMs=0 mIdleTimeMs=0 mTxTimeMs[]=[0, 0, 0, 0, 0] mRxTimeMs=0 mEnergyUsed=0}
12-04 10:44:59.258   718  5113 I ActivityManager: START u0 {flg=0x8000 cmp=com.android.settings/.Settings$PowerUsageSummaryActivity (has extras)} from uid 1000
12-04 10:44:59.449   718  5113 E UserRestrictionsUtils: Unknown restriction: null
12-04 10:44:59.591   718  1272 E BatteryStatsService: no controller energy info supplied
12-04 10:44:59.591   718  1272 E BatteryStatsService: no controller energy info supplied
12-04 10:44:59.617   718  1272 E BatteryStatsService: modem info is invalid: ModemActivityInfo{ mTimestamp=0 mSleepTimeMs=0 mIdleTimeMs=0 mTxTimeMs[]=[0, 0, 0, 0, 0] mRxTimeMs=0 mEnergyUsed=0}
12-04 10:44:59.891   718  5934 E BatteryStatsService: no controller energy info supplied
12-04 10:44:59.891   718  5934 E BatteryStatsService: no controller energy info supplied
12-04 10:44:59.914   718  5934 E BatteryStatsService: modem info is invalid: ModemActivityInfo{ mTimestamp=0 mSleepTimeMs=0 mIdleTimeMs=0 mTxTimeMs[]=[0, 0, 0, 0, 0] mRxTimeMs=0 mEnergyUsed=0}
12-04 10:45:11.196   718   784 E BatteryStatsService: no controller energy info supplied
12-04 10:45:11.196   718   784 E BatteryStatsService: no controller energy info supplied
12-04 10:45:11.216   718   784 E BatteryStatsService: modem info is invalid: ModemActivityInfo{ mTimestamp=0 mSleepTimeMs=0 mIdleTimeMs=0 mTxTimeMs[]=[0, 0, 0, 0, 0] mRxTimeMs=0 mEnergyUsed=0}
12-04 10:45:11.246   718  9284 E BatteryStatsService: no controller energy info supplied
12-04 10:45:11.246   718  9284 E BatteryStatsService: no controller energy info supplied
12-04 10:45:11.264   718  9284 E BatteryStatsService: modem info is invalid: ModemActivityInfo{ mTimestamp=0 mSleepTimeMs=0 mIdleTimeMs=0 mTxTimeMs[]=[0, 0, 0, 0, 0] mRxTimeMs=0 mEnergyUsed=0}
12-04 10:45:13.941   718  1584 E BatteryStatsService: no controller energy info supplied
12-04 10:45:13.942   718  1584 E BatteryStatsService: no controller energy info supplied
12-04 10:45:13.960   718  1584 E BatteryStatsService: modem info is invalid: ModemActivityInfo{ mTimestamp=0 mSleepTimeMs=0 mIdleTimeMs=0 mTxTimeMs[]=[0, 0, 0, 0, 0] mRxTimeMs=0 mEnergyUsed=0}
12-04 10:45:14.634   718   750 I ActivityManager: START u0 {cmp=com.android.settings/.search2.SearchActivity} from uid 1000
12-04 10:45:15.459   718  1273 I ActivityManager: Process com.android.deskclock (pid 1609) has died: cch+4CEM 
12-04 10:45:15.587   718  5967 I WindowManager: WIN DEATH: Window{a37b5a9 u0 org.xbet.client1/org.xbet.client1.presentation.activity.AppActivity}
12-04 10:45:15.609   718  6230 D ConnectivityService: ConnectivityService NetworkRequestInfo binderDied(NetworkRequest [ LISTEN id=8, [ Capabilities: INTERNET&NOT_RESTRICTED&TRUSTED&FOREGROUND] ], android.os.BinderProxy@19e67a8)
12-04 10:45:15.647   718  5833 I ActivityManager: Process org.xbet.client1 (pid 2467) has died: cch+3CAC 
12-04 10:45:15.806   718   884 E ConnectivityService: RemoteException caught trying to send a callback msg for NetworkRequest [ LISTEN id=8, [ Capabilities: INTERNET&NOT_RESTRICTED&TRUSTED&FOREGROUND] ]
12-04 10:45:15.929   718   750 I ActivityManager: Process com.android.providers.calendar (pid 1741) has died: cch+6CEM 
12-04 10:45:15.934   718   795 W ActivityManager: setHasOverlayUi called on unknown pid: 2467
12-04 10:45:15.936   718 10306 I ActivityManager: Process com.vkmp3modlite.android (pid 5256) has died: cch+4CEM 
12-04 10:45:16.082   718 10306 W ActivityManager: Exception when unbinding service com.vkmp3modlite.android/org.chromium.content.app.SandboxedProcessService0
12-04 10:45:16.082   718 10306 W ActivityManager: android.os.DeadObjectException
12-04 10:45:16.082   718 10306 W ActivityManager: 	at android.os.BinderProxy.transactNative(Native Method)
12-04 10:45:16.082   718 10306 W ActivityManager: 	at android.os.BinderProxy.transact(Binder.java:748)
12-04 10:45:16.082   718 10306 W ActivityManager: 	at android.app.IApplicationThread$Stub$Proxy.scheduleUnbindService(IApplicationThread.java:1522)
12-04 10:45:16.082   718 10306 W ActivityManager: 	at com.android.server.am.ActiveServices.removeConnectionLocked(ActiveServices.java:2640)
12-04 10:45:16.082   718 10306 W ActivityManager: 	at com.android.server.am.ActiveServices.killServicesLocked(ActiveServices.java:3039)
12-04 10:45:16.082   718 10306 W ActivityManager: 	at com.android.server.am.ActivityManagerService.cleanUpApplicationRecordLocked(ActivityManagerService.java:17916)
12-04 10:45:16.082   718 10306 W ActivityManager: 	at com.android.server.am.ActivityManagerService.handleAppDiedLocked(ActivityManagerService.java:5241)
12-04 10:45:16.082   718 10306 W ActivityManager: 	at com.android.server.am.ActivityManagerService.appDiedLocked(ActivityManagerService.java:5431)
12-04 10:45:16.082   718 10306 W ActivityManager: 	at com.android.server.am.ActivityManagerService$AppDeathRecipient.binderDied(ActivityManagerService.java:1643)
12-04 10:45:16.082   718 10306 W ActivityManager: 	at android.os.BinderProxy.sendDeathNotice(Binder.java:828)
12-04 10:45:16.088   718 10306 I ActivityManager: Killing 5277:com.android.webview:sandboxed_process0/u0a63i1 (adj 904): isolated not needed
12-04 10:45:16.104   718   781 W Looper  : Dispatch took 456ms on android.ui, h=Handler (com.android.server.am.ActivityManagerService$UiHandler) {3ed5e22} cb=null msg=53
12-04 10:45:16.829   718  5934 I ActivityManager: Start proc 17253:com.android.cellbroadcastreceiver/u0a4 for content provider com.android.cellbroadcastreceiver/.CellBroadcastSearchIndexableProvider
12-04 10:45:16.829   718  5934 W ActivityManager: Slow operation: 69ms so far, now at getContentProviderImpl: after start process
12-04 10:45:16.829   718  5934 W ActivityManager: Slow operation: 69ms so far, now at getContentProviderImpl: updating data structures
12-04 10:45:16.829   718  5934 W ActivityManager: Slow operation: 69ms so far, now at getContentProviderImpl: done!
12-04 10:45:17.937   718  9944 I ActivityManager: Start proc 17272:org.lineageos.lineageparts/1000 for content provider org.lineageos.lineageparts/.search.LineagePartsSearchIndexablesProvider
12-04 10:45:25.145   718  9284 I ActivityManager: START u0 {act=org.lineageos.lineageparts.parts.touchscreen_gesture_settings cmp=org.lineageos.lineageparts/.PartsActivity (has extras)} from uid 1000
12-04 10:45:31.500   718  8696 I ActivityManager: START u0 {act=android.intent.action.MAIN cmp=com.android.settings/.SubSettings (has extras)} from uid 1000
12-04 10:45:31.616   718   965 E UserRestrictionsUtils: Unknown restriction: null
12-04 10:45:31.619   718  9615 E UserRestrictionsUtils: Unknown restriction: null
12-04 10:45:31.639   718  5113 E UserRestrictionsUtils: Unknown restriction: null
12-04 10:45:31.684   718 10306 D CryptdConnector: SND -> {6 cryptfs isConvertibleToFBE}
12-04 10:45:31.719   206   211 D VoldCryptCmdListener: cryptfs isConvertibleToFBE
12-04 10:45:31.720   718   869 D CryptdConnector: RCV <- {200 6 0}
12-04 10:46:07.997   718   784 E BatteryStatsService: no controller energy info supplied
12-04 10:46:10.656  2610  2610 E ActivityThread: Activity com.android.settings.SubSettings has leaked ServiceConnection android.bluetooth.BluetoothA2dp$2@ee6b64b that was originally bound here
12-04 10:46:10.656  2610  2610 E ActivityThread: android.app.ServiceConnectionLeaked: Activity com.android.settings.SubSettings has leaked ServiceConnection android.bluetooth.BluetoothA2dp$2@ee6b64b that was originally bound here
12-04 10:46:10.656  2610  2610 E ActivityThread: 	at android.app.LoadedApk$ServiceDispatcher.<init>(LoadedApk.java:1514)
12-04 10:46:10.656  2610  2610 E ActivityThread: 	at android.app.LoadedApk.getServiceDispatcher(LoadedApk.java:1406)
12-04 10:46:10.656  2610  2610 E ActivityThread: 	at android.app.ContextImpl.bindServiceCommon(ContextImpl.java:1589)
12-04 10:46:10.656  2610  2610 E ActivityThread: 	at android.app.ContextImpl.bindServiceAsUser(ContextImpl.java:1549)
12-04 10:46:10.656  2610  2610 E ActivityThread: 	at android.content.ContextWrapper.bindServiceAsUser(ContextWrapper.java:685)
12-04 10:46:10.656  2610  2610 E ActivityThread: 	at android.bluetooth.BluetoothA2dp.doBind(BluetoothA2dp.java:232)
12-04 10:46:10.656  2610  2610 E ActivityThread: 	at android.bluetooth.BluetoothA2dp.<init>(BluetoothA2dp.java:225)
12-04 10:46:10.656  2610  2610 E ActivityThread: 	at android.bluetooth.BluetoothAdapter.getProfileProxy(BluetoothAdapter.java:2028)
12-04 10:46:10.656  2610  2610 E ActivityThread: 	at com.android.settings.development.DevelopmentSettings.onCreateView(DevelopmentSettings.java:741)
12-04 10:46:10.656  2610  2610 E ActivityThread: 	at android.app.Fragment.performCreateView(Fragment.java:2611)
12-04 10:46:10.656  2610  2610 E ActivityThread: 	at android.app.FragmentManagerImpl.moveToState(FragmentManager.java:1276)
12-04 10:46:10.656  2610  2610 E ActivityThread: 	at android.app.FragmentManagerImpl.moveFragmentToExpectedState(FragmentManager.java:1549)
12-04 10:46:10.656  2610  2610 E ActivityThread: 	at android.app.FragmentManagerImpl.moveToState(FragmentManager.java:1611)
12-04 10:46:10.656  2610  2610 E ActivityThread: 	at android.app.FragmentManagerImpl.dispatchMoveToState(FragmentManager.java:3039)
12-04 10:46:10.656  2610  2610 E ActivityThread: 	at android.app.FragmentManagerImpl.dispatchActivityCreated(FragmentManager.java:2991)
12-04 10:46:10.656  2610  2610 E ActivityThread: 	at android.app.FragmentController.dispatchActivityCreated(FragmentController.java:178)
12-04 10:46:10.656  2610  2610 E ActivityThread: 	at android.app.Activity.performCreateCommon(Activity.java:6969)
12-04 10:46:10.656  2610  2610 E ActivityThread: 	at android.app.Activity.performCreate(Activity.java:6977)
12-04 10:46:10.656  2610  2610 E ActivityThread: 	at android.app.Instrumentation.callActivityOnCreate(Instrumentation.java:1213)
12-04 10:46:10.656  2610  2610 E ActivityThread: 	at android.app.ActivityThread.performLaunchActivity(ActivityThread.java:2770)
12-04 10:46:10.656  2610  2610 E ActivityThread: 	at android.app.ActivityThread.handleLaunchActivity(ActivityThread.java:2892)
12-04 10:46:10.656  2610  2610 E ActivityThread: 	at android.app.ActivityThread.-wrap11(Unknown Source:0)
12-04 10:46:10.656  2610  2610 E ActivityThread: 	at android.app.ActivityThread$H.handleMessage(ActivityThread.java:1593)
12-04 10:46:10.656  2610  2610 E ActivityThread: 	at android.os.Handler.dispatchMessage(Handler.java:105)
12-04 10:46:10.656  2610  2610 E ActivityThread: 	at android.os.Looper.loop(Looper.java:164)
12-04 10:46:10.656  2610  2610 E ActivityThread: 	at android.app.ActivityThread.main(ActivityThread.java:6541)
12-04 10:46:10.656  2610  2610 E ActivityThread: 	at java.lang.reflect.Method.invoke(Native Method)
12-04 10:46:10.656  2610  2610 E ActivityThread: 	at com.android.internal.os.Zygote$MethodAndArgsCaller.run(Zygote.java:240)
12-04 10:46:10.656  2610  2610 E ActivityThread: 	at com.android.internal.os.ZygoteInit.main(ZygoteInit.java:767)
12-04 10:46:10.657   718  8100 W ActivityManager: Unbind failed: could not find connection for android.os.BinderProxy@adaf5b2
12-04 10:46:12.733   718   784 E BatteryStatsService: no controller energy info supplied
12-04 10:46:13.637   718   965 I ActivityManager: START u0 {act=android.intent.action.MAIN cmp=com.android.settings/.SubSettings (has extras)} from uid 1000
12-04 10:46:13.724   718  9747 E UserRestrictionsUtils: Unknown restriction: null
12-04 10:46:18.244   718  9284 I ActivityManager: START u0 {act=android.intent.action.MAIN cmp=com.android.settings/.SubSettings (has extras)} from uid 1000
12-04 10:46:28.988   718   784 E BatteryStatsService: no controller energy info supplied
12-04 10:46:33.708   718   784 E BatteryStatsService: no controller energy info supplied
12-04 10:46:34.802   718   865 I ActivityManager: START u0 {act=android.intent.action.MAIN cat=[android.intent.category.HOME] flg=0x10200000 cmp=org.lineageos.trebuchet/com.android.launcher3.Launcher (has extras)} from uid 1000
12-04 10:46:38.808   718   965 I ActivityManager: START u0 {act=android.intent.action.MAIN cat=[android.intent.category.LAUNCHER] flg=0x10200000 cmp=org.xbet.client1/.presentation.activity.StartActivity bnds=[14,148][152,359]} from uid 10027
12-04 10:46:38.919   718  5967 I ActivityManager: Start proc 17332:org.xbet.client1/u0a61 for activity org.xbet.client1/.presentation.activity.AppActivity
12-04 10:46:39.034   718  9878 W ActivityManager: Slow operation: 55ms so far, now at attachApplicationLocked: after mServices.attachApplicationLocked
12-04 10:46:40.817   718 10306 W ActivityManager: Unable to start service Intent { act=com.google.android.gms.analytics.service.START cmp=com.google.android.gms/.analytics.service.AnalyticsService (has extras) } U=0: not found
12-04 10:46:54.033   718   784 E BatteryStatsService: no controller energy info supplied
12-04 10:46:54.033   718   784 E BatteryStatsService: no controller energy info supplied
12-04 10:46:54.062   718   784 E BatteryStatsService: modem info is invalid: ModemActivityInfo{ mTimestamp=0 mSleepTimeMs=0 mIdleTimeMs=0 mTxTimeMs[]=[0, 0, 0, 0, 0] mRxTimeMs=0 mEnergyUsed=0}
12-04 10:47:20.968   718   779 I ProcessStatsService: Pruning old procstats: /data/system/procstats/state-1970-02-23-19-43-17.bin
12-04 10:47:42.897   718   865 I ActivityManager: START u0 {act=android.intent.action.MAIN cat=[android.intent.category.HOME] flg=0x10200000 cmp=org.lineageos.trebuchet/com.android.launcher3.Launcher (has extras)} from uid 1000
12-04 10:47:43.617   718 10272 I ActivityManager: Process com.android.camera2 (pid 16774) has died: cch+6CEM 
12-04 10:47:43.622   718   795 W ActivityManager: setHasOverlayUi called on unknown pid: 16774
12-04 10:47:43.622   718  8232 I ActivityManager: Process com.android.cellbroadcastreceiver (pid 17253) has died: cch+6CEM 
12-04 10:47:43.768   718  8696 I ActivityManager: Process org.lineageos.lineageparts (pid 17272) has died: cch+4CEM 
12-04 10:47:43.921  2610  2610 I ActivityThread: Removing dead content provider:android.content.ContentProviderProxy@385474e
12-04 10:47:43.949   718   795 W ActivityManager: setHasOverlayUi called on unknown pid: 17272
12-04 10:47:44.936   718 10272 I ActivityManager: START u0 {act=android.intent.action.MAIN cat=[android.intent.category.LAUNCHER] flg=0x10200000 cmp=org.telegram.messenger/org.telegram.ui.LaunchActivity bnds=[429,781][567,992]} from uid 10027
12-04 10:48:02.370   718   865 I ActivityManager: START u0 {act=android.intent.action.MAIN cat=[android.intent.category.HOME] flg=0x10200000 cmp=org.lineageos.trebuchet/com.android.launcher3.Launcher (has extras)} from uid 1000
12-04 10:48:18.894   718  1273 I ActivityManager: START u0 {act=android.intent.action.MAIN cat=[android.intent.category.LAUNCHER] flg=0x10200000 cmp=org.lineageos.jelly/.MainActivity bnds=[152,148][291,359]} from uid 10027
12-04 10:48:18.980   718  8033 I ActivityManager: Start proc 17513:org.lineageos.jelly/u0a45 for activity org.lineageos.jelly/.MainActivity
12-04 10:48:19.920   718  9615 I ActivityManager: Start proc 17532:com.android.webview:sandboxed_process0/u0i3 for webview_service org.lineageos.jelly/org.chromium.content.app.SandboxedProcessService0
12-04 10:48:24.626   718  1001 I WindowManager: WIN DEATH: Window{5bc117d u0 com.cyanogenmod.eleven/com.cyanogenmod.eleven.ui.activities.HomeActivity}
12-04 10:48:24.670   718  9878 D ConnectivityService: ConnectivityService NetworkRequestInfo binderDied(NetworkRequest [ LISTEN id=9, [ Capabilities: INTERNET&NOT_RESTRICTED&TRUSTED] ], android.os.BinderProxy@a52403c)
12-04 10:48:24.670   718  1583 I WindowManager: WIN DEATH: Window{559b1ff u0 com.android.messaging/com.android.messaging.ui.conversation.ConversationActivity}
12-04 10:48:24.700   718  1273 I ActivityManager: Process com.cyanogenmod.eleven (pid 3275) has died: cch+5CAC 
12-04 10:48:24.719   718   795 W ActivityManager: setHasOverlayUi called on unknown pid: 3275
12-04 10:48:24.721   718  5934 I ActivityManager: Process com.android.messaging (pid 16267) has died: cch+3CAC 
12-04 10:48:24.788   718  8696 I WindowManager: WIN DEATH: Window{2162606 u0 com.android.settings/com.android.settings.sim.SimDialogActivity}
12-04 10:48:24.817   718 10272 I WindowManager: WIN DEATH: Window{301fd91 u0 com.android.settings/com.android.settings.Settings}
12-04 10:48:24.822   718  6230 I WindowManager: WIN DEATH: Window{ceac942 u0 com.android.settings/com.android.settings.search2.SearchActivity}
12-04 10:48:24.866   718  5967 I WindowManager: WIN DEATH: Window{a8c9463 u0 org.xbet.client1/org.xbet.client1.presentation.activity.AppActivity}
12-04 10:48:25.061   718   884 E ConnectivityService: RemoteException caught trying to send a callback msg for NetworkRequest [ LISTEN id=9, [ Capabilities: INTERNET&NOT_RESTRICTED&TRUSTED] ]
12-04 10:48:25.266   718 10306 I WindowManager: WIN DEATH: Window{d9d4af4 u0 com.android.settings/com.android.settings.sim.SimDialogActivity}
12-04 10:48:25.389   718  5934 W ActivityManager: Exception when unbinding service com.android.messaging/org.chromium.content.app.SandboxedProcessService0
12-04 10:48:25.389   718  5934 W ActivityManager: android.os.DeadObjectException
12-04 10:48:25.389   718  5934 W ActivityManager: 	at android.os.BinderProxy.transactNative(Native Method)
12-04 10:48:25.389   718  5934 W ActivityManager: 	at android.os.BinderProxy.transact(Binder.java:748)
12-04 10:48:25.389   718  5934 W ActivityManager: 	at android.app.IApplicationThread$Stub$Proxy.scheduleUnbindService(IApplicationThread.java:1522)
12-04 10:48:25.389   718  5934 W ActivityManager: 	at com.android.server.am.ActiveServices.removeConnectionLocked(ActiveServices.java:2640)
12-04 10:48:25.389   718  5934 W ActivityManager: 	at com.android.server.am.ActiveServices.killServicesLocked(ActiveServices.java:3039)
12-04 10:48:25.389   718  5934 W ActivityManager: 	at com.android.server.am.ActivityManagerService.cleanUpApplicationRecordLocked(ActivityManagerService.java:17916)
12-04 10:48:25.389   718  5934 W ActivityManager: 	at com.android.server.am.ActivityManagerService.handleAppDiedLocked(ActivityManagerService.java:5241)
12-04 10:48:25.389   718  5934 W ActivityManager: 	at com.android.server.am.ActivityManagerService.appDiedLocked(ActivityManagerService.java:5431)
12-04 10:48:25.389   718  5934 W ActivityManager: 	at com.android.server.am.ActivityManagerService$AppDeathRecipient.binderDied(ActivityManagerService.java:1643)
12-04 10:48:25.389   718  5934 W ActivityManager: 	at android.os.BinderProxy.sendDeathNotice(Binder.java:828)
12-04 10:48:25.399   718  5934 I ActivityManager: Killing 16907:com.android.webview:sandboxed_process0/u0a59i2 (adj 903): isolated not needed
12-04 10:48:25.474   718  1584 I ActivityManager: Process com.android.settings (pid 2610) has died: cch+1CAC 
12-04 10:48:25.495   718  1001 I ActivityManager: Process org.xbet.client1 (pid 17332) has died: cch  CAC 
12-04 10:48:25.501   718   795 W ActivityManager: setHasOverlayUi called on unknown pid: 16267
12-04 10:48:25.501   718   781 W Looper  : Dispatch took 363ms on android.ui, h=Handler (com.android.server.am.ActivityManagerService$UiHandler) {3ed5e22} cb=null msg=53
12-04 10:48:25.505   718   795 W ActivityManager: setHasOverlayUi called on unknown pid: 17332
12-04 10:48:25.505   718   795 W ActivityManager: setHasOverlayUi called on unknown pid: 2610
12-04 10:49:31.444   718   784 E BatteryStatsService: no controller energy info supplied
12-04 10:49:31.444   718   784 E BatteryStatsService: no controller energy info supplied
12-04 10:49:31.630   718   784 E BatteryStatsService: modem info is invalid: ModemActivityInfo{ mTimestamp=0 mSleepTimeMs=0 mIdleTimeMs=0 mTxTimeMs[]=[0, 0, 0, 0, 0] mRxTimeMs=0 mEnergyUsed=0}
12-04 10:51:30.746   718  4017 D CountryDetector: No listener is left
12-04 10:51:30.749   718  7672 I ActivityManager: Process android.process.acore (pid 1659) has died: cch  CEM 
12-04 10:51:31.157   718   965 I ActivityManager: Process android.process.media (pid 1632) has died: svcb SVC 
12-04 10:51:31.158   718   965 I ActivityManager: Killing 3290:com.cyanogenmod.eleven:main/u0a13 (adj 500): depends on provider com.android.providers.media/.MediaProvider in dying proc android.process.media (adj 800)
12-04 10:51:31.179   718  1584 I WindowManager: WIN DEATH: Window{e9369f0 u0 org.telegram.messenger/org.telegram.ui.LaunchActivity}
12-04 10:51:31.189   718  5967 I WindowManager: WIN DEATH: Window{c90916d u0 org.lineageos.trebuchet/com.android.launcher3.Launcher}
12-04 10:51:31.356   718  6230 I ActivityManager: Process org.telegram.messenger (pid 1968) has died: prev SVC 
12-04 10:51:31.368   718  6230 W ActivityManager: Scheduling restart of crashed service org.telegram.messenger/.NotificationsService in 1000ms
12-04 10:51:31.372   718  9615 I ActivityManager: Process org.lineageos.trebuchet (pid 1506) has died: home HOME
12-04 10:51:31.379   718   795 W ActivityManager: setHasOverlayUi called on unknown pid: 1968
12-04 10:51:31.389   718  9747 W ActivityManager: Scheduling restart of crashed service com.cyanogenmod.eleven/.MusicPlaybackService in 10968ms
12-04 10:51:31.403   718   781 W Looper  : Dispatch took 243ms on android.ui, h=Handler (com.android.server.am.ActivityManagerService$UiHandler) {3ed5e22} cb=null msg=53
12-04 10:51:31.409   718   795 W ActivityManager: setHasOverlayUi called on unknown pid: 1506
12-04 10:51:32.462   718   780 I ActivityManager: Start proc 18001:org.telegram.messenger/u0a60 for service org.telegram.messenger/.NotificationsService
12-04 10:51:35.064   718  5113 I ActivityManager: Start proc 18046:android.process.acore/u0a0 for content provider com.android.providers.contacts/.ContactsProvider2
12-04 10:52:11.202   718   784 E BatteryStatsService: no controller energy info supplied
12-04 10:52:11.202   718   784 E BatteryStatsService: no controller energy info supplied
12-04 10:52:11.294   718   784 E BatteryStatsService: modem info is invalid: ModemActivityInfo{ mTimestamp=0 mSleepTimeMs=0 mIdleTimeMs=0 mTxTimeMs[]=[0, 0, 0, 0, 0] mRxTimeMs=0 mEnergyUsed=0}
12-04 10:52:39.239   718  5934 I ActivityManager: Process android.process.acore (pid 18046) has died: cch  CEM 
12-04 10:52:39.320   718  1002 I ActivityManager: Process org.telegram.messenger (pid 18001) has died: svc  SVC 
12-04 10:52:39.321   718  1002 W ActivityManager: Scheduling restart of crashed service org.telegram.messenger/.NotificationsService in 1000ms
12-04 10:52:40.396   718   780 I ActivityManager: Start proc 18153:org.telegram.messenger/u0a60 for service org.telegram.messenger/.NotificationsService
12-04 10:52:42.276   718  7968 I ActivityManager: Start proc 18196:android.process.acore/u0a0 for content provider com.android.providers.contacts/.ContactsProvider2
12-04 10:53:27.317   718   860 I ActivityManager: Start proc 18275:com.cyanogenmod.eleven:main/u0a13 for service com.cyanogenmod.eleven/.MusicPlaybackService
12-04 10:53:28.886   718   750 I ActivityManager: Start proc 18300:android.process.media/u0a9 for content provider com.android.providers.media/.MediaProvider
12-04 10:53:29.346   718  9284 I ActivityManager: Process android.process.acore (pid 18196) has died: cch  CEM 
12-04 10:53:29.368   718  9944 I ActivityManager: Process org.telegram.messenger (pid 18153) has died: svc  SVC 
12-04 10:53:29.370   718  9944 W ActivityManager: Scheduling restart of crashed service org.telegram.messenger/.NotificationsService in 4000ms
12-04 10:53:33.406   718   780 I ActivityManager: Start proc 18333:org.telegram.messenger/u0a60 for service org.telegram.messenger/.NotificationsService
12-04 10:53:34.597   718  5833 I ActivityManager: Start proc 18379:android.process.acore/u0a0 for content provider com.android.providers.contacts/.ContactsProvider2
12-04 10:53:34.597   718  5833 W ActivityManager: Slow operation: 60ms so far, now at getContentProviderImpl: after start process
12-04 10:53:34.597   718  5833 W ActivityManager: Slow operation: 60ms so far, now at getContentProviderImpl: updating data structures
12-04 10:53:34.597   718  5833 W ActivityManager: Slow operation: 60ms so far, now at getContentProviderImpl: done!
12-04 10:54:55.469   718  1002 I ActivityManager: Process com.cyanogenmod.eleven:main (pid 18275) has died: cch+4CEM 
12-04 10:54:55.505   718  7672 I ActivityManager: Process android.process.media (pid 18300) has died: cch+2CEM 
12-04 10:54:55.538   718  8033 I ActivityManager: Process android.process.acore (pid 18379) has died: cch  CEM 
12-04 10:54:59.534   718   866 I PowerManagerService: Going to sleep due to power button (uid 1000)...
12-04 10:55:00.255   718   805 I DisplayPowerController: Blocking screen off
12-04 10:55:00.299   718   805 I DreamManagerService: Entering dreamland.
12-04 10:55:00.300   718   805 I PowerManagerService: Dozing...
12-04 10:55:00.305   718   793 I DreamController: Starting dream: name=ComponentInfo{com.android.systemui/com.android.systemui.doze.DozeService}, isTest=false, canDoze=true, userId=0
12-04 10:55:00.330   718   805 I DisplayPowerController: Unblocked screen off after 75 ms
12-04 10:55:00.477   718   795 I DisplayManagerService: Display device changed state: "Встроенный экран", OFF
12-04 10:55:53.054   718   784 E BatteryStatsService: no controller energy info supplied
12-04 10:56:05.154   718   784 I chatty  : uid=1000(system) batterystats-sy identical 2 lines
12-04 10:56:05.155   718   784 E BatteryStatsService: no controller energy info supplied
12-04 10:56:08.116   718   784 E BatteryStatsService: modem info is invalid: ModemActivityInfo{ mTimestamp=0 mSleepTimeMs=0 mIdleTimeMs=0 mTxTimeMs[]=[0, 0, 0, 0, 0] mRxTimeMs=0 mEnergyUsed=0}
12-04 10:56:36.073   718   784 E BatteryStatsService: no controller energy info supplied
12-04 10:56:36.287   718   784 E BatteryStatsService: no controller energy info supplied
12-04 10:57:01.365   718   866 I PowerManagerService: Waking up from dozing (uid 1000)...
12-04 10:57:01.440   718   805 I DisplayPowerController: Blocking screen on until initial contents have been drawn.
12-04 10:57:01.443   718   795 I DisplayManagerService: Display device changed state: "Встроенный экран", ON
12-04 10:57:01.585   718   805 I DisplayPowerController: Unblocked screen on after 145 ms
12-04 10:57:01.848   718   805 W PowerManagerService: Screen on took 511 ms
12-04 10:57:01.849   718   805 I DreamManagerService: Gently waking up from dream.
12-04 10:57:01.849   718   793 I DreamManagerService: Performing gentle wake from dream.
12-04 10:57:01.891   718  8033 I DreamManagerService: Leaving dreamland.
12-04 10:57:01.893   718   793 I DreamManagerService: Performing gentle wake from dream.
12-04 10:57:01.894   718   793 I DreamController: Stopping dream: name=ComponentInfo{com.android.systemui/com.android.systemui.doze.DozeService}, isTest=false, canDoze=true, userId=0
12-04 10:57:03.784   718   865 I ActivityManager: START u0 {act=android.intent.action.MAIN cat=[android.intent.category.HOME] flg=0x10200000 cmp=org.lineageos.trebuchet/com.android.launcher3.Launcher (has extras)} from uid 1000
12-04 10:57:04.089   718   865 I ActivityManager: Start proc 19212:org.lineageos.trebuchet/u0a27 for activity org.lineageos.trebuchet/com.android.launcher3.Launcher
12-04 10:57:04.093   718  7968 I ActivityManager: Process org.telegram.messenger (pid 18333) has died: svc  SVC 
12-04 10:57:04.093   718  7968 W ActivityManager: Scheduling restart of crashed service org.telegram.messenger/.NotificationsService in 1000ms
12-04 10:57:04.105   718   781 W Looper  : Dispatch took 147ms on android.ui, h=Handler (com.android.server.am.ActivityManagerService$UiHandler) {3ed5e22} cb=null msg=53
12-04 10:57:05.123   718   780 I ActivityManager: Start proc 19230:org.telegram.messenger/u0a60 for service org.telegram.messenger/.NotificationsService
12-04 10:57:06.608   718  5833 I ActivityManager: Start proc 19279:android.process.acore/u0a0 for content provider com.android.providers.contacts/.ContactsProvider2
12-04 10:57:06.608   718  5833 W ActivityManager: Slow operation: 77ms so far, now at getContentProviderImpl: after start process
12-04 10:57:06.608   718  5833 W ActivityManager: Slow operation: 77ms so far, now at getContentProviderImpl: updating data structures
12-04 10:57:06.608   718  5833 W ActivityManager: Slow operation: 77ms so far, now at getContentProviderImpl: done!
12-04 10:57:06.904   718  9747 I ActivityManager: Start proc 19300:com.android.deskclock/u0a41 for service com.android.deskclock/com.android.alarmclock.DigitalAppWidgetCityService
12-04 10:57:09.878   718  9878 I ActivityManager: START u0 {act=android.intent.action.MAIN cat=[android.intent.category.LAUNCHER] flg=0x10200000 cmp=org.lineageos.jelly/.MainActivity bnds=[152,148][291,359]} from uid 10027
12-04 10:57:10.918   718   865 I ActivityManager: START u0 {act=android.intent.action.MAIN cat=[android.intent.category.HOME] flg=0x10200000 cmp=org.lineageos.trebuchet/com.android.launcher3.Launcher (has extras)} from uid 1000
12-04 10:57:12.672   718  9878 I ActivityManager: START u0 {act=android.intent.action.MAIN cat=[android.intent.category.LAUNCHER] flg=0x10200000 cmp=org.xbet.client1/.presentation.activity.StartActivity bnds=[14,148][152,359]} from uid 10027
12-04 10:57:12.825   718  9615 I ActivityManager: Start proc 19362:org.xbet.client1/u0a61 for activity org.xbet.client1/.presentation.activity.AppActivity
12-04 10:57:15.130   718   965 W ActivityManager: Unable to start service Intent { act=com.google.android.gms.analytics.service.START cmp=com.google.android.gms/.analytics.service.AnalyticsService (has extras) } U=0: not found
12-04 10:58:48.078   718   805 I PowerManagerService: Going to sleep due to screen timeout (uid 1000)...
12-04 10:58:48.655   718   805 I DisplayPowerController: Blocking screen off
12-04 10:58:48.676   718   805 I DreamManagerService: Entering dreamland.
12-04 10:58:48.677   718   805 I PowerManagerService: Dozing...
12-04 10:58:48.682   718   793 I DreamController: Starting dream: name=ComponentInfo{com.android.systemui/com.android.systemui.doze.DozeService}, isTest=false, canDoze=true, userId=0
12-04 10:58:48.733   718   805 I DisplayPowerController: Unblocked screen off after 78 ms
12-04 10:58:48.965   718   795 I DisplayManagerService: Display device changed state: "Встроенный экран", OFF
12-04 10:59:23.165   718   784 E BatteryStatsService: no controller energy info supplied
12-04 11:01:33.256   718   784 I chatty  : uid=1000(system) batterystats-sy identical 6 lines
12-04 11:01:38.368   718   784 E BatteryStatsService: no controller energy info supplied
12-04 11:03:21.223   718   784 E BatteryStatsService: no controller energy info supplied
12-04 11:03:49.193   718   866 I PowerManagerService: Waking up from dozing (uid 1000)...
12-04 11:03:49.267   718   805 I DisplayPowerController: Blocking screen on until initial contents have been drawn.
12-04 11:03:49.270   718   795 I DisplayManagerService: Display device changed state: "Встроенный экран", ON
12-04 11:03:49.386   718   805 I DisplayPowerController: Unblocked screen on after 120 ms
12-04 11:03:49.672   718   805 W PowerManagerService: Screen on took 633 ms
12-04 11:03:49.672   718   805 I DreamManagerService: Gently waking up from dream.
12-04 11:03:49.673   718   793 I DreamManagerService: Performing gentle wake from dream.
12-04 11:03:49.681   718  9747 I DreamManagerService: Leaving dreamland.
12-04 11:03:49.683   718   793 I DreamManagerService: Performing gentle wake from dream.
