--------- beginning of system
02-24 06:57:52.302   206   206 I vold    : Vold 3.0 (the awakening) firing up
02-24 06:57:52.303   206   206 V vold    : Detected support for: exfat ext4 f2fs ntfs vfat
02-24 06:57:52.310   206   206 I vold    : [libfs_mgr]fs_mgr_read_fstab_dt(): failed to read fstab from dt
02-24 06:57:52.311   206   206 E vold    : [libfs_mgr]Warning: unknown flag zramstreams=4
02-24 06:57:52.313   206   211 D vold    : e4crypt_init_user0
02-24 06:57:52.313   206   211 D vold    : e4crypt_prepare_user_storage for volume null, user 0, serial 0, flags 1
02-24 06:57:52.313   206   211 D vold    : Preparing: /data/system/users/0
02-24 06:57:52.314   206   211 D vold    : Preparing: /data/misc/profiles/cur/0
02-24 06:57:52.314   206   211 D vold    : Preparing: /data/system_de/0
02-24 06:57:52.315   206   211 D vold    : Preparing: /data/misc_de/0
02-24 06:57:52.316   206   211 D vold    : Preparing: /data/user_de/0
02-24 06:57:52.316   206   211 D vold    : e4crypt_unlock_user_key 0 serial=0 token_present=0
02-24 06:57:52.378   206   209 V vold    : /system/bin/sgdisk
02-24 06:57:52.378   206   209 V vold    :     --android-dump
02-24 06:57:52.378   206   209 V vold    :     /dev/block/vold/disk:179,64
02-24 06:57:52.507   206   209 V vold    : DISK mbr
02-24 06:57:52.507   206   209 V vold    : 
02-24 06:57:52.507   206   209 V vold    : PART 1 c
02-24 06:57:52.507   206   209 V vold    : 
02-24 06:57:54.573   206   209 D vold    : Disk at 7:0 changed
02-24 06:57:54.591   206   209 I chatty  : uid=0(root) /system/bin/vold identical 1 line
02-24 06:57:54.700   206   209 D vold    : Disk at 7:0 changed
02-24 06:57:57.337   288   288 I android.hardware.wifi@1.0-service: Wifi Hal is starting up...
02-24 06:57:58.041   342   342 I irsc_util: irsc tool created:0xb2922000
02-24 06:57:58.041   342   342 I irsc_util: Starting irsc tool
02-24 06:57:58.041   342   342 I irsc_util: Trying to open sec config file
02-24 06:57:58.068   342   342 I irsc_util: file_parser Number of element :0
02-24 06:57:58.068   342   342 I irsc_util: file_parser Invalid Format or Comment - '/* IPC Security Config */
02-24 06:57:58.068   342   342 I irsc_util: '
02-24 06:57:58.068   342   342 I irsc_util: file_parser Number of element :0
02-24 06:57:58.068   342   342 I irsc_util: file_parser Invalid Format or Comment - '/* <GPS QMI Service ID - 16>:<GPS QMI Instance ID - all instances>:<Client Group ID> */
02-24 06:57:58.068   342   342 I irsc_util: '
02-24 06:57:58.068   342   342 I irsc_util: file_parser Number of element :4
02-24 06:57:58.068   342   342 I irsc_util: file_parser Number of element :0
02-24 06:57:58.068   342   342 I irsc_util: file_parser Invalid Format or Comment - '/* Allow SS CTL service to be used by system and net_raw processes */
02-24 06:57:58.068   342   342 I irsc_util: '
02-24 06:57:58.068   342   342 I irsc_util: file_parser Number of element :4
02-24 06:57:58.068   342   342 I irsc_util: file_parser Number of element :0
02-24 06:57:58.068   342   342 I irsc_util: file_parser Invalid Format or Comment - '/* Allow Sensor services to be used by sensor process */
02-24 06:57:58.068   342   342 I irsc_util: '
02-24 06:57:58.068   342   342 I irsc_util: file_parser Number of element :3
02-24 06:57:58.079   342   342 I chatty  : uid=0(root) /vendor/bin/irsc_util identical 254 lines
02-24 06:57:58.079   342   342 I irsc_util: file_parser Number of element :3
02-24 06:57:58.084   342   342 I irsc_util: file_parser Number of element :0
02-24 06:57:58.084   342   342 I irsc_util: file_parser Invalid Format or Comment - '/* Allow RCS service to aquire net_raw permission */
02-24 06:57:58.084   342   342 I irsc_util: '
02-24 06:57:58.084   342   342 I irsc_util: file_parser Number of element :4
02-24 06:57:58.084   342   342 I irsc_util: file_parser Number of element :0
02-24 06:57:58.084   342   342 I irsc_util: file_parser Invalid Format or Comment - '/* Allow QMID service to aquire net_raw permission */
02-24 06:57:58.084   342   342 I irsc_util: '
02-24 06:57:58.084   342   342 I irsc_util: file_parser Number of element :4
02-24 06:57:58.084   342   342 I chatty  : uid=0(root) /vendor/bin/irsc_util identical 4 lines
02-24 06:57:58.084   342   342 I irsc_util: file_parser Number of element :4
02-24 06:57:58.085   342   342 I irsc_util: file_parser Number of element :0
02-24 06:57:58.085   342   342 I irsc_util: file_parser Invalid Format or Comment - '/* IPC Security Config */
02-24 06:57:58.085   342   342 I irsc_util: '
02-24 06:57:58.085   342   342 I irsc_util: file_parser Number of element :0
02-24 06:57:58.085   342   342 I irsc_util: file_parser Invalid Format or Comment - '/* <GPS QMI Service ID - 16>:<GPS QMI Instance ID - all instances>:<Client Group ID> */
02-24 06:57:58.085   342   342 I irsc_util: '
02-24 06:57:58.085   342   342 I irsc_util: file_parser Number of element :4
02-24 06:57:58.085   342   342 I irsc_util: file_parser Number of element :0
02-24 06:57:58.085   342   342 I irsc_util: file_parser Invalid Format or Comment - '/* Allow SS CTL service to be used by system and net_raw processes */
02-24 06:57:58.085   342   342 I irsc_util: '
02-24 06:57:58.085   342   342 I irsc_util: file_parser Number of element :4
02-24 06:57:58.085   342   342 I irsc_util: file_parser Number of element :0
02-24 06:57:58.085   342   342 I irsc_util: file_parser Invalid Format or Comment - '/* Allow Sensor services to be used by sensor process */
02-24 06:57:58.085   342   342 I irsc_util: '
02-24 06:57:58.085   342   342 I irsc_util: file_parser Number of element :3
02-24 06:57:58.093   342   342 I chatty  : uid=0(root) /vendor/bin/irsc_util identical 254 lines
02-24 06:57:58.093   342   342 I irsc_util: file_parser Number of element :3
02-24 06:57:58.093   342   342 I irsc_util: file_parser Number of element :0
02-24 06:57:58.093   342   342 I irsc_util: file_parser Invalid Format or Comment - '/* Allow RCS service to aquire net_raw permission */
02-24 06:57:58.093   342   342 I irsc_util: '
02-24 06:57:58.093   342   342 I irsc_util: file_parser Number of element :4
02-24 06:57:58.093   342   342 I irsc_util: file_parser Number of element :0
02-24 06:57:58.093   342   342 I irsc_util: file_parser Invalid Format or Comment - '/* Allow QMID service to aquire net_raw permission */
02-24 06:57:58.093   342   342 I irsc_util: '
02-24 06:57:58.093   342   342 I irsc_util: file_parser Number of element :4
02-24 06:57:58.093   342   342 I chatty  : uid=0(root) /vendor/bin/irsc_util identical 4 lines
02-24 06:57:58.093   342   342 I irsc_util: file_parser Number of element :4
02-24 06:57:58.093   342   342 I irsc_util: Feed the sec config info to the router
02-24 06:57:58.094   342   342 I irsc_util: Num of entries:265
02-24 06:57:58.680   409   409 I installd: installd firing up
02-24 06:57:59.176   429   429 I wificond: wificond is starting up...
02-24 06:58:00.235   427   484 I /system/bin/storaged: storaged: Start
02-24 06:58:04.417   718   718 I SystemServer: InitBeforeStartServices
02-24 06:58:04.417   718   718 I SystemServer: Entered the Android system server!
02-24 06:58:04.919   718   718 I SystemServer: StartServices
02-24 06:58:04.920   718   718 I SystemServer: Reading configuration...
02-24 06:58:04.920   718   718 I SystemServer: ReadingSystemConfig
02-24 06:58:04.921   718   718 I SystemServer: StartInstaller
02-24 06:58:04.924   718   718 I SystemServiceManager: Starting com.android.server.pm.Installer
02-24 06:58:04.955   718   718 I SystemServer: DeviceIdentifiersPolicyService
02-24 06:58:04.955   718   718 I SystemServiceManager: Starting com.android.server.os.DeviceIdentifiersPolicyService
02-24 06:58:04.962   718   718 I SystemServer: StartActivityManager
02-24 06:58:04.963   718   718 I SystemServiceManager: Starting com.android.server.am.ActivityManagerService$Lifecycle
02-24 06:58:05.030   718   718 I ActivityManager: Memory class: 96
02-24 06:58:05.109   718   718 D BatteryStatsImpl: Reading daily items from /data/system/batterystats-daily.xml
02-24 06:58:05.342   718   718 I IntentFirewall: Read new rules (A:0 B:0 S:0)
02-24 06:58:05.716   718   718 D AppOps  : AppOpsService published
02-24 06:58:05.716   718   718 W SystemServiceManager: Service com.android.server.am.ActivityManagerService$Lifecycle took 359 ms in onStart
02-24 06:58:05.717   718   718 I SystemServer: StartPowerManager
02-24 06:58:05.717   718   718 I SystemServiceManager: Starting com.android.server.power.PowerManagerService
02-24 06:58:05.762   718   718 I SystemServer: InitPowerManagement
02-24 06:58:05.764   718   718 I SystemServer: StartRecoverySystemService
02-24 06:58:05.764   718   718 I SystemServiceManager: Starting com.android.server.RecoverySystemService
02-24 06:58:05.769   718   718 W RescueParty: Noticed 1 events for UID 0 in last 23 sec
02-24 06:58:05.769   718   718 I SystemServer: StartLightsService
02-24 06:58:05.769   718   718 I SystemServiceManager: Starting com.android.server.lights.LightsService
02-24 06:58:05.770   718   718 I SystemServer: StartDisplayManager
02-24 06:58:05.770   718   718 I SystemServiceManager: Starting com.android.server.display.DisplayManagerService
02-24 06:58:05.790   718   718 I SystemServer: WaitForDisplay
02-24 06:58:05.790   718   718 I SystemServiceManager: Starting phase 100
02-24 06:58:05.793   718   795 I DisplayManagerService: Display device added: DisplayDeviceInfo{"Встроенный экран": uniqueId="local:0", 720 x 1280, modeId 1, defaultModeId 1, supportedModes [{id=1, width=720, height=1280, fps=60.0}], colorMode 0, supportedColorModes [0], HdrCapabilities android.view.Display$HdrCapabilities@1d6308, density 300, 309.966 x 312.615 dpi, appVsyncOff 7500000, presDeadline 12666667, touch INTERNAL, rotation 0, type BUILT_IN, state UNKNOWN, FLAG_DEFAULT_DISPLAY, FLAG_ROTATES_WITH_CONTENT, FLAG_SECURE, FLAG_SUPPORTS_PROTECTED_BUFFERS}
02-24 06:58:05.818   718   804 W ProcessCpuTracker: Skipping unknown process pid 803
02-24 06:58:05.854   718   795 I DisplayManagerService: Display device changed state: "Встроенный экран", ON
02-24 06:58:05.855   718   718 W SystemServiceManager: Service com.android.server.display.DisplayManagerService took 65 ms in onBootPhase
02-24 06:58:05.855   718   718 I SystemServer: StartPackageManagerService
02-24 06:58:05.906   718   718 D SELinuxMMAC: Using policy file /system/etc/selinux/plat_mac_permissions.xml
02-24 06:58:05.912   718   718 D SELinuxMMAC: Using policy file /vendor/etc/selinux/nonplat_mac_permissions.xml
02-24 06:58:06.132   718   718 I PackageManager: Upgrading from Mon Dec  4 00:11:32 UTC 2017 to Mon Dec  4 01:18:50 UTC 2017
02-24 06:58:06.498   718   826 W PackageParser: No actions in intent filter at /system/priv-app/Contacts/Contacts.apk Binary XML file line #443
02-24 06:58:07.109   718   827 W PackageParser: Ignoring duplicate uses-permissions/uses-permissions-sdk-m: android.permission.INSTALL_GRANT_RUNTIME_PERMISSIONS in package: com.android.shell at: Binary XML file line #105
02-24 06:58:07.357   718   827 W PackageParser: Ignoring duplicate uses-permissions/uses-permissions-sdk-m: android.permission.CONFIGURE_WIFI_DISPLAY in package: com.android.systemui at: Binary XML file line #125
02-24 06:58:07.643   718   834 W PackageParser: Ignoring duplicate uses-permissions/uses-permissions-sdk-m: android.permission.READ_CONTACTS in package: com.android.bluetooth at: Binary XML file line #61
02-24 06:58:07.647   718   834 W PackageParser: No actions in intent filter at /system/app/Bluetooth/Bluetooth.apk Binary XML file line #218
02-24 06:58:07.759   718   833 W PackageParser: No actions in intent filter at /system/app/CarrierDefaultApp/CarrierDefaultApp.apk Binary XML file line #49
02-24 06:58:07.961   718   836 W PackageParser: Ignoring duplicate uses-permissions/uses-permissions-sdk-m: android.permission.WRITE_CONTACTS in package: com.android.email at: Binary XML file line #40
02-24 06:58:08.591   718   838 W PackageParser: Unknown element under <manifest>: meta-data at /data/app/org.telegram.messenger-aA4xUINIRMlRPqLw3ATdAQ==/base.apk Binary XML file line #115
02-24 06:58:08.631   718   839 W PackageParser: Ignoring duplicate uses-permissions/uses-permissions-sdk-m: org.xbet.client.permission.READ_LOGIN in package: org.xbet.client1 at: Binary XML file line #13
02-24 06:58:08.632   718   839 W PackageParser: Ignoring duplicate uses-permissions/uses-permissions-sdk-m: android.permission.VIBRATE in package: org.xbet.client1 at: Binary XML file line #25
02-24 06:58:08.632   718   839 W PackageParser: Ignoring duplicate uses-permissions/uses-permissions-sdk-m: android.permission.SYSTEM_ALERT_WINDOW in package: org.xbet.client1 at: Binary XML file line #31
02-24 06:58:08.632   718   839 W PackageParser: Ignoring duplicate uses-permissions/uses-permissions-sdk-m: android.permission.ACCESS_ALL_DOWNLOADS in package: org.xbet.client1 at: Binary XML file line #32
02-24 06:58:08.805   718   718 I PackageManager: Time to scan packages: 2.674 seconds
02-24 06:58:08.817   718   718 V PackageManager: reconcileAppsData for null u0 0x3 migrateAppData=true
02-24 06:58:08.821   718   718 W PackageManager: Destroying /data/user_de/0/magisk.db due to: com.android.server.pm.PackageManagerException: Package magisk.db is unknown
02-24 06:58:08.826   718   718 W PackageManager: Failed to destroy: com.android.server.pm.Installer$InstallerException: android.os.ServiceSpecificException: Failed to delete /data/user_de/0/magisk.db (code 20)
02-24 06:58:09.144   718   718 V PackageManager: reconcileAppsData finished 20 packages
02-24 06:58:09.147   718   718 V PackageManager: Disabling com.google.android.gsf/com.google.android.gsf.update.SystemUpdateActivity
02-24 06:58:09.148   718   718 W PackageManager: Unable to disable com.google.android.gsf/com.google.android.gsf.update.SystemUpdateActivity
02-24 06:58:09.148   718   718 V PackageManager: Disabling com.google.android.gsf/com.google.android.gsf.update.SystemUpdateService$Receiver
02-24 06:58:09.148   718   718 W PackageManager: Unable to disable com.google.android.gsf/com.google.android.gsf.update.SystemUpdateService$Receiver
02-24 06:58:09.148   718   718 V PackageManager: Disabling com.google.android.gsf/com.google.android.gsf.update.SystemUpdateService$SecretCodeReceiver
02-24 06:58:09.149   718   718 W PackageManager: Unable to disable com.google.android.gsf/com.google.android.gsf.update.SystemUpdateService$SecretCodeReceiver
02-24 06:58:09.149   718   718 V PackageManager: Disabling com.google.android.gsf/com.google.android.gsf.update.SystemUpdateServiceReceiver
02-24 06:58:09.149   718   718 W PackageManager: Unable to disable com.google.android.gsf/com.google.android.gsf.update.SystemUpdateServiceReceiver
02-24 06:58:09.150   718   718 V PackageManager: Disabling com.google.android.gms/com.google.android.gms.update.SystemUpdateActivity
02-24 06:58:09.150   718   718 W PackageManager: Unable to disable com.google.android.gms/com.google.android.gms.update.SystemUpdateActivity
02-24 06:58:09.150   718   718 V PackageManager: Disabling com.google.android.gms/com.google.android.gms.update.SystemUpdateService$Receiver
02-24 06:58:09.150   718   718 W PackageManager: Unable to disable com.google.android.gms/com.google.android.gms.update.SystemUpdateService$Receiver
02-24 06:58:09.150   718   718 V PackageManager: Disabling com.google.android.gms/com.google.android.gms.update.SystemUpdateService$ActiveReceiver
02-24 06:58:09.150   718   718 W PackageManager: Unable to disable com.google.android.gms/com.google.android.gms.update.SystemUpdateService$ActiveReceiver
02-24 06:58:09.150   718   718 V PackageManager: Disabling com.google.android.gms/com.google.android.gms.update.SystemUpdateService$SecretCodeReceiver
02-24 06:58:09.150   718   718 W PackageManager: Unable to disable com.google.android.gms/com.google.android.gms.update.SystemUpdateService$SecretCodeReceiver
02-24 06:58:09.150   718   718 V PackageManager: Disabling com.google.android.gms/com.google.android.gms.update.SystemUpdateServiceReceiver
02-24 06:58:09.150   718   718 W PackageManager: Unable to disable com.google.android.gms/com.google.android.gms.update.SystemUpdateServiceReceiver
02-24 06:58:09.150   718   718 V PackageManager: Enabling com.google.android.gsf/com.google.android.gsf.update.SystemUpdateService
02-24 06:58:09.151   718   718 W PackageManager: Unable to enable com.google.android.gsf/com.google.android.gsf.update.SystemUpdateService
02-24 06:58:09.151   718   718 V PackageManager: Enabling com.google.android.gms/com.google.android.gms.update.SystemUpdateService
02-24 06:58:09.151   718   718 W PackageManager: Unable to enable com.google.android.gms/com.google.android.gms.update.SystemUpdateService
02-24 06:58:09.151   718   718 I PackageManager: Build fingerprint changed; clearing code caches
02-24 06:58:10.412   718   718 I SystemServer: StartOtaDexOptService
02-24 06:58:11.112   718   718 I OTADexopt: Moved 0/4
02-24 06:58:11.113   718   718 I SystemServer: StartUserManagerService
02-24 06:58:11.115   718   718 I SystemServiceManager: Starting com.android.server.pm.UserManagerService$LifeCycle
02-24 06:58:11.117   718   718 I SystemServer: InitAttributerCache
02-24 06:58:11.117   718   718 I SystemServer: SetSystemProcess
02-24 06:58:11.136   718   718 I SystemServer: StartOverlayManagerService
02-24 06:58:11.142   718   718 I SystemServer: StartDropBoxManager
02-24 06:58:11.143   718   718 I SystemServiceManager: Starting com.android.server.DropBoxManagerService
02-24 06:58:11.149   718   718 I SystemServer: StartBatteryService
02-24 06:58:11.150   718   718 I SystemServiceManager: Starting com.android.server.BatteryService
02-24 06:58:11.191   718   750 W BatteryService: updateLightsLocked: mLineageBatteryLights is not yet ready; skipping
02-24 06:58:11.195   718   718 I SystemServer: StartUsageService
02-24 06:58:11.196   718   718 I SystemServiceManager: Starting com.android.server.usage.UsageStatsService
02-24 06:58:11.202   718   784 E BatteryStatsService: no controller energy info supplied
02-24 06:58:11.205   718   784 E KernelUidCpuFreqTimeReader: Failed to read /proc/uid_time_in_state: java.io.FileNotFoundException: /proc/uid_time_in_state (No such file or directory)
02-24 06:58:11.212   718   784 W KernelMemoryBandwidthStats: No kernel memory bandwidth stats available
02-24 06:58:11.212   718   784 I BatteryStatsImpl: Resetting battery stats: level=99 status=4 dischargeLevel=99 lowAmount=0 highAmount=1
02-24 06:58:11.227   718   784 E KernelUidCpuFreqTimeReader: Failed to read /proc/uid_time_in_state: java.io.FileNotFoundException: /proc/uid_time_in_state (No such file or directory)
02-24 06:58:11.262   718   752 W BatteryService: updateLightsLocked: mLineageBatteryLights is not yet ready; skipping
02-24 06:58:11.289   718   718 W SystemServiceManager: Service com.android.server.usage.UsageStatsService took 92 ms in onStart
02-24 06:58:11.290   718   718 I SystemServer: StartWebViewUpdateService
02-24 06:58:11.290   718   718 I SystemServiceManager: Starting com.android.server.webkit.WebViewUpdateService
02-24 06:58:11.306   718   774 I SystemServer: SecondaryZygotePreload
02-24 06:58:11.306   718   718 I SystemServer: StartKeyAttestationApplicationIdProviderService
02-24 06:58:11.307   718   718 I SystemServer: StartKeyChainSystemService
02-24 06:58:11.307   718   718 I SystemServiceManager: Starting com.android.server.security.KeyChainSystemService
02-24 06:58:11.308   718   718 I SystemServer: StartSchedulingPolicyService
02-24 06:58:11.310   718   718 I SystemServer: StartTelecomLoaderService
02-24 06:58:11.311   718   718 I SystemServiceManager: Starting com.android.server.telecom.TelecomLoaderService
02-24 06:58:11.311   718   718 I SystemServer: StartTelephonyRegistry
02-24 06:58:11.317   718   718 I SystemServer: StartEntropyMixer
02-24 06:58:11.320   718   718 I EntropyMixer: Writing entropy...
02-24 06:58:11.329   718   774 E SystemServer: Unable to preload default resources
02-24 06:58:11.506   718   718 I SystemServer: Camera Service Proxy
02-24 06:58:11.507   718   718 I SystemServer: StartCameraServiceProxy
02-24 06:58:11.508   718   718 I SystemServiceManager: Starting com.android.server.camera.CameraServiceProxy
02-24 06:58:11.514   718   718 I SystemServer: StartAccountManagerService
02-24 06:58:11.515   718   718 I SystemServiceManager: Starting com.android.server.accounts.AccountManagerService$Lifecycle
02-24 06:58:11.533   718   718 I SystemServer: StartContentService
02-24 06:58:11.534   718   718 I SystemServiceManager: Starting com.android.server.content.ContentService$Lifecycle
02-24 06:58:11.546   718   718 I SystemServer: InstallSystemProviders
02-24 06:58:11.713   718   718 I SystemServer: StartVibratorService
02-24 06:58:11.736   718   718 I SystemServer: StartConsumerIrService
02-24 06:58:11.741   718   718 I SystemServer: StartAlarmManagerService
02-24 06:58:11.742   718   718 I SystemServiceManager: Starting com.android.server.AlarmManagerService
02-24 06:58:11.752   718   718 I SystemServer: InitWatchdog
02-24 06:58:11.752   718   718 I SystemServer: StartInputManagerService
02-24 06:58:11.753   718   718 I InputManager: Initializing input manager, mUseDevInputEventForAudioJack=true
02-24 06:58:11.757   718   718 I SystemServer: StartWindowManagerService
02-24 06:58:11.854   718   843 I PackageManager: Deferred reconcileAppsData finished 69 packages
02-24 06:58:12.328   718   795 I WindowManager: No existing display settings /data/system/display_settings.xml; starting empty
02-24 06:58:12.641   718   781 W WindowManager: Could not instantiate device key handler /system/priv-app/LineageParts/LineageParts.apk from class org.lineageos.lineageparts.gestures.KeyHandler
02-24 06:58:12.641   718   781 W WindowManager: java.lang.ClassNotFoundException: Didn't find class "org.lineageos.lineageparts.gestures.KeyHandler" on path: DexPathList[[zip file "/system/priv-app/LineageParts/LineageParts.apk"],nativeLibraryDirectories=[/system/lib, /system/vendor/lib]]
02-24 06:58:12.641   718   781 W WindowManager: 	at dalvik.system.BaseDexClassLoader.findClass(BaseDexClassLoader.java:93)
02-24 06:58:12.641   718   781 W WindowManager: 	at java.lang.ClassLoader.loadClass(ClassLoader.java:379)
02-24 06:58:12.641   718   781 W WindowManager: 	at java.lang.ClassLoader.loadClass(ClassLoader.java:312)
02-24 06:58:12.641   718   781 W WindowManager: 	at com.android.server.policy.PhoneWindowManager.init(PhoneWindowManager.java:2153)
02-24 06:58:12.641   718   781 W WindowManager: 	at com.android.server.wm.WindowManagerService$3.run(WindowManagerService.java:992)
02-24 06:58:12.641   718   781 W WindowManager: 	at android.os.Handler$BlockingRunnable.run(Handler.java:809)
02-24 06:58:12.641   718   781 W WindowManager: 	at android.os.Handler.handleCallback(Handler.java:789)
02-24 06:58:12.641   718   781 W WindowManager: 	at android.os.Handler.dispatchMessage(Handler.java:98)
02-24 06:58:12.641   718   781 W WindowManager: 	at android.os.Looper.loop(Looper.java:164)
02-24 06:58:12.641   718   781 W WindowManager: 	at android.os.HandlerThread.run(HandlerThread.java:65)
02-24 06:58:12.641   718   781 W WindowManager: 	at com.android.server.ServiceThread.run(ServiceThread.java:46)
02-24 06:58:12.641   718   781 W WindowManager: 	at com.android.server.UiThread.run(UiThread.java:42)
02-24 06:58:12.641   718   781 W Looper  : Dispatch took 272ms on android.ui, h=Handler (android.os.Handler) {a9145ea} cb=android.os.Handler$BlockingRunnable@2440db msg=0
02-24 06:58:12.647   718   718 I SystemServer: StartVrManagerService
02-24 06:58:12.647   718   852 I SystemServer: StartHidlServices
02-24 06:58:12.648   718   718 I SystemServiceManager: Starting com.android.server.vr.VrManagerService
02-24 06:58:12.655   718   718 I SystemServer: SetWindowManagerService
02-24 06:58:12.662   718   718 I SystemServer: StartInputManager
02-24 06:58:12.662   718   718 I InputManager: Starting input manager
02-24 06:58:12.666   718   718 I SystemServer: DisplayManagerWindowManagerAndInputReady
02-24 06:58:12.667   718   718 I SystemServer: StartBluetoothService
02-24 06:58:12.667   718   718 I SystemServiceManager: Starting com.android.server.BluetoothService
02-24 06:58:12.672   718   718 D BluetoothManagerService: Loading stored name and address
02-24 06:58:12.672   718   718 D BluetoothManagerService: Stored bluetooth Name=ZTE V5 RedBull,Address=00:00:00:00:5A:AD
02-24 06:58:12.673   718   718 D BluetoothManagerService: Bluetooth persisted state: 1
02-24 06:58:12.673   718   718 D BluetoothManagerService: Startup: Bluetooth persisted state is ON.
02-24 06:58:12.674   718   718 I SystemServer: IpConnectivityMetrics
02-24 06:58:12.674   718   718 I SystemServiceManager: Starting com.android.server.connectivity.IpConnectivityMetrics
02-24 06:58:12.676   718   718 I SystemServer: PinnerService
02-24 06:58:12.676   718   718 I SystemServiceManager: Starting com.android.server.PinnerService
02-24 06:58:12.680   718   718 I SystemServer: StartInputMethodManagerLifecycle
02-24 06:58:12.680   718   718 I SystemServiceManager: Starting com.android.server.InputMethodManagerService$Lifecycle
02-24 06:58:12.694   718   718 I SystemServer: StartAccessibilityManagerService
02-24 06:58:12.702   718   718 I SystemServer: MakeDisplayReady
02-24 06:58:12.706   718   718 I ActivityManager: Config changes=5df8 {1.0 ?mcc?mnc [ru_RU] ldltr sw453dp w453dp h806dp 254dpi nrml long port ?uimode ?night -touch -keyb/v/h -nav/h appBounds=Rect(0, 0 - 720, 1280) s.2}
02-24 06:58:12.717   718   718 I ActivityManager: Override config changes=40007dfc {1.0 ?mcc?mnc [ru_RU] ldltr sw453dp w453dp h806dp 254dpi nrml long port ?uimode ?night -touch -keyb/v/h -nav/h appBounds=Rect(0, 0 - 720, 1280) s.2} for displayId=0
02-24 06:58:12.724   718   779 I UsageStatsService: User[0] Rollover scheduled @ 1970-02-25 06:58:12(4766292707)
02-24 06:58:12.724   718   779 D UsageStatsService: Initializing defaults for system apps on user 0
02-24 06:58:12.751   718   718 I ActivityManager: Config changes=400 {1.0 ?mcc?mnc [ru_RU] ldltr sw453dp w453dp h782dp 254dpi nrml long port ?uimode ?night -touch -keyb/v/h -nav/h appBounds=Rect(0, 0 - 720, 1280) s.3}
02-24 06:58:12.760   718   718 I ActivityManager: Override config changes=400 {1.0 ?mcc?mnc [ru_RU] ldltr sw453dp w453dp h782dp 254dpi nrml long port ?uimode ?night -touch -keyb/v/h -nav/h appBounds=Rect(0, 0 - 720, 1280) s.3} for displayId=0
02-24 06:58:12.769   718   718 I SystemServer: StartStorageManagerService
02-24 06:58:12.770   718   718 I SystemServiceManager: Starting com.android.server.StorageManagerService$Lifecycle
02-24 06:58:12.820   718   718 I SystemServer: StartStorageStatsService
02-24 06:58:12.820   718   867 D StorageManagerService: Thinking about init, mSystemReady=false, mDaemonConnected=true
02-24 06:58:12.821   718   718 I SystemServiceManager: Starting com.android.server.usage.StorageStatsService$Lifecycle
02-24 06:58:12.821   718   867 D StorageManagerService: Thinking about reset, mSystemReady=false, mDaemonConnected=true
02-24 06:58:12.821   718   867 D StorageManagerService: Thinking about init, mSystemReady=false, mDaemonConnected=true
02-24 06:58:12.821   718   867 D StorageManagerService: Thinking about reset, mSystemReady=false, mDaemonConnected=true
02-24 06:58:12.822   718   867 D CryptdConnector: SND -> {1 cryptfs getfield SystemLocale}
02-24 06:58:12.829   718   869 D CryptdConnector: RCV <- {200 1 -1}
02-24 06:58:12.835   718   867 W StorageManagerService: No primary storage mounted!
02-24 06:58:12.835   718   867 D VoldConnector: SND -> {1 asec list}
02-24 06:58:12.836   718   718 I SystemServer: StartUiModeManager
02-24 06:58:12.836   718   718 I SystemServiceManager: Starting com.android.server.UiModeManagerService
02-24 06:58:12.839   718   868 D VoldConnector: RCV <- {200 1 asec operation succeeded}
02-24 06:58:12.853   718   718 I SystemServer: UpdatePackagesIfNeeded
02-24 06:58:12.853   718   774 I ActivityManager: Config changes=200 {1.0 ?mcc?mnc [ru_RU] ldltr sw453dp w453dp h782dp 254dpi nrml long port -touch -keyb/v/h -nav/h appBounds=Rect(0, 0 - 720, 1280) s.4}
02-24 06:58:13.312   718   774 I ActivityManager: Override config changes=200 {1.0 ?mcc?mnc [ru_RU] ldltr sw453dp w453dp h782dp 254dpi nrml long port -touch -keyb/v/h -nav/h appBounds=Rect(0, 0 - 720, 1280) s.4} for displayId=0
02-24 06:58:13.318   718   867 W StorageManagerService: No primary storage mounted!
02-24 06:58:13.318   718   867 D VoldConnector: SND -> {2 asec list}
02-24 06:58:13.323   718   868 D VoldConnector: RCV <- {200 2 asec operation succeeded}
02-24 06:58:13.326   718   865 I ActivityManager: Config changes=8 {1.0 ?mcc?mnc [ru_RU] ldltr sw453dp w453dp h782dp 254dpi nrml long port finger -keyb/v/h -nav/h appBounds=Rect(0, 0 - 720, 1280) s.5}
02-24 06:58:13.353   718   865 I ActivityManager: Override config changes=8 {1.0 ?mcc?mnc [ru_RU] ldltr sw453dp w453dp h782dp 254dpi nrml long port finger -keyb/v/h -nav/h appBounds=Rect(0, 0 - 720, 1280) s.5} for displayId=0
02-24 06:58:14.312   718   718 I SystemServer: PerformFstrimIfNeeded
02-24 06:58:14.313   718   718 I SystemServer: StartLockSettingsService
02-24 06:58:14.314   718   718 I SystemServiceManager: Starting com.android.server.LockSettingsService$Lifecycle
02-24 06:58:14.360   718   718 I SystemServer: StartDeviceIdleController
02-24 06:58:14.361   718   718 I SystemServiceManager: Starting com.android.server.DeviceIdleController
02-24 06:58:14.366   718   718 I SystemServer: StartDevicePolicyManager
02-24 06:58:14.366   718   718 I SystemServiceManager: Starting com.android.server.devicepolicy.DevicePolicyManagerService$Lifecycle
02-24 06:58:14.382   718   718 I SystemServer: StartStatusBarManagerService
02-24 06:58:14.386   718   718 I SystemServer: StartClipboardService
02-24 06:58:14.386   718   718 I SystemServiceManager: Starting com.android.server.clipboard.ClipboardService
02-24 06:58:14.390   718   718 I SystemServer: StartNetworkManagementService
02-24 06:58:14.398   718   874 I NetworkManagement: onDaemonConnected()
02-24 06:58:14.408   718   718 I SystemServer: StartTextServicesManager
02-24 06:58:14.409   718   718 I SystemServiceManager: Starting com.android.server.TextServicesManagerService$Lifecycle
02-24 06:58:14.422   718   718 I SystemServer: StartNetworkScoreService
02-24 06:58:14.429   718   718 I SystemServer: StartNetworkStatsService
02-24 06:58:14.436   718   718 I SystemServer: StartNetworkPolicyManagerService
02-24 06:58:14.450   718   718 I SystemServer: StartWifi
02-24 06:58:14.456   718   718 I SystemServiceManager: Starting com.android.server.wifi.WifiService
02-24 06:58:14.686   718   718 I SystemServer: StartWifiScanning
02-24 06:58:14.687   718   718 I SystemServiceManager: Starting com.android.server.wifi.scanner.WifiScanningService
02-24 06:58:14.693   718   718 I SystemServer: StartWifiRtt
02-24 06:58:14.693   718   718 I SystemServiceManager: Starting com.android.server.wifi.RttService
02-24 06:58:14.697   718   718 I SystemServer: No Wi-Fi Aware Service (Aware support Not Present)
02-24 06:58:14.697   718   718 I SystemServer: StartWifiP2P
02-24 06:58:14.697   718   718 I SystemServiceManager: Starting com.android.server.wifi.p2p.WifiP2pService
02-24 06:58:14.710   718   718 I SystemServer: StartEthernet
02-24 06:58:14.710   718   718 I SystemServiceManager: Starting com.android.server.ethernet.EthernetService
02-24 06:58:14.715   718   718 I SystemServer: StartConnectivityService
02-24 06:58:14.726   718   718 D ConnectivityService: ConnectivityService starting up
02-24 06:58:14.730   718   718 D ConnectivityService: wifiOnly=false
02-24 06:58:14.777   718   718 I SystemServer: StartNsdService
02-24 06:58:14.782   718   718 D NsdService: Network service discovery enabled true
02-24 06:58:14.786   718   718 I SystemServer: StartUpdateLockService
02-24 06:58:14.788   718   718 I SystemServer: WaitForAsecScan
02-24 06:58:14.788   718   718 I SystemServer: StartNotificationManager
02-24 06:58:14.790   718   718 I SystemServiceManager: Starting com.android.server.notification.NotificationManagerService
02-24 06:58:14.823   718   718 D ConditionProviders.SCP: new ScheduleConditionProvider()
02-24 06:58:14.964   718   718 W SystemServiceManager: Service com.android.server.notification.NotificationManagerService took 169 ms in onStart
02-24 06:58:14.966   718   718 I SystemServer: StartDeviceMonitor
02-24 06:58:14.967   718   718 I SystemServiceManager: Starting com.android.server.storage.DeviceStorageMonitorService
02-24 06:58:14.969   718   718 I SystemServer: StartLocationManagerService
02-24 06:58:14.973   718   718 I SystemServer: StartCountryDetectorService
02-24 06:58:14.975   718   718 I SystemServer: StartSearchManagerService
02-24 06:58:14.975   718   718 I SystemServiceManager: Starting com.android.server.search.SearchManagerService$Lifecycle
02-24 06:58:14.980   718   718 I SystemServer: StartWallpaperManagerService
02-24 06:58:14.980   718   718 I SystemServiceManager: Starting com.android.server.wallpaper.WallpaperManagerService$Lifecycle
02-24 06:58:14.984   718   718 I WallpaperManagerService: No static wallpaper imagery; defaults will be shown
02-24 06:58:14.988   718   718 I SystemServer: StartAudioService
02-24 06:58:14.988   718   718 I SystemServiceManager: Starting com.android.server.audio.AudioService$Lifecycle
02-24 06:58:15.100   718   718 I SystemServer: StartDockObserver
02-24 06:58:15.101   718   718 I SystemServiceManager: Starting com.android.server.DockObserver
02-24 06:58:15.101   718   718 W DockObserver: This kernel does not have dock station support
02-24 06:58:15.105   718   718 I SystemServer: StartWiredAccessoryManager
02-24 06:58:15.107   718   718 W WiredAccessoryManager: This kernel does not have usb audio support
02-24 06:58:15.107   718   718 W WiredAccessoryManager: This kernel does not have HDMI audio support
02-24 06:58:15.107   718   718 I SystemServer: StartMidiManager
02-24 06:58:15.107   718   718 I SystemServiceManager: Starting com.android.server.midi.MidiService$Lifecycle
02-24 06:58:15.111   718   718 I SystemServer: StartUsbService
02-24 06:58:15.111   718   718 I SystemServiceManager: Starting com.android.server.usb.UsbService$Lifecycle
02-24 06:58:15.143   718   863 I UsbPortManager: Usb hal service started android.hardware.usb@1.0::IUsb default
02-24 06:58:15.155   718   718 I SystemServer: StartSerialService
02-24 06:58:15.157   718   718 I SystemServer: StartHardwarePropertiesManagerService
02-24 06:58:15.172   718   718 I SystemServer: StartTwilightService
02-24 06:58:15.172   718   718 I SystemServiceManager: Starting com.android.server.twilight.TwilightService
02-24 06:58:15.173   718   718 I SystemServer: StartJobScheduler
02-24 06:58:15.173   718   718 I SystemServiceManager: Starting com.android.server.job.JobSchedulerService
02-24 06:58:15.179   718   718 D JobStore: Start tag: job-info
02-24 06:58:15.182   718   718 W JobStore: Periodic job for uid='10062' persisted run-time is too big [418787:19:27, 418795:19:27]. Clamping to [8:00:32,16:00:32]
02-24 06:58:15.183   718   718 W JobStore: Periodic job for uid='1000' persisted run-time is too big [418803:06:02, 418804:18:02]. Clamping to [24:00:32,25:12:32]
02-24 06:58:15.190   718   718 D ConnectivityService: requestNetwork for uid/pid:1000/718 NetworkRequest [ TRACK_DEFAULT id=3, [ Capabilities: INTERNET&NOT_RESTRICTED&TRUSTED&NOT_VPN] ]
02-24 06:58:15.198   718   718 I SystemServer: StartSoundTrigger
02-24 06:58:15.199   718   718 I SystemServiceManager: Starting com.android.server.soundtrigger.SoundTriggerService
02-24 06:58:15.201   718   718 I SystemServer: StartTrustManager
02-24 06:58:15.201   718   718 I SystemServiceManager: Starting com.android.server.trust.TrustManagerService
02-24 06:58:15.204   718   718 I SystemServer: StartBackupManager
02-24 06:58:15.204   718   718 I SystemServiceManager: Starting com.android.server.backup.BackupManagerService$Lifecycle
02-24 06:58:15.207   718   718 I SystemServer: StartAppWidgerService
02-24 06:58:15.208   718   718 I SystemServiceManager: Starting com.android.server.appwidget.AppWidgetService
02-24 06:58:15.247   718   718 I SystemServer: StartVoiceRecognitionManager
02-24 06:58:15.248   718   718 I SystemServiceManager: Starting com.android.server.voiceinteraction.VoiceInteractionManagerService
02-24 06:58:15.252   718   718 I SystemServer: StartGestureLauncher
02-24 06:58:15.252   718   718 I SystemServiceManager: Starting com.android.server.GestureLauncherService
02-24 06:58:15.253   718   718 I SystemServer: StartSensorNotification
02-24 06:58:15.253   718   718 I SystemServiceManager: Starting com.android.server.SensorNotificationService
02-24 06:58:15.253   718   718 I SystemServer: StartContextHubSystemService
02-24 06:58:15.253   718   718 I SystemServiceManager: Starting com.android.server.ContextHubSystemService
02-24 06:58:15.258   718   718 I SystemServer: StartDiskStatsService
02-24 06:58:15.262   718   718 I SystemServer: StartSamplingProfilerService
02-24 06:58:15.328   718   718 I SystemServer: StartNetworkTimeUpdateService
02-24 06:58:15.331   718   718 I SystemServer: StartCommonTimeManagementService
02-24 06:58:15.335   718   718 I SystemServer: CertBlacklister
02-24 06:58:15.337   718   718 I SystemServer: StartEmergencyAffordanceService
02-24 06:58:15.337   718   718 I SystemServiceManager: Starting com.android.server.emergency.EmergencyAffordanceService
02-24 06:58:15.337   718   718 I SystemServer: StartDreamManager
02-24 06:58:15.338   718   718 I SystemServiceManager: Starting com.android.server.dreams.DreamManagerService
02-24 06:58:15.341   718   718 I SystemServer: AddGraphicsStatsService
02-24 06:58:15.360   718   718 I SystemServer: StartPrintManager
02-24 06:58:15.360   718   718 I SystemServiceManager: Starting com.android.server.print.PrintManagerService
02-24 06:58:15.365   718   718 I SystemServer: StartCompanionDeviceManager
02-24 06:58:15.366   718   718 I SystemServiceManager: Starting com.android.server.companion.CompanionDeviceManagerService
02-24 06:58:15.370   718   718 I SystemServer: StartRestrictionManager
02-24 06:58:15.371   718   718 I SystemServiceManager: Starting com.android.server.restrictions.RestrictionsManagerService
02-24 06:58:15.373   718   718 I SystemServer: StartMediaSessionService
02-24 06:58:15.374   718   718 I SystemServiceManager: Starting com.android.server.media.MediaSessionService
02-24 06:58:15.379   718   718 I SystemServer: StartMediaResourceMonitor
02-24 06:58:15.380   718   718 I SystemServiceManager: Starting com.android.server.media.MediaResourceMonitorService
02-24 06:58:15.381   718   718 I SystemServer: StartMediaRouterService
02-24 06:58:15.384   718   718 I SystemServer: StartBackgroundDexOptService
02-24 06:58:15.386   718   718 I SystemServer: StartPruneInstantAppsJobService
02-24 06:58:15.387   718   718 I SystemServer: StartShortcutServiceLifecycle
02-24 06:58:15.387   718   718 I SystemServiceManager: Starting com.android.server.pm.ShortcutService$Lifecycle
02-24 06:58:15.395   718   718 I SystemServer: StartLauncherAppsService
02-24 06:58:15.395   718   718 I SystemServiceManager: Starting com.android.server.pm.LauncherAppsService
02-24 06:58:15.398   718   718 I SystemServer: StartMediaProjectionManager
02-24 06:58:15.398   718   718 I SystemServiceManager: Starting com.android.server.media.projection.MediaProjectionManagerService
02-24 06:58:15.715   718   718 I SystemServer: StartJitCompilation
02-24 06:58:15.716   718   718 I SystemServer: StartMmsService
02-24 06:58:15.716   718   718 I SystemServiceManager: Starting com.android.server.MmsServiceBroker
02-24 06:58:15.723   718   718 I SystemServer: StartRetailDemoModeService
02-24 06:58:15.725   718   718 I SystemServiceManager: Starting com.android.server.retaildemo.RetailDemoModeService
02-24 06:58:15.731   718   718 I SystemServer: StartAutoFillService
02-24 06:58:15.732   718   718 I SystemServiceManager: Starting com.android.server.autofill.AutofillManagerService
02-24 06:58:15.734   718   718 I AutofillManagerService: Setting debug to false
02-24 06:58:15.739   718   718 I LineageSystemServer: Attempting to start service org.lineageos.platform.internal.LineageStatusBarManagerService
02-24 06:58:15.747   718   718 I LineageSystemServer: Starting service org.lineageos.platform.internal.LineageStatusBarManagerService
02-24 06:58:15.748   718   718 I SystemServiceManager: Starting org.lineageos.platform.internal.LineageStatusBarManagerService
02-24 06:58:15.750   718   718 I LineageSystemServer: Attempting to start service org.lineageos.platform.internal.ProfileManagerService
02-24 06:58:15.761   718   718 I LineageSystemServer: Starting service org.lineageos.platform.internal.ProfileManagerService
02-24 06:58:15.763   718   718 I SystemServiceManager: Starting org.lineageos.platform.internal.ProfileManagerService
02-24 06:58:15.786   718   718 I LineageSystemServer: Attempting to start service org.lineageos.platform.internal.LineageTelephonyManagerService
02-24 06:58:15.788   718   718 I LineageSystemServer: Starting service org.lineageos.platform.internal.LineageTelephonyManagerService
02-24 06:58:15.789   718   718 I SystemServiceManager: Starting org.lineageos.platform.internal.LineageTelephonyManagerService
02-24 06:58:15.790   718   718 I LineageSystemServer: Attempting to start service org.lineageos.platform.internal.LineageHardwareService
02-24 06:58:15.799   718   718 I LineageSystemServer: Starting service org.lineageos.platform.internal.LineageHardwareService
02-24 06:58:15.799   718   718 I SystemServiceManager: Starting org.lineageos.platform.internal.LineageHardwareService
02-24 06:58:15.801   718   718 I LineageSystemServer: Attempting to start service org.lineageos.platform.internal.PerformanceManagerService
02-24 06:58:15.808   718   718 I LineageSystemServer: Starting service org.lineageos.platform.internal.PerformanceManagerService
02-24 06:58:15.808   718   718 I SystemServiceManager: Starting org.lineageos.platform.internal.PerformanceManagerService
02-24 06:58:15.814   718   718 I LineageSystemServer: Attempting to start service org.lineageos.platform.internal.WeatherManagerServiceBroker
02-24 06:58:15.817   718   718 I LineageSystemServer: Starting service org.lineageos.platform.internal.WeatherManagerServiceBroker
02-24 06:58:15.817   718   718 I SystemServiceManager: Starting org.lineageos.platform.internal.WeatherManagerServiceBroker
02-24 06:58:15.819   718   718 I LineageSystemServer: Attempting to start service org.lineageos.platform.internal.display.LiveDisplayService
02-24 06:58:15.832   718   718 I LineageSystemServer: Starting service org.lineageos.platform.internal.display.LiveDisplayService
02-24 06:58:15.832   718   718 I SystemServiceManager: Starting org.lineageos.platform.internal.display.LiveDisplayService
02-24 06:58:15.837   718   718 I LineageSystemServer: Attempting to start service org.lineageos.platform.internal.LineageAudioServiceBroker
02-24 06:58:15.839   718   718 I LineageSystemServer: Starting service org.lineageos.platform.internal.LineageAudioServiceBroker
02-24 06:58:15.839   718   718 I SystemServiceManager: Starting org.lineageos.platform.internal.LineageAudioServiceBroker
02-24 06:58:15.839   718   718 I SystemServer: MakeVibratorServiceReady
02-24 06:58:15.842   718   718 I SystemServer: MakeLockSettingsServiceReady
02-24 06:58:15.884   718   718 E LockSettingsStorage: Cannot read file java.io.FileNotFoundException: /data/system/gatekeeper.password.key: open failed: ENOENT (No such file or directory)
02-24 06:58:15.886   718   718 E LockSettingsStorage: Cannot read file java.io.FileNotFoundException: /data/system/password.key: open failed: ENOENT (No such file or directory)
02-24 06:58:15.887   718   718 E LockSettingsStorage: Cannot read file java.io.FileNotFoundException: /data/system/gatekeeper.pattern.key: open failed: ENOENT (No such file or directory)
02-24 06:58:15.888   718   718 E LockSettingsStorage: Cannot read file java.io.FileNotFoundException: /data/system/gatekeeper.gesture.key: open failed: ENOENT (No such file or directory)
02-24 06:58:15.889   718   718 E LockSettingsStorage: Cannot read file java.io.FileNotFoundException: /data/system/gesture.key: open failed: ENOENT (No such file or directory)
02-24 06:58:15.889   718   718 I SystemServer: StartBootPhaseLockSettingsReady
02-24 06:58:15.889   718   718 I SystemServiceManager: Starting phase 480
02-24 06:58:15.896   718   718 I DevicePolicyManager: Set ro.device_owner property to false
02-24 06:58:15.901   718   718 W ShortcutService: Clock rewound
02-24 06:58:15.901   718   718 I SystemServer: StartBootPhaseSystemServicesReady
02-24 06:58:15.901   718   718 I SystemServiceManager: Starting phase 500
02-24 06:58:15.904   718   718 W UsageStatsService: Missing procfs interface: /proc/uid_procstat/set
02-24 06:58:15.913   718   718 I VrManagerService: No default vr listener service found.
02-24 06:58:15.921   718   718 I WifiService: WifiService starting up with Wi-Fi enabled
02-24 06:58:15.937   718   718 D WifiService: setWifiEnabled: true pid=718, uid=1000, package=android
02-24 06:58:15.951   718   884 D ConnectivityService: Got NetworkFactory Messenger for Ethernet
02-24 06:58:15.970   718   718 W SoundTriggerHelper: listModules status=0, # of modules=0
02-24 06:58:15.974   718   718 I SystemServer: MakeWindowManagerServiceReady
02-24 06:58:15.984   718   718 I SystemServer: MakePowerManagerServiceReady
02-24 06:58:16.004   718   718 I SystemServer: MakePackageManagerServiceReady
02-24 06:58:16.012   718   718 W VoiceInteractionManagerService: no available voice interaction services found for user 0
02-24 06:58:16.012   718   718 W VoiceInteractionManagerService: no available voice recognition services found for user 0
02-24 06:58:16.014   718   805 E KernelUidCpuFreqTimeReader: Failed to read /proc/uid_time_in_state: java.io.FileNotFoundException: /proc/uid_time_in_state (No such file or directory)
02-24 06:58:16.016   718   805 W KeyguardServiceDelegate: onScreenTurningOn(): no keyguard service!
02-24 06:58:16.036   718   718 V UserDataPreparer: Found /data/user_de/0 with serial number 0
02-24 06:58:16.037   718   718 V UserDataPreparer: Found /data/user/0 with serial number 0
02-24 06:58:16.037   718   718 V UserDataPreparer: Found /data/system_de/0 with serial number 0
02-24 06:58:16.037   718   718 V UserDataPreparer: Found /data/system_ce/0 with serial number 0
02-24 06:58:16.037   718   718 V UserDataPreparer: Found /data/misc_ce/0 with serial number 0
02-24 06:58:16.038   718   718 I SystemServer: MakeDisplayManagerServiceReady
02-24 06:58:16.045   718   718 I ActivityManager: System now ready
02-24 06:58:16.052   718   718 I ActivityManager: Config changes=104 {1.0 ?mcc?mnc [ru_RU,en_US] ldltr sw453dp w453dp h782dp 254dpi nrml long port finger -keyb/v/h -nav/h appBounds=Rect(0, 0 - 720, 1280) s.6}
02-24 06:58:16.052   718   752 W BatteryService: updateLightsLocked: mLineageBatteryLights is not yet ready; skipping
02-24 06:58:16.104   718   718 I ActivityManager: Override config changes=104 {1.0 ?mcc?mnc [ru_RU,en_US] ldltr sw453dp w453dp h782dp 254dpi nrml long port finger -keyb/v/h -nav/h appBounds=Rect(0, 0 - 720, 1280) s.6} for displayId=0
02-24 06:58:16.146   718   718 I SystemServer: Making services ready
02-24 06:58:16.147   718   718 I SystemServer: StartActivityManagerReadyPhase
02-24 06:58:16.147   718   718 I SystemServiceManager: Starting phase 550
02-24 06:58:16.149   718   718 W BatteryService: updateLightsLocked: mLineageBatteryLights is not yet ready; skipping
02-24 06:58:16.150   718   795 I ActivityManager: Config changes=100 {1.0 ?mcc?mnc [ru_RU,en_US] ldltr sw453dp w453dp h782dp 254dpi nrml long port finger -keyb/v/h -nav/h appBounds=Rect(0, 0 - 720, 1280) s.7}
02-24 06:58:16.157   718   795 I ActivityManager: Override config changes=100 {1.0 ?mcc?mnc [ru_RU,en_US] ldltr sw453dp w453dp h782dp 254dpi nrml long port finger -keyb/v/h -nav/h appBounds=Rect(0, 0 - 720, 1280) s.7} for displayId=0
02-24 06:58:16.163   718   795 I WindowManager: Screen frozen for +57ms due to new-config
02-24 06:58:16.180   718   718 D BluetoothManagerService: Bluetooth boot completed
02-24 06:58:16.180   718   718 D BluetoothManagerService: Auto-enabling Bluetooth.
02-24 06:58:16.181   718   794 D BluetoothManagerService: MESSAGE_ENABLE(0): mBluetooth = null
02-24 06:58:16.225   718   794 I ActivityManager: Start proc 913:com.android.bluetooth/1002 for service com.android.bluetooth/.btservice.AdapterService
02-24 06:58:16.441   718   718 I ActivityManager: Start proc 926:com.android.inputmethod.latin/u0a52 for service com.android.inputmethod.latin/.LatinIME
02-24 06:58:16.445   718   718 W SystemServiceManager: Service com.android.server.InputMethodManagerService$Lifecycle took 264 ms in onBootPhase
02-24 06:58:16.445   718   867 D StorageManagerService: Thinking about init, mSystemReady=true, mDaemonConnected=true
02-24 06:58:16.445   718   867 D StorageManagerService: Setting up emulation state, initlocked=false
02-24 06:58:16.446   718   867 D CryptdConnector: SND -> {2 cryptfs unlock_user_key 0 0 ! !}
02-24 06:58:16.449   718   718 W WallpaperManagerService: Invalid wallpaper data
02-24 06:58:16.449   718   718 E WallpaperManagerService: Unable to apply new wallpaper
02-24 06:58:16.450   718   718 V WallpaperManagerService: bindWallpaperComponentLocked: componentName=null
02-24 06:58:16.450   718   718 V WallpaperManagerService: No default component; using image wallpaper
02-24 06:58:16.456   206   211 D vold    : e4crypt_unlock_user_key 0 serial=0 token_present=0
02-24 06:58:16.458   718   869 D CryptdConnector: RCV <- {200 2 Command succeeded}
02-24 06:58:16.459   718   867 D StorageManagerService: Thinking about reset, mSystemReady=true, mDaemonConnected=true
02-24 06:58:16.460   718   867 D VoldConnector: SND -> {3 volume reset}
