12-04 11:03:49.683   718   793 I DreamController: Stopping dream: name=ComponentInfo{com.android.systemui/com.android.systemui.doze.DozeService}, isTest=false, canDoze=true, userId=0
12-04 11:03:50.703   718   866 I PowerManagerService: Going to sleep due to power button (uid 1000)...
12-04 11:03:51.073   718   784 E BatteryStatsService: no controller energy info supplied
12-04 11:03:51.186   718   805 I DisplayPowerController: Blocking screen off
12-04 11:03:51.191   718   805 I DisplayPowerController: Unblocked screen off after 5 ms
12-04 11:03:51.225   718   805 I DreamManagerService: Entering dreamland.
12-04 11:03:51.226   718   805 I PowerManagerService: Dozing...
12-04 11:03:51.226   718   795 I DisplayManagerService: Display device changed state: "Встроенный экран", OFF
12-04 11:03:51.227   718   793 I DreamController: Starting dream: name=ComponentInfo{com.android.systemui/com.android.systemui.doze.DozeService}, isTest=false, canDoze=true, userId=0
12-04 11:06:09.248   718   784 E BatteryStatsService: no controller energy info supplied
12-04 11:06:09.475   718   784 I chatty  : uid=1000(system) batterystats-sy identical 1 line
12-04 11:06:09.475   718   784 E BatteryStatsService: no controller energy info supplied
12-04 11:06:09.621   718   784 E BatteryStatsService: modem info is invalid: ModemActivityInfo{ mTimestamp=0 mSleepTimeMs=0 mIdleTimeMs=0 mTxTimeMs[]=[0, 0, 0, 0, 0] mRxTimeMs=0 mEnergyUsed=0}
12-04 11:06:51.417   718   784 E BatteryStatsService: no controller energy info supplied
12-04 11:07:34.775   718   784 I chatty  : uid=1000(system) batterystats-sy identical 2 lines
12-04 11:07:49.398   718   784 E BatteryStatsService: no controller energy info supplied
12-04 11:08:52.948   718   784 E BatteryStatsService: no controller energy info supplied
12-04 11:10:40.326   718   784 E BatteryStatsService: no controller energy info supplied
12-04 11:10:59.605   718   780 D BatteryStatsImpl: Reading cpu stats took 144 ms
12-04 11:11:54.212   718   805 I DisplayPowerController: Blocking screen on until initial contents have been drawn.
12-04 11:11:54.213   718   795 I DisplayManagerService: Display device changed state: "Встроенный экран", ON
12-04 11:11:54.306   718   805 I DisplayPowerController: Unblocked screen on after 94 ms
12-04 11:12:02.201   718   805 I DisplayPowerController: Blocking screen off
12-04 11:12:02.202   718   805 I DisplayPowerController: Unblocked screen off after 2 ms
12-04 11:12:02.231   718   795 I DisplayManagerService: Display device changed state: "Встроенный экран", OFF
12-04 11:12:30.192   718   805 I DisplayPowerController: Blocking screen on until initial contents have been drawn.
12-04 11:12:30.194   718   795 I DisplayManagerService: Display device changed state: "Встроенный экран", ON
12-04 11:12:30.289   718   805 I DisplayPowerController: Unblocked screen on after 97 ms
12-04 11:12:33.358   718   779 I UsageStatsService: User[0] Flushing usage stats to disk
12-04 11:12:36.945   718   890 D CountryDetector: The first listener is added
12-04 11:12:38.064   718   718 E NotificationService: Error creating vibration waveform with pattern: [0, 0]
12-04 11:12:44.153   718   805 I DisplayPowerController: Blocking screen off
12-04 11:12:44.157   718   805 I DisplayPowerController: Unblocked screen off after 4 ms
12-04 11:12:44.185   718   795 I DisplayManagerService: Display device changed state: "Встроенный экран", OFF
12-04 11:12:44.849   718   805 I DisplayPowerController: Blocking screen on until initial contents have been drawn.
12-04 11:12:44.856   718   795 I DisplayManagerService: Display device changed state: "Встроенный экран", ON
12-04 11:12:45.006   718   805 I DisplayPowerController: Unblocked screen on after 157 ms
12-04 11:12:52.796   718   805 I DisplayPowerController: Blocking screen off
12-04 11:12:52.796   718   805 I DisplayPowerController: Unblocked screen off after 1 ms
12-04 11:12:52.817   718   795 I DisplayManagerService: Display device changed state: "Встроенный экран", OFF
12-04 11:13:05.561   718   784 E BatteryStatsService: no controller energy info supplied
12-04 11:13:05.561   718   784 E BatteryStatsService: no controller energy info supplied
12-04 11:13:05.573   718   784 E BatteryStatsService: modem info is invalid: ModemActivityInfo{ mTimestamp=0 mSleepTimeMs=0 mIdleTimeMs=0 mTxTimeMs[]=[0, 0, 0, 0, 0] mRxTimeMs=0 mEnergyUsed=0}
12-04 11:14:11.623   718   784 E BatteryStatsService: no controller energy info supplied
12-04 11:14:11.642   718   784 E BatteryStatsService: no controller energy info supplied
12-04 11:14:27.600   718   805 I DisplayPowerController: Blocking screen on until initial contents have been drawn.
12-04 11:14:27.602   718   795 I DisplayManagerService: Display device changed state: "Встроенный экран", ON
12-04 11:14:27.701   718   805 I DisplayPowerController: Unblocked screen on after 101 ms
12-04 11:14:35.533   718   805 I DisplayPowerController: Blocking screen off
12-04 11:14:35.535   718   805 I DisplayPowerController: Unblocked screen off after 2 ms
12-04 11:14:35.573   718   795 I DisplayManagerService: Display device changed state: "Встроенный экран", OFF
12-04 11:15:50.236   718   784 E BatteryStatsService: no controller energy info supplied
12-04 11:16:51.368   718   784 I chatty  : uid=1000(system) batterystats-sy identical 3 lines
12-04 11:16:51.382   718   784 E BatteryStatsService: no controller energy info supplied
12-04 11:16:53.173   718   805 I DisplayPowerController: Blocking screen on until initial contents have been drawn.
12-04 11:16:53.175   718   795 I DisplayManagerService: Display device changed state: "Встроенный экран", ON
12-04 11:16:53.263   718   805 I DisplayPowerController: Unblocked screen on after 89 ms
12-04 11:17:07.142   718   805 I DisplayPowerController: Blocking screen off
12-04 11:17:07.144   718   805 I DisplayPowerController: Unblocked screen off after 2 ms
12-04 11:17:07.176   718   795 I DisplayManagerService: Display device changed state: "Встроенный экран", OFF
12-04 11:17:23.582   718   805 I DisplayPowerController: Blocking screen on until initial contents have been drawn.
12-04 11:17:23.583   718   795 I DisplayManagerService: Display device changed state: "Встроенный экран", ON
12-04 11:17:23.681   718   805 I DisplayPowerController: Unblocked screen on after 99 ms
12-04 11:17:31.638   718   805 I DisplayPowerController: Blocking screen off
12-04 11:17:31.639   718   805 I DisplayPowerController: Unblocked screen off after 1 ms
12-04 11:17:31.671   718   795 I DisplayManagerService: Display device changed state: "Встроенный экран", OFF
12-04 11:17:32.074   718   805 I DisplayPowerController: Blocking screen on until initial contents have been drawn.
12-04 11:17:32.119   718   795 I DisplayManagerService: Display device changed state: "Встроенный экран", ON
12-04 11:17:32.210   718   805 I DisplayPowerController: Unblocked screen on after 135 ms
12-04 11:17:40.071   718   805 I DisplayPowerController: Blocking screen off
12-04 11:17:40.072   718   805 I DisplayPowerController: Unblocked screen off after 1 ms
12-04 11:17:40.106   718   795 I DisplayManagerService: Display device changed state: "Встроенный экран", OFF
12-04 11:18:10.329   718   784 E BatteryStatsService: no controller energy info supplied
12-04 11:19:00.112   718   784 I chatty  : uid=1000(system) batterystats-sy identical 2 lines
12-04 11:19:55.011   718   784 E BatteryStatsService: no controller energy info supplied
12-04 11:19:59.069   718   718 E NotificationService: Error creating vibration waveform with pattern: [0, 0]
12-04 11:20:01.968   718   805 I DisplayPowerController: Blocking screen on until initial contents have been drawn.
12-04 11:20:01.976   718   795 I DisplayManagerService: Display device changed state: "Встроенный экран", ON
12-04 11:20:02.089   718   805 I DisplayPowerController: Unblocked screen on after 120 ms
12-04 11:20:02.153   718   884 D ConnectivityService: NetworkAgentInfo [WIFI () - 101] EVENT_NETWORK_INFO_CHANGED, going from CONNECTED to DISCONNECTED
12-04 11:20:02.154   718   884 D ConnectivityService: NetworkAgentInfo [WIFI () - 101] got DISCONNECTED, was satisfying 5
12-04 11:20:02.210   429   429 I wificond: Pno scan started
12-04 11:20:02.211   429   429 I wificond: Unregister interface event callback
12-04 11:20:02.436   718   884 D ConnectivityService: Sending DISCONNECTED broadcast for type 1 NetworkAgentInfo [WIFI () - 101] isDefaultNetwork=true
12-04 11:20:02.472   718   780 I ActivityManager: Start proc 23513:com.vkmp3modlite.android/u0a63 for broadcast com.vkmp3modlite.android/.NetworkStateReceiver
12-04 11:20:02.498   429   429 I wificond: Unsubscribe scan result for interface with index: 24
12-04 11:20:02.733   288   288 I android.hardware.wifi@1.0-service: Wifi HAL stopped
12-04 11:20:02.738   718   784 E BatteryStatsService: no controller energy info supplied
12-04 11:20:02.751   718   784 E BatteryStatsService: no controller energy info supplied
12-04 11:20:03.377   718  8100 I ActivityManager: Start proc 23534:com.android.webview:sandboxed_process0/u0i4 for webview_service com.vkmp3modlite.android/org.chromium.content.app.SandboxedProcessService0
12-04 11:20:09.984   718   805 I DisplayPowerController: Blocking screen off
12-04 11:20:09.986   718   805 I DisplayPowerController: Unblocked screen off after 1 ms
12-04 11:20:10.006   718   795 I DisplayManagerService: Display device changed state: "Встроенный экран", OFF
12-04 11:36:31.531   718   866 I PowerManagerService: Waking up from dozing (uid 1000)...
12-04 11:36:31.605   718   805 I DisplayPowerController: Blocking screen on until initial contents have been drawn.
12-04 11:36:31.608   718   795 I DisplayManagerService: Display device changed state: "Встроенный экран", ON
12-04 11:36:31.614   718   866 I WindowManager: Suppressed redundant power key press while already in the process of turning the screen on.
12-04 11:36:31.638   288   288 I android.hardware.wifi@1.0-service: Wifi HAL started
12-04 11:36:31.696   718   805 I DisplayPowerController: Unblocked screen on after 90 ms
12-04 11:36:32.011   718   805 W PowerManagerService: Screen on took 514 ms
12-04 11:36:32.011   718   805 I DreamManagerService: Gently waking up from dream.
12-04 11:36:32.012   718   793 I DreamManagerService: Performing gentle wake from dream.
12-04 11:36:32.035   718  7968 I DreamManagerService: Leaving dreamland.
12-04 11:36:32.036   718   793 I DreamManagerService: Performing gentle wake from dream.
12-04 11:36:32.036   718   793 I DreamController: Stopping dream: name=ComponentInfo{com.android.systemui/com.android.systemui.doze.DozeService}, isTest=false, canDoze=true, userId=0
12-04 11:36:32.489   429   429 I wificond: create scanner for interface with index: 26
12-04 11:36:32.489   429   429 I wificond: subscribe scan result for interface with index: 26
12-04 11:36:32.740   288   288 E android.hardware.wifi@1.0-service: Failed to get driver version: SUCCESS
12-04 11:36:32.742   288   288 E android.hardware.wifi@1.0-service: Failed to get driver version: SUCCESS
12-04 11:36:32.757   429   429 I wificond: New interface event callback registered
12-04 11:36:32.783   718   784 E BatteryStatsService: no controller energy info supplied
12-04 11:36:32.799   718   784 E BatteryStatsService: no controller energy info supplied
12-04 11:36:33.492   429   429 W wificond: Scan is not started. Ignore abort request
12-04 11:36:33.930   718   879 D ConnectivityService: registerNetworkAgent NetworkAgentInfo{ ni{[type: WIFI[], state: CONNECTING/CONNECTING, reason: (unspecified), extra: "Leila", failover: false, available: true, roaming: false, metered: false]}  network{102}  nethandle{438103100126}  lp{{LinkAddresses: []  Routes: [] DnsAddresses: [] Domains: null MTU: 0}}  nc{[ Transports: WIFI Capabilities: NOT_METERED&INTERNET&NOT_RESTRICTED&TRUSTED&NOT_VPN LinkUpBandwidth>=1048576Kbps LinkDnBandwidth>=1048576Kbps]}  Score{20}  everValidated{false}  lastValidated{false}  created{false} lingering{false} explicitlySelected{false} acceptUnvalidated{false} everCaptivePortalDetected{false} lastCaptivePortalDetected{false} }
12-04 11:36:33.932   718   884 D ConnectivityService: NetworkAgentInfo [WIFI () - 102] EVENT_NETWORK_INFO_CHANGED, going from null to CONNECTING
12-04 11:36:34.084   718   884 D ConnectivityService: NetworkAgentInfo [WIFI () - 102] EVENT_NETWORK_INFO_CHANGED, going from CONNECTING to CONNECTED
12-04 11:36:34.086   718   884 D ConnectivityService: Adding iface wlan0 to network 102
12-04 11:36:34.122   718   884 D ConnectivityService: Setting DNS servers for network 102 to [/192.168.1.1]
12-04 11:36:34.160   718   884 D ConnectivityService: Switching to new default network: NetworkAgentInfo{ ni{[type: WIFI[], state: CONNECTED/CONNECTED, reason: (unspecified), extra: "Leila", failover: false, available: true, roaming: false, metered: false]}  network{102}  nethandle{438103100126}  lp{{InterfaceName: wlan0 LinkAddresses: [fe80::9a6c:f5ff:fe58:991/64,192.168.1.102/24,]  Routes: [fe80::/64 -> :: wlan0,192.168.1.0/24 -> 0.0.0.0 wlan0,0.0.0.0/0 -> 192.168.1.1 wlan0,] DnsAddresses: [192.168.1.1,] Domains: null MTU: 0 TcpBufferSizes: 524288,1048576,2097152,262144,524288,1048576}}  nc{[ Transports: WIFI Capabilities: NOT_METERED&INTERNET&NOT_RESTRICTED&TRUSTED&NOT_VPN&FOREGROUND LinkUpBandwidth>=1048576Kbps LinkDnBandwidth>=1048576Kbps SignalStrength: -47]}  Score{20}  everValidated{false}  lastValidated{false}  created{true} lingering{false} explicitlySelected{false} acceptUnvalidated{false} everCaptivePortalDetected{false} lastCaptivePortalDetected{false} }
12-04 11:36:34.234   718   784 E BatteryStatsService: no controller energy info supplied
12-04 11:36:34.316   718   884 D ConnectivityService: Sending CONNECTED broadcast for type 1 NetworkAgentInfo [WIFI () - 102] isDefaultNetwork=true
12-04 11:36:34.351   718   884 D ConnectivityService: NetworkAgentInfo [WIFI () - 102] validation passed
12-04 11:36:34.442   718   784 E BatteryStatsService: no controller energy info supplied
12-04 11:36:39.440   718  9649 W ActivityManager: Unable to start service Intent { act=com.google.android.gms.analytics.service.START cmp=com.google.android.gms/.analytics.service.AnalyticsService (has extras) } U=0: not found
12-04 11:36:43.227   718  8232 I ActivityManager: START u0 {flg=0x4000000 cmp=org.xbet.client1/.presentation.activity.BetActivity (has extras)} from uid 10061
12-04 11:37:06.749   718  8033 I ActivityManager: Start proc 24596:com.android.webview:sandboxed_process0/u0i5 for webview_service org.xbet.client1/org.chromium.content.app.SandboxedProcessService0
12-04 11:37:09.328   718  9615 I ActivityManager: Process com.android.deskclock (pid 19300) has died: cch+4CEM 
12-04 11:37:09.401   718  9747 D CountryDetector: No listener is left
12-04 11:37:09.401   718  5934 I ActivityManager: Process android.process.acore (pid 19279) has died: cch+2CEM 
12-04 11:37:09.456   718  7672 I ActivityManager: Process com.vkmp3modlite.android (pid 23513) has died: cch  CEM 
12-04 11:37:09.454   718  9614 D ConnectivityService: ConnectivityService NetworkRequestInfo binderDied(NetworkRequest [ LISTEN id=12, [ Capabilities: INTERNET&NOT_RESTRICTED&TRUSTED&FOREGROUND] ], android.os.BinderProxy@dd6af8b)
12-04 11:37:09.652   718  7672 I ActivityManager: Killing 23534:com.android.webview:sandboxed_process0/u0a63i4 (adj 0): isolated not needed
12-04 11:37:09.655   718   781 W Looper  : Dispatch took 194ms on android.ui, h=Handler (com.android.server.am.ActivityManagerService$UiHandler) {3ed5e22} cb=null msg=53
12-04 11:37:09.819   718   884 E ConnectivityService: RemoteException caught trying to send a callback msg for NetworkRequest [ LISTEN id=12, [ Capabilities: INTERNET&NOT_RESTRICTED&TRUSTED&FOREGROUND] ]
12-04 11:38:15.015   718   866 I PowerManagerService: Going to sleep due to power button (uid 1000)...
12-04 11:38:15.507   718   805 I DisplayPowerController: Blocking screen off
12-04 11:38:15.514   718   805 I DreamManagerService: Entering dreamland.
12-04 11:38:15.515   718   805 I PowerManagerService: Dozing...
12-04 11:38:15.516   718   793 I DreamController: Starting dream: name=ComponentInfo{com.android.systemui/com.android.systemui.doze.DozeService}, isTest=false, canDoze=true, userId=0
12-04 11:38:15.572   718   805 I DisplayPowerController: Unblocked screen off after 65 ms
12-04 11:38:15.648   718   795 I DisplayManagerService: Display device changed state: "Встроенный экран", OFF
12-04 11:38:46.593   718   784 E BatteryStatsService: no controller energy info supplied
12-04 11:40:23.792   718   784 I chatty  : uid=1000(system) batterystats-sy identical 4 lines
12-04 11:40:34.672   718   784 E BatteryStatsService: no controller energy info supplied
12-04 11:40:34.922   718   866 I PowerManagerService: Waking up from dozing (uid 1000)...
12-04 11:40:35.013   718   805 I DisplayPowerController: Blocking screen on until initial contents have been drawn.
12-04 11:40:35.015   718   795 I DisplayManagerService: Display device changed state: "Встроенный экран", ON
12-04 11:40:35.109   718   805 I DisplayPowerController: Unblocked screen on after 97 ms
12-04 11:40:35.424   718   805 W PowerManagerService: Screen on took 722 ms
12-04 11:40:35.425   718   805 I DreamManagerService: Gently waking up from dream.
12-04 11:40:35.425   718   793 I DreamManagerService: Performing gentle wake from dream.
12-04 11:40:35.478   718  9878 I DreamManagerService: Leaving dreamland.
12-04 11:40:35.480   718   793 I DreamManagerService: Performing gentle wake from dream.
12-04 11:40:35.481   718   793 I DreamController: Stopping dream: name=ComponentInfo{com.android.systemui/com.android.systemui.doze.DozeService}, isTest=false, canDoze=true, userId=0
12-04 11:40:43.208   718   866 I PowerManagerService: Going to sleep due to power button (uid 1000)...
12-04 11:40:43.677   718   805 I DisplayPowerController: Blocking screen off
12-04 11:40:43.695   718   805 I DreamManagerService: Entering dreamland.
12-04 11:40:43.696   718   805 I PowerManagerService: Dozing...
12-04 11:40:43.697   718   793 I DreamController: Starting dream: name=ComponentInfo{com.android.systemui/com.android.systemui.doze.DozeService}, isTest=false, canDoze=true, userId=0
12-04 11:40:43.732   718   805 I DisplayPowerController: Unblocked screen off after 54 ms
12-04 11:40:43.747   718   795 I DisplayManagerService: Display device changed state: "Встроенный экран", OFF
12-04 11:40:47.726   718   866 I PowerManagerService: Waking up from dozing (uid 1000)...
12-04 11:40:47.800   718   805 I DisplayPowerController: Blocking screen on until initial contents have been drawn.
12-04 11:40:47.803   718   795 I DisplayManagerService: Display device changed state: "Встроенный экран", ON
12-04 11:40:47.815   718   866 I WindowManager: Suppressed redundant power key press while already in the process of turning the screen on.
12-04 11:40:47.917   718   805 I DisplayPowerController: Unblocked screen on after 117 ms
12-04 11:40:48.197   718   805 W PowerManagerService: Screen on took 497 ms
12-04 11:40:48.198   718   805 I DreamManagerService: Gently waking up from dream.
12-04 11:40:48.199   718   793 I DreamManagerService: Performing gentle wake from dream.
12-04 11:40:48.204   718  5833 I DreamManagerService: Leaving dreamland.
12-04 11:40:48.206   718   793 I DreamManagerService: Performing gentle wake from dream.
12-04 11:40:48.206   718   793 I DreamController: Stopping dream: name=ComponentInfo{com.android.systemui/com.android.systemui.doze.DozeService}, isTest=false, canDoze=true, userId=0
12-04 11:40:49.743   718   866 I PowerManagerService: Going to sleep due to power button (uid 1000)...
12-04 11:40:50.204   718   805 I DisplayPowerController: Blocking screen off
12-04 11:40:50.217   718   805 I DisplayPowerController: Unblocked screen off after 12 ms
12-04 11:40:50.252   718   805 I DreamManagerService: Entering dreamland.
12-04 11:40:50.252   718   795 I DisplayManagerService: Display device changed state: "Встроенный экран", OFF
12-04 11:40:50.254   718   805 I PowerManagerService: Dozing...
12-04 11:40:50.257   718   793 I DreamController: Starting dream: name=ComponentInfo{com.android.systemui/com.android.systemui.doze.DozeService}, isTest=false, canDoze=true, userId=0
12-04 11:41:36.084   718   784 E BatteryStatsService: no controller energy info supplied
12-04 11:45:10.546   718   784 I chatty  : uid=1000(system) batterystats-sy identical 13 lines
12-04 11:45:42.054   718   784 E BatteryStatsService: no controller energy info supplied
12-04 11:48:23.426   718   784 E BatteryStatsService: no controller energy info supplied
12-04 11:48:23.440   718   784 I chatty  : uid=1000(system) batterystats-sy identical 1 line
12-04 11:48:23.937   718   784 E BatteryStatsService: no controller energy info supplied
12-04 11:49:43.302   718   784 E BatteryStatsService: no controller energy info supplied
12-04 11:50:54.656   718   784 E BatteryStatsService: no controller energy info supplied
12-04 11:50:57.545   718   805 I DisplayPowerController: Blocking screen on until initial contents have been drawn.
12-04 11:50:57.549   718   795 I DisplayManagerService: Display device changed state: "Встроенный экран", ON
12-04 11:50:57.633   718   805 I DisplayPowerController: Unblocked screen on after 88 ms
12-04 11:51:05.481   718   805 I DisplayPowerController: Blocking screen off
12-04 11:51:05.483   718   805 I DisplayPowerController: Unblocked screen off after 2 ms
12-04 11:51:05.513   718   795 I DisplayManagerService: Display device changed state: "Встроенный экран", OFF
12-04 11:51:23.201   718   784 E BatteryStatsService: no controller energy info supplied
12-04 11:51:59.646   718   784 I chatty  : uid=1000(system) batterystats-sy identical 2 lines
12-04 11:52:53.467   718   784 E BatteryStatsService: no controller energy info supplied
12-04 11:53:06.490   718   805 I DisplayPowerController: Blocking screen on until initial contents have been drawn.
12-04 11:53:06.492   718   795 I DisplayManagerService: Display device changed state: "Встроенный экран", ON
12-04 11:53:06.612   718   805 I DisplayPowerController: Unblocked screen on after 121 ms
12-04 11:53:14.468   718   805 I DisplayPowerController: Blocking screen off
12-04 11:53:14.469   718   805 I DisplayPowerController: Unblocked screen off after 2 ms
12-04 11:53:14.496   718   795 I DisplayManagerService: Display device changed state: "Встроенный экран", OFF
12-04 11:54:00.725   718   784 E BatteryStatsService: no controller energy info supplied
12-04 11:54:08.409   718   784 E BatteryStatsService: no controller energy info supplied
12-04 11:55:18.275   718   784 E BatteryStatsService: no controller energy info supplied
12-04 11:55:18.760   718   784 E BatteryStatsService: no controller energy info supplied
12-04 11:55:33.274   718   805 I DisplayPowerController: Blocking screen on until initial contents have been drawn.
12-04 11:55:33.276   718   795 I DisplayManagerService: Display device changed state: "Встроенный экран", ON
12-04 11:55:33.367   718   805 I DisplayPowerController: Unblocked screen on after 93 ms
12-04 11:55:41.209   718   805 I DisplayPowerController: Blocking screen off
12-04 11:55:41.211   718   805 I DisplayPowerController: Unblocked screen off after 3 ms
12-04 11:55:41.230   718   795 I DisplayManagerService: Display device changed state: "Встроенный экран", OFF
12-04 11:55:49.866   718   805 I DisplayPowerController: Blocking screen on until initial contents have been drawn.
12-04 11:55:49.868   718   795 I DisplayManagerService: Display device changed state: "Встроенный экран", ON
12-04 11:55:50.066   718   805 I DisplayPowerController: Unblocked screen on after 199 ms
12-04 11:55:57.847   718   805 I DisplayPowerController: Blocking screen off
12-04 11:55:57.849   718   805 I DisplayPowerController: Unblocked screen off after 3 ms
12-04 11:55:57.871   718   795 I DisplayManagerService: Display device changed state: "Встроенный экран", OFF
12-04 11:57:00.680   718   784 E BatteryStatsService: no controller energy info supplied
12-04 11:57:55.179   718   784 I chatty  : uid=1000(system) batterystats-sy identical 3 lines
12-04 11:58:13.056   718   784 E BatteryStatsService: no controller energy info supplied
12-04 12:00:58.587   718   784 E BatteryStatsService: no controller energy info supplied
12-04 12:00:58.745   718   884 D ConnectivityService: NetworkAgentInfo [WIFI () - 102] EVENT_NETWORK_INFO_CHANGED, going from CONNECTED to DISCONNECTED
12-04 12:00:58.745   718   884 D ConnectivityService: NetworkAgentInfo [WIFI () - 102] got DISCONNECTED, was satisfying 7
12-04 12:00:58.773   718   784 E BatteryStatsService: no controller energy info supplied
12-04 12:00:58.843   429   429 I wificond: Pno scan started
12-04 12:00:58.846   429   429 I wificond: Unregister interface event callback
12-04 12:00:58.898   718   884 D ConnectivityService: Sending DISCONNECTED broadcast for type 1 NetworkAgentInfo [WIFI () - 102] isDefaultNetwork=true
12-04 12:00:58.940   718   780 I ActivityManager: Start proc 27888:com.vkmp3modlite.android/u0a63 for broadcast com.vkmp3modlite.android/.NetworkStateReceiver
12-04 12:00:59.032   429   429 I wificond: Unsubscribe scan result for interface with index: 26
12-04 12:00:59.252   288   288 I android.hardware.wifi@1.0-service: Wifi HAL stopped
12-04 12:00:59.255   718   784 E BatteryStatsService: no controller energy info supplied
12-04 12:00:59.263   718   784 E BatteryStatsService: no controller energy info supplied
12-04 12:00:59.454   718  8232 I ActivityManager: Start proc 27909:com.android.webview:sandboxed_process0/u0i6 for webview_service com.vkmp3modlite.android/org.chromium.content.app.SandboxedProcessService0
12-04 12:04:05.813   718   866 I PowerManagerService: Waking up from dozing (uid 1000)...
12-04 12:04:05.845   718   805 I DisplayPowerController: Blocking screen on until initial contents have been drawn.
12-04 12:04:05.848   718   795 I DisplayManagerService: Display device changed state: "Встроенный экран", ON
12-04 12:04:05.914   288   288 I android.hardware.wifi@1.0-service: Wifi HAL started
12-04 12:04:05.929   718   805 I DisplayPowerController: Unblocked screen on after 85 ms
12-04 12:04:06.249   718   805 W PowerManagerService: Screen on took 436 ms
12-04 12:04:06.250   718   805 I DreamManagerService: Gently waking up from dream.
12-04 12:04:06.256   718   793 I DreamManagerService: Performing gentle wake from dream.
12-04 12:04:06.282   718  8232 I DreamManagerService: Leaving dreamland.
12-04 12:04:06.283   718   793 I DreamManagerService: Performing gentle wake from dream.
12-04 12:04:06.284   718   793 I DreamController: Stopping dream: name=ComponentInfo{com.android.systemui/com.android.systemui.doze.DozeService}, isTest=false, canDoze=true, userId=0
12-04 12:04:06.677   429   429 I wificond: create scanner for interface with index: 28
12-04 12:04:06.678   429   429 I wificond: subscribe scan result for interface with index: 28
12-04 12:04:06.919   288   288 E android.hardware.wifi@1.0-service: Failed to get driver version: SUCCESS
12-04 12:04:06.922   288   288 E android.hardware.wifi@1.0-service: Failed to get driver version: SUCCESS
12-04 12:04:06.941   429   429 I wificond: New interface event callback registered
12-04 12:04:06.968   718   784 E BatteryStatsService: no controller energy info supplied
12-04 12:04:06.990   718   784 E BatteryStatsService: no controller energy info supplied
12-04 12:04:07.663   429   429 W wificond: Scan is not started. Ignore abort request
12-04 12:04:08.082   718   879 D ConnectivityService: registerNetworkAgent NetworkAgentInfo{ ni{[type: WIFI[], state: CONNECTING/CONNECTING, reason: (unspecified), extra: "Leila", failover: false, available: true, roaming: false, metered: false]}  network{103}  nethandle{442398067422}  lp{{LinkAddresses: []  Routes: [] DnsAddresses: [] Domains: null MTU: 0}}  nc{[ Transports: WIFI Capabilities: NOT_METERED&INTERNET&NOT_RESTRICTED&TRUSTED&NOT_VPN LinkUpBandwidth>=1048576Kbps LinkDnBandwidth>=1048576Kbps]}  Score{20}  everValidated{false}  lastValidated{false}  created{false} lingering{false} explicitlySelected{false} acceptUnvalidated{false} everCaptivePortalDetected{false} lastCaptivePortalDetected{false} }
12-04 12:04:08.082   718   884 D ConnectivityService: NetworkAgentInfo [WIFI () - 103] EVENT_NETWORK_INFO_CHANGED, going from null to CONNECTING
12-04 12:04:08.205   718   884 D ConnectivityService: NetworkAgentInfo [WIFI () - 103] EVENT_NETWORK_INFO_CHANGED, going from CONNECTING to CONNECTED
12-04 12:04:08.207   718   884 D ConnectivityService: Adding iface wlan0 to network 103
12-04 12:04:08.245   718   884 D ConnectivityService: Setting DNS servers for network 103 to [/192.168.1.1]
12-04 12:04:08.257   718   884 D ConnectivityService: Switching to new default network: NetworkAgentInfo{ ni{[type: WIFI[], state: CONNECTED/CONNECTED, reason: (unspecified), extra: "Leila", failover: false, available: true, roaming: false, metered: false]}  network{103}  nethandle{442398067422}  lp{{InterfaceName: wlan0 LinkAddresses: [fe80::9a6c:f5ff:fe58:991/64,192.168.1.102/24,]  Routes: [fe80::/64 -> :: wlan0,192.168.1.0/24 -> 0.0.0.0 wlan0,0.0.0.0/0 -> 192.168.1.1 wlan0,] DnsAddresses: [192.168.1.1,] Domains: null MTU: 0 TcpBufferSizes: 524288,1048576,2097152,262144,524288,1048576}}  nc{[ Transports: WIFI Capabilities: NOT_METERED&INTERNET&NOT_RESTRICTED&TRUSTED&NOT_VPN&FOREGROUND LinkUpBandwidth>=1048576Kbps LinkDnBandwidth>=1048576Kbps SignalStrength: -55]}  Score{20}  everValidated{false}  lastValidated{false}  created{true} lingering{false} explicitlySelected{false} acceptUnvalidated{false} everCaptivePortalDetected{false} lastCaptivePortalDetected{false} }
12-04 12:04:08.299   718   784 E BatteryStatsService: no controller energy info supplied
12-04 12:04:08.378   718   884 D ConnectivityService: Sending CONNECTED broadcast for type 1 NetworkAgentInfo [WIFI () - 103] isDefaultNetwork=true
12-04 12:04:08.420   718   884 D ConnectivityService: NetworkAgentInfo [WIFI () - 103] validation passed
12-04 12:04:08.440   718   784 E BatteryStatsService: no controller energy info supplied
12-04 12:04:12.810   718   718 E NotificationService: Error creating vibration waveform with pattern: [0, 0]
12-04 12:04:13.749   718   718 I chatty  : uid=1000 system_server identical 1 line
12-04 12:04:16.427   718   718 E NotificationService: Error creating vibration waveform with pattern: [0, 0]
12-04 12:04:16.944   718   781 I ActivityManager: Start proc 28346:com.android.systemui:screenshot/u0a24 for service com.android.systemui/.screenshot.TakeScreenshotService
12-04 12:04:16.944   718   781 W Looper  : Dispatch took 121ms on android.ui, h=Handler (com.android.server.policy.PhoneWindowManager$PolicyHandler) {975480c} cb=com.android.server.policy.PhoneWindowManager$ScreenshotRunnable@82b8555 msg=0
12-04 12:04:18.489   718   865 I ActivityManager: START u0 {act=android.intent.action.MAIN cat=[android.intent.category.HOME] flg=0x10200000 cmp=org.lineageos.trebuchet/com.android.launcher3.Launcher (has extras)} from uid 1000
12-04 12:04:19.380   718  9614 I ActivityManager: Start proc 28383:android.process.media/u0a9 for content provider com.android.providers.media/.MediaProvider
12-04 12:04:20.205   718  5967 I ActivityManager: START u0 {act=android.intent.action.MAIN cat=[android.intent.category.LAUNCHER] flg=0x10200000 cmp=org.telegram.messenger/org.telegram.ui.LaunchActivity bnds=[429,781][567,992]} from uid 10027
12-04 12:04:21.429   718  7672 I ActivityManager: Start proc 28405:android.process.acore/u0a0 for content provider com.android.providers.contacts/.ContactsProvider2
12-04 12:04:24.026   718   781 W Looper  : Dispatch took 139ms on android.ui, h=Handler (com.android.server.am.ActivityManagerService$UiHandler) {3ed5e22} cb=null msg=53
12-04 12:04:24.221   718   718 E NotificationService: Error creating vibration waveform with pattern: [0, 0]
12-04 12:04:24.788   718   718 I chatty  : uid=1000 system_server identical 1 line
12-04 12:04:48.901   718   718 E NotificationService: Error creating vibration waveform with pattern: [0, 0]
12-04 12:04:55.552   718   784 E BatteryStatsService: no controller energy info supplied
12-04 12:04:55.552   718   784 E BatteryStatsService: no controller energy info supplied
12-04 12:04:55.586   718   784 E BatteryStatsService: modem info is invalid: ModemActivityInfo{ mTimestamp=0 mSleepTimeMs=0 mIdleTimeMs=0 mTxTimeMs[]=[0, 0, 0, 0, 0] mRxTimeMs=0 mEnergyUsed=0}
12-04 12:04:59.203   718   718 E NotificationService: Error creating vibration waveform with pattern: [0, 0]
12-04 12:05:18.017   718   718 E NotificationService: Error creating vibration waveform with pattern: [0, 0]
12-04 12:05:20.108   718   805 I PowerManagerService: Going to sleep due to screen timeout (uid 1000)...
12-04 12:05:20.389   718  7968 D ConnectivityService: ConnectivityService NetworkRequestInfo binderDied(NetworkRequest [ LISTEN id=15, [ Capabilities: INTERNET&NOT_RESTRICTED&TRUSTED&FOREGROUND] ], android.os.BinderProxy@d952271)
12-04 12:05:20.390   718  7968 I ActivityManager: Process com.vkmp3modlite.android (pid 27888) has died: cch+6CEM 
12-04 12:05:20.397   718  7968 I ActivityManager: Killing 27909:com.android.webview:sandboxed_process0/u0a63i6 (adj 0): isolated not needed
12-04 12:05:20.586   718   884 E ConnectivityService: RemoteException caught trying to send a callback msg for NetworkRequest [ LISTEN id=15, [ Capabilities: INTERNET&NOT_RESTRICTED&TRUSTED&FOREGROUND] ]
12-04 12:05:20.610   718   805 I DisplayPowerController: Blocking screen off
12-04 12:05:20.616   718   805 I DreamManagerService: Entering dreamland.
12-04 12:05:20.617   718   805 I PowerManagerService: Dozing...
12-04 12:05:20.618   718   793 I DreamController: Starting dream: name=ComponentInfo{com.android.systemui/com.android.systemui.doze.DozeService}, isTest=false, canDoze=true, userId=0
12-04 12:05:20.651   718   805 I DisplayPowerController: Unblocked screen off after 41 ms
12-04 12:05:20.757   718   795 I DisplayManagerService: Display device changed state: "Встроенный экран", OFF
12-04 12:05:33.326   718   866 I PowerManagerService: Waking up from dozing (uid 1000)...
12-04 12:05:33.402   718   805 I DisplayPowerController: Blocking screen on until initial contents have been drawn.
12-04 12:05:33.406   718   795 I DisplayManagerService: Display device changed state: "Встроенный экран", ON
12-04 12:05:33.510   718   805 I DisplayPowerController: Unblocked screen on after 108 ms
12-04 12:05:33.814   718   805 W PowerManagerService: Screen on took 524 ms
12-04 12:05:33.815   718   805 I DreamManagerService: Gently waking up from dream.
12-04 12:05:33.815   718   793 I DreamManagerService: Performing gentle wake from dream.
12-04 12:05:33.822   718  1583 I DreamManagerService: Leaving dreamland.
12-04 12:05:33.825   718   793 I DreamManagerService: Performing gentle wake from dream.
12-04 12:05:33.826   718   793 I DreamController: Stopping dream: name=ComponentInfo{com.android.systemui/com.android.systemui.doze.DozeService}, isTest=false, canDoze=true, userId=0
12-04 12:05:58.576   718   865 I ActivityManager: START u0 {act=android.intent.action.MAIN cat=[android.intent.category.HOME] flg=0x10200000 cmp=org.lineageos.trebuchet/com.android.launcher3.Launcher (has extras)} from uid 1000
12-04 12:06:00.692   718  5833 I ActivityManager: START u0 {act=android.intent.action.MAIN cat=[android.intent.category.LAUNCHER] flg=0x10200000 cmp=org.xbet.client1/.presentation.activity.StartActivity bnds=[14,148][152,359]} from uid 10027
12-04 12:06:03.068   718   718 E NotificationService: Error creating vibration waveform with pattern: [0, 0]
12-04 12:06:11.860   718  8100 I ActivityManager: START u0 {flg=0x4000000 cmp=org.xbet.client1/.presentation.activity.BetActivity (has extras)} from uid 10061
12-04 12:06:19.266   718   718 E NotificationService: Error creating vibration waveform with pattern: [0, 0]
12-04 12:06:26.958   718   718 E NotificationService: Error creating vibration waveform with pattern: [0, 0]
12-04 12:06:33.214   718  1002 I ActivityManager: START u0 {flg=0x4000000 cmp=org.xbet.client1/.presentation.activity.BetActivity (has extras)} from uid 10061
12-04 12:06:40.078   718   718 E NotificationService: Error creating vibration waveform with pattern: [0, 0]
12-04 12:06:40.880   718  1584 I ActivityManager: START u0 {flg=0x4000000 cmp=org.xbet.client1/.presentation.activity.BetActivity (has extras)} from uid 10061
12-04 12:06:44.654   718   718 E NotificationService: Error creating vibration waveform with pattern: [0, 0]
12-04 12:06:55.609   718   718 E NotificationService: Error creating vibration waveform with pattern: [0, 0]
12-04 12:07:24.651   718   865 I ActivityManager: START u0 {act=android.intent.action.MAIN cat=[android.intent.category.HOME] flg=0x10200000 cmp=org.lineageos.trebuchet/com.android.launcher3.Launcher (has extras)} from uid 1000
12-04 12:07:26.636   718   718 E NotificationService: Error creating vibration waveform with pattern: [0, 0]
12-04 12:07:28.930   718  1002 I ActivityManager: START u0 {act=android.intent.action.MAIN cat=[android.intent.category.LAUNCHER] flg=0x10200000 cmp=org.telegram.messenger/org.telegram.ui.LaunchActivity bnds=[429,781][567,992]} from uid 10027
12-04 12:07:49.629   718   718 E NotificationService: Error creating vibration waveform with pattern: [0, 0]
12-04 12:07:49.768   718   718 E NotificationService: Error creating vibration waveform with pattern: [0, 0]
12-04 12:08:09.594   718   750 I ActivityManager: Process com.android.systemui:screenshot (pid 28346) has died: cch+4CEM 
12-04 12:08:09.649   718  7968 I ActivityManager: Process android.process.acore (pid 28405) has died: cch+2CEM 
12-04 12:08:09.675   718   795 W ActivityManager: setHasOverlayUi called on unknown pid: 28346
12-04 12:08:09.850   718  4017 D ConnectivityService: ConnectivityService NetworkRequestInfo binderDied(NetworkRequest [ LISTEN id=10, [ Capabilities: INTERNET&NOT_RESTRICTED&TRUSTED&FOREGROUND] ], android.os.BinderProxy@308ffd5)
12-04 12:08:09.850   718  7968 I WindowManager: WIN DEATH: Window{d84926b u0 org.lineageos.jelly/org.lineageos.jelly.MainActivity}
12-04 12:08:09.851   718  6230 D ConnectivityService: ConnectivityService NetworkRequestInfo binderDied(NetworkRequest [ LISTEN id=11, [ Capabilities: INTERNET&NOT_RESTRICTED&TRUSTED&FOREGROUND] ], android.os.BinderProxy@c8603ea)
12-04 12:08:09.872   718  1273 I WindowManager: WIN DEATH: Window{d7385ca u0 org.lineageos.jelly/org.lineageos.jelly.MainActivity}
12-04 12:08:09.919   718 10272 I ActivityManager: Process com.android.webview:sandboxed_process0 (pid 17532) has died: cch  CACC
12-04 12:08:09.920   718 10272 W ActivityManager: Scheduling restart of crashed service org.lineageos.jelly/org.chromium.content.app.SandboxedProcessService0 in 1000ms
12-04 12:08:09.998   718   884 E ConnectivityService: RemoteException caught trying to send a callback msg for NetworkRequest [ LISTEN id=10, [ Capabilities: INTERNET&NOT_RESTRICTED&TRUSTED&FOREGROUND] ]
12-04 12:08:10.000   718   884 E ConnectivityService: RemoteException caught trying to send a callback msg for NetworkRequest [ LISTEN id=11, [ Capabilities: INTERNET&NOT_RESTRICTED&TRUSTED&FOREGROUND] ]
12-04 12:08:10.026   718  9614 I ActivityManager: Process org.lineageos.jelly (pid 17513) has died: cch  CAC 
12-04 12:08:10.032   718   795 W ActivityManager: setHasOverlayUi called on unknown pid: 17513
12-04 12:08:10.034   718   781 W Looper  : Dispatch took 114ms on android.ui, h=Handler (com.android.server.am.ActivityManagerService$UiHandler) {3ed5e22} cb=null msg=53
12-04 12:08:16.278   718   718 E NotificationService: Error creating vibration waveform with pattern: [0, 0]
12-04 12:08:16.472   718   718 E NotificationService: Error creating vibration waveform with pattern: [0, 0]
12-04 12:08:18.880   718   865 I ActivityManager: START u0 {act=android.intent.action.MAIN cat=[android.intent.category.HOME] flg=0x10200000 cmp=org.lineageos.trebuchet/com.android.launcher3.Launcher (has extras)} from uid 1000
12-04 12:08:20.914   718 10306 I ActivityManager: START u0 {act=android.intent.action.MAIN cat=[android.intent.category.LAUNCHER] flg=0x10200000 cmp=org.xbet.client1/.presentation.activity.StartActivity bnds=[14,148][152,359]} from uid 10027
12-04 12:09:10.915   718   718 E NotificationService: Error creating vibration waveform with pattern: [0, 0]
12-04 12:09:21.155   718   718 E NotificationService: Error creating vibration waveform with pattern: [0, 0]
12-04 12:09:35.831   718   781 I ActivityManager: Start proc 29106:com.android.systemui:screenshot/u0a24 for service com.android.systemui/.screenshot.TakeScreenshotService
12-04 12:09:41.779   718   865 I ActivityManager: START u0 {act=android.intent.action.MAIN cat=[android.intent.category.HOME] flg=0x10200000 cmp=org.lineageos.trebuchet/com.android.launcher3.Launcher (has extras)} from uid 1000
12-04 12:09:43.414   718 10306 I ActivityManager: START u0 {act=android.intent.action.MAIN cat=[android.intent.category.LAUNCHER] flg=0x10200000 cmp=org.telegram.messenger/org.telegram.ui.LaunchActivity bnds=[429,781][567,992]} from uid 10027
12-04 12:09:43.546   718  1583 I ActivityManager: Start proc 29156:android.process.acore/u0a0 for content provider com.android.providers.contacts/.ContactsProvider2
12-04 12:09:50.399   718   866 I PowerManagerService: Going to sleep due to power button (uid 1000)...
12-04 12:09:50.880   718   805 I DisplayPowerController: Blocking screen off
12-04 12:09:50.896   718   805 I DreamManagerService: Entering dreamland.
12-04 12:09:50.897   718   805 I PowerManagerService: Dozing...
12-04 12:09:50.898   718   793 I DreamController: Starting dream: name=ComponentInfo{com.android.systemui/com.android.systemui.doze.DozeService}, isTest=false, canDoze=true, userId=0
12-04 12:09:50.941   718   805 I DisplayPowerController: Unblocked screen off after 61 ms
12-04 12:09:51.005   718   795 I DisplayManagerService: Display device changed state: "Встроенный экран", OFF
12-04 12:09:54.058   718   718 E NotificationService: Error creating vibration waveform with pattern: [0, 0]
12-04 12:09:54.142   718   805 I DisplayPowerController: Blocking screen on until initial contents have been drawn.
12-04 12:09:54.143   718   795 I DisplayManagerService: Display device changed state: "Встроенный экран", ON
12-04 12:09:54.282   718   805 I DisplayPowerController: Unblocked screen on after 140 ms
12-04 12:10:02.089   718   805 I DisplayPowerController: Blocking screen off
12-04 12:10:02.091   718   805 I DisplayPowerController: Unblocked screen off after 1 ms
12-04 12:10:02.121   718   795 I DisplayManagerService: Display device changed state: "Встроенный экран", OFF
12-04 12:10:25.292   718   718 E NotificationService: Error creating vibration waveform with pattern: [0, 0]
12-04 12:10:25.368   718   805 I DisplayPowerController: Blocking screen on until initial contents have been drawn.
12-04 12:10:25.369   718   795 I DisplayManagerService: Display device changed state: "Встроенный экран", ON
12-04 12:10:25.515   718   805 I DisplayPowerController: Unblocked screen on after 147 ms
12-04 12:10:33.306   718   805 I DisplayPowerController: Blocking screen off
12-04 12:10:33.307   718   805 I DisplayPowerController: Unblocked screen off after 2 ms
12-04 12:10:33.339   718   795 I DisplayManagerService: Display device changed state: "Встроенный экран", OFF
12-04 12:10:38.170   718   718 E NotificationService: Error creating vibration waveform with pattern: [0, 0]
12-04 12:10:38.282   718   805 I DisplayPowerController: Blocking screen on until initial contents have been drawn.
12-04 12:10:38.283   718   795 I DisplayManagerService: Display device changed state: "Встроенный экран", ON
12-04 12:10:38.380   718   805 I DisplayPowerController: Unblocked screen on after 99 ms
12-04 12:10:38.853   718   784 E BatteryStatsService: no controller energy info supplied
12-04 12:10:38.853   718   784 E BatteryStatsService: no controller energy info supplied
12-04 12:10:38.870   718   784 E BatteryStatsService: modem info is invalid: ModemActivityInfo{ mTimestamp=0 mSleepTimeMs=0 mIdleTimeMs=0 mTxTimeMs[]=[0, 0, 0, 0, 0] mRxTimeMs=0 mEnergyUsed=0}
12-04 12:10:46.226   718   805 I DisplayPowerController: Blocking screen off
12-04 12:10:46.230   718   805 I DisplayPowerController: Unblocked screen off after 4 ms
12-04 12:10:46.262   718   795 I DisplayManagerService: Display device changed state: "Встроенный экран", OFF
12-04 12:11:23.523   718   805 I DisplayPowerController: Blocking screen on until initial contents have been drawn.
12-04 12:11:23.529   718   795 I DisplayManagerService: Display device changed state: "Встроенный экран", ON
12-04 12:11:23.688   718   805 I DisplayPowerController: Unblocked screen on after 164 ms
12-04 12:11:37.504   718   805 I DisplayPowerController: Blocking screen off
12-04 12:11:37.507   718   805 I DisplayPowerController: Unblocked screen off after 2 ms
12-04 12:11:37.528   718   795 I DisplayManagerService: Display device changed state: "Встроенный экран", OFF
12-04 12:13:42.732   718   805 I DisplayPowerController: Blocking screen on until initial contents have been drawn.
12-04 12:13:42.734   718   795 I DisplayManagerService: Display device changed state: "Встроенный экран", ON
12-04 12:13:42.810   718   805 I DisplayPowerController: Unblocked screen on after 79 ms
12-04 12:13:50.682   718   805 I DisplayPowerController: Blocking screen off
12-04 12:13:50.683   718   805 I DisplayPowerController: Unblocked screen off after 1 ms
12-04 12:13:50.713   718   795 I DisplayManagerService: Display device changed state: "Встроенный экран", OFF
12-04 12:14:12.607   718   784 E BatteryStatsService: no controller energy info supplied
12-04 12:14:14.798   718   784 E BatteryStatsService: no controller energy info supplied
12-04 12:14:34.716   718   805 I DisplayPowerController: Blocking screen on until initial contents have been drawn.
12-04 12:14:34.718   718   795 I DisplayManagerService: Display device changed state: "Встроенный экран", ON
12-04 12:14:34.817   718   805 I DisplayPowerController: Unblocked screen on after 101 ms
12-04 12:14:42.701   718   805 I DisplayPowerController: Blocking screen off
12-04 12:14:42.703   718   805 I DisplayPowerController: Unblocked screen off after 1 ms
12-04 12:14:42.722   718   795 I DisplayManagerService: Display device changed state: "Встроенный экран", OFF
12-04 12:14:45.855   718   866 I PowerManagerService: Waking up from dozing (uid 1000)...
12-04 12:14:45.887   718   805 I DisplayPowerController: Blocking screen on until initial contents have been drawn.
12-04 12:14:45.888   718   795 I DisplayManagerService: Display device changed state: "Встроенный экран", ON
12-04 12:14:45.897   718   866 I WindowManager: Suppressed redundant power key press while already in the process of turning the screen on.
12-04 12:14:45.958   718   805 I DisplayPowerController: Unblocked screen on after 72 ms
12-04 12:14:46.296   718   805 W PowerManagerService: Screen on took 473 ms
12-04 12:14:46.297   718   805 I DreamManagerService: Gently waking up from dream.
12-04 12:14:46.299   718   793 I DreamManagerService: Performing gentle wake from dream.
12-04 12:14:46.337   718  9944 I DreamManagerService: Leaving dreamland.
12-04 12:14:46.338   718   793 I DreamManagerService: Performing gentle wake from dream.
12-04 12:14:46.338   718   793 I DreamController: Stopping dream: name=ComponentInfo{com.android.systemui/com.android.systemui.doze.DozeService}, isTest=false, canDoze=true, userId=0
12-04 12:14:49.140   718   865 I ActivityManager: START u0 {act=android.intent.action.MAIN cat=[android.intent.category.HOME] flg=0x10200000 cmp=org.lineageos.trebuchet/com.android.launcher3.Launcher (has extras)} from uid 1000
12-04 12:14:50.854   718  4387 I ActivityManager: START u0 {act=android.intent.action.MAIN cat=[android.intent.category.LAUNCHER] flg=0x10200000 cmp=org.xbet.client1/.presentation.activity.StartActivity bnds=[14,148][152,359]} from uid 10027
12-04 12:14:52.404   718  5113 I ActivityManager: START u0 {flg=0x4000000 cmp=org.xbet.client1/.presentation.activity.BetActivity (has extras)} from uid 10061
12-04 12:14:53.650   718   718 E NotificationService: Error creating vibration waveform with pattern: [0, 0]
12-04 12:15:01.756   718   718 E NotificationService: Error creating vibration waveform with pattern: [0, 0]
12-04 12:15:27.075   718   784 E BatteryStatsService: no controller energy info supplied
12-04 12:15:27.760   718   784 E BatteryStatsService: no controller energy info supplied
12-04 12:15:48.104   718 10306 I ActivityManager: START u0 {flg=0x4000000 cmp=org.xbet.client1/.presentation.activity.BetActivity (has extras)} from uid 10061
12-04 12:16:55.654   718   805 I PowerManagerService: Going to sleep due to screen timeout (uid 1000)...
12-04 12:16:56.169   718   805 I DisplayPowerController: Blocking screen off
12-04 12:16:56.175   718   805 I DreamManagerService: Entering dreamland.
12-04 12:16:56.175   718   805 I PowerManagerService: Dozing...
12-04 12:16:56.176   718   793 I DreamController: Starting dream: name=ComponentInfo{com.android.systemui/com.android.systemui.doze.DozeService}, isTest=false, canDoze=true, userId=0
12-04 12:16:56.208   718   805 I DisplayPowerController: Unblocked screen off after 38 ms
12-04 12:16:56.256   718   795 I DisplayManagerService: Display device changed state: "Встроенный экран", OFF
12-04 12:17:14.649   718   866 I PowerManagerService: Waking up from dozing (uid 1000)...
12-04 12:17:14.658   718   784 E BatteryStatsService: no controller energy info supplied
12-04 12:17:14.724   718   805 I DisplayPowerController: Blocking screen on until initial contents have been drawn.
12-04 12:17:14.726   718   795 I DisplayManagerService: Display device changed state: "Встроенный экран", ON
