12-04 12:29:30.946 32443 32443 I zygote  : Deoptimizing void org.telegram.messenger.support.widget.LinearLayoutManager.layoutChunk(org.telegram.messenger.support.widget.RecyclerView$Recycler, org.telegram.messenger.support.widget.RecyclerView$State, org.telegram.messenger.support.widget.LinearLayoutManager$LayoutState, org.telegram.messenger.support.widget.LinearLayoutManager$LayoutChunkResult) due to JIT inline cache
12-04 12:29:30.972   314   314 D SurfaceFlinger: duplicate layer name: changing org.telegram.messenger/org.telegram.ui.LaunchActivity to org.telegram.messenger/org.telegram.ui.LaunchActivity#1
12-04 12:29:30.983 32443 32493 W Adreno-EGL: <qeglDrvAPI_eglGetConfigAttrib:607>: EGL_BAD_ATTRIBUTE
12-04 12:29:30.995 32443 32493 I vndksupport: sphal namespace is not configured for this process. Loading /vendor/lib/hw/gralloc.msm8226.so from the current namespace instead.
12-04 12:29:38.232   926   926 I LatinIME: Starting input. Cursor position = 0,0
12-04 12:29:38.317   718   879 I chatty  : uid=1000(system) WifiStateMachin expire 79 lines
12-04 12:29:38.441   926  2390 W Adreno-EGL: <qeglDrvAPI_eglGetConfigAttrib:607>: EGL_BAD_ATTRIBUTE
12-04 12:29:38.467   926  2390 I vndksupport: sphal namespace is not configured for this process. Loading /vendor/lib/hw/gralloc.msm8226.so from the current namespace instead.
12-04 12:29:39.312   718   865 I chatty  : uid=1000(system) InputDispatcher expire 82 lines
12-04 12:29:39.652 32443 32453 I zygote  : Background concurrent copying GC freed 26285(1375KB) AllocSpace objects, 33(708KB) LOS objects, 49% free, 7MB/14MB, paused 245us total 148.889ms
12-04 12:29:41.629 32443 32448 I zygote  : Do partial code cache collection, code=499KB, data=399KB
12-04 12:29:41.631 32443 32448 I zygote  : After code cache collection, code=489KB, data=394KB
12-04 12:29:41.631 32443 32448 I zygote  : Increasing code cache capacity to 2MB
12-04 12:29:43.794   926   926 I LatinIME: Starting input. Cursor position = 15,15
12-04 12:29:43.952  1070  1070 I RenderThread: type=1400 audit(0.0:1018): avc: denied { ioctl } for path="/dev/kgsl-3d0" dev="tmpfs" ino=5350 ioctlcmd=93d scontext=u:r:platform_app:s0:c512,c768 tcontext=u:object_r:device:s0 tclass=chr_file permissive=1
12-04 12:29:47.064   718   881 I chatty  : uid=1000(system) WifiScanningSer expire 38 lines
12-04 12:29:47.069 28286 28286 I chatty  : uid=1010(wifi) /vendor/bin/hw/wpa_supplicant expire 25 lines
12-04 12:29:53.311   926   926 I LatinIME: Starting input. Cursor position = 20,20
12-04 12:29:53.326   718  9649 I chatty  : uid=1000(system) Binder:718_1B expire 10 lines
12-04 12:29:53.469   718   750 I chatty  : uid=1000(system) Binder:718_1 expire 10 lines
12-04 12:29:53.585   718  5934 I chatty  : uid=1000(system) Binder:718_E expire 8 lines
12-04 12:29:58.186   718   805 I chatty  : uid=1000(system) PowerManagerSer expire 10 lines
12-04 12:30:00.235   718   898 I chatty  : uid=1000(system) ConnectivityThr expire 36 lines
12-04 12:30:15.063   718   784 I chatty  : uid=1000(system) batterystats-sy expire 15 lines
12-04 12:30:15.110   288   288 I chatty  : uid=1010 wifi@1.0-servic expire 3 lines
12-04 12:30:15.119   718   784 E BatteryStatsService: no controller energy info supplied
12-04 12:30:15.126   718   784 E BatteryStatsService: no controller energy info supplied
12-04 12:30:15.173   718   784 E BatteryStatsService: modem info is invalid: ModemActivityInfo{ mTimestamp=0 mSleepTimeMs=0 mIdleTimeMs=0 mTxTimeMs[]=[0, 0, 0, 0, 0] mRxTimeMs=0 mEnergyUsed=0}
12-04 12:30:15.310   718   879 I chatty  : uid=1000(system) WifiStateMachin expire 25 lines
12-04 12:30:28.833   718   865 I chatty  : uid=1000(system) InputDispatcher expire 21 lines
12-04 12:30:30.053 32443   500 W FA      : Tasks have been queued for a long time
12-04 12:30:30.390   718   781 I chatty  : uid=1000(system) android.ui expire 10 lines
12-04 12:30:30.394   718   879 I chatty  : uid=1000(system) WifiStateMachin expire 123 lines
12-04 12:31:23.372   718   910 I chatty  : uid=1000(system) PhotonicModulat expire 11 lines
12-04 12:31:30.342   718   805 I PowerManagerService: Going to sleep due to screen timeout (uid 1000)...
12-04 12:31:30.416   926   926 I LatinIME: Starting input. Cursor position = 0,0
12-04 12:31:30.424 32443 32443 W IInputConnectionWrapper: getSelectedText on inactive InputConnection
12-04 12:31:30.431 32443 32443 W IInputConnectionWrapper: requestCursorAnchorInfo on inactive InputConnection
12-04 12:31:30.436 32443 32443 W IInputConnectionWrapper: getTextBeforeCursor on inactive InputConnection
12-04 12:31:30.437   926   926 E RichInputConnection: Unable to connect to the editor to retrieve text.
12-04 12:31:30.437   926   926 D RichInputConnection: Will try to retrieve text later.
12-04 12:31:30.450 32443 32443 W IInputConnectionWrapper: getTextBeforeCursor on inactive InputConnection
12-04 12:31:30.453   926   926 E RichInputConnection: Unable to connect to the editor to retrieve text.
12-04 12:31:30.453   926   926 W RichInputConnection: Unable to connect to the editor. Setting caps mode without knowing text.
12-04 12:31:30.487 32443 32443 W IInputConnectionWrapper: getTextBeforeCursor on inactive InputConnection
12-04 12:31:30.489   926   926 E RichInputConnection: Unable to connect to the editor to retrieve text.
12-04 12:31:30.490   926   926 D RichInputConnection: Will try to retrieve text later.
12-04 12:31:30.494 32443 32443 W IInputConnectionWrapper: getTextBeforeCursor on inactive InputConnection
12-04 12:31:30.496   926   926 E RichInputConnection: Unable to connect to the editor to retrieve text.
12-04 12:31:30.496   926   926 D RichInputConnection: Will try to retrieve text later.
12-04 12:31:30.498 32443 32443 W IInputConnectionWrapper: getTextBeforeCursor on inactive InputConnection
12-04 12:31:30.498   926   926 E RichInputConnection: Unable to connect to the editor to retrieve text.
12-04 12:31:30.498   926   926 D RichInputConnection: Will try to retrieve text later.
12-04 12:31:30.499 32443 32443 W IInputConnectionWrapper: getTextBeforeCursor on inactive InputConnection
12-04 12:31:30.503   926   926 E RichInputConnection: Unable to connect to the editor to retrieve text.
12-04 12:31:30.503   926   926 D RichInputConnection: Will try to retrieve text later.
12-04 12:31:30.504 32443 32443 W IInputConnectionWrapper: getTextBeforeCursor on inactive InputConnection
12-04 12:31:30.505   926   926 E RichInputConnection: Unable to connect to the editor to retrieve text.
12-04 12:31:30.505   926   926 D RichInputConnection: Will try to retrieve text later.
12-04 12:31:30.506 32443 32443 W IInputConnectionWrapper: getTextBeforeCursor on inactive InputConnection
12-04 12:31:30.507   926   926 E RichInputConnection: Unable to connect to the editor to retrieve text.
12-04 12:31:30.507   926   926 D RichInputConnection: Will try to retrieve text later.
12-04 12:31:30.507 32443 32443 W IInputConnectionWrapper: getTextBeforeCursor on inactive InputConnection
12-04 12:31:30.509 32443 32443 W IInputConnectionWrapper: getSelectedText on inactive InputConnection
12-04 12:31:30.510 32443 32443 W IInputConnectionWrapper: getTextBeforeCursor on inactive InputConnection
12-04 12:31:30.510   926   926 E RichInputConnection: Unable to connect to the editor to retrieve text.
12-04 12:31:30.510   926   926 W RichInputConnection: Unable to connect to the editor. Setting caps mode without knowing text.
12-04 12:31:30.898   718   805 I DisplayPowerController: Blocking screen off
12-04 12:31:30.903   718   805 I DreamManagerService: Entering dreamland.
12-04 12:31:30.903   718   805 I PowerManagerService: Dozing...
12-04 12:31:30.904   718   793 I DreamController: Starting dream: name=ComponentInfo{com.android.systemui/com.android.systemui.doze.DozeService}, isTest=false, canDoze=true, userId=0
12-04 12:31:30.960   718   805 I DisplayPowerController: Unblocked screen off after 62 ms
12-04 12:31:30.976 32443 32443 I zygote  : Deoptimizing int android.support.v4.util.SimpleArrayMap.indexOfKey(java.lang.Object) due to JIT inline cache
12-04 12:31:30.980 32443   580 E FA      : Unable to use remote or local measurement implementation. Please register the AppMeasurementService service in the app manifest
12-04 12:31:31.003   718   795 I DisplayManagerService: Display device changed state: "Встроенный экран", OFF
12-04 12:31:31.004   314   314 D SurfaceFlinger: Set power mode=0, type=0 flinger=0xaf852000
12-04 12:31:31.006   314   314 D qdhwcomposer: hwc_setPowerMode: Setting mode 0 on display: 0
12-04 12:31:31.162   718   866 I chatty  : uid=1000(system) InputReader expire 13 lines
12-04 12:31:31.368   314   477 I qdhwcomposer: handle_blank_event: dpy:0 panel power state: 0
12-04 12:31:31.456   314   314 D qdhwcomposer: hwc_setPowerMode: Done setting mode 0 on display 0
12-04 12:31:31.464   404   404 I bt_a2dp_hw: adev_set_parameters: state 1
12-04 12:31:31.465   404   404 I bt_a2dp_hw: out_set_parameters: state 1 kvpairs screen_state=off
12-04 12:31:31.465   404   404 I hash_map_utils: key: 'screen_state' value: 'off'
12-04 12:31:31.535 28286 28286 I chatty  : uid=1010(wifi) /vendor/bin/hw/wpa_supplicant expire 11 lines
12-04 12:31:35.477   933   977 W zygote  : Checksum mismatch for dex SystemUI.apk
12-04 12:31:35.477   933   977 W zygote  : Checksum mismatch for dex SystemUI.apk
12-04 12:31:35.556   933   933 D StatusBar: disable<e i a s b h r c s q >
12-04 12:31:35.624   933  1070 W Adreno-EGL: <qeglDrvAPI_eglGetConfigAttrib:607>: EGL_BAD_ATTRIBUTE
12-04 12:31:35.629   933  1070 I vndksupport: sphal namespace is not configured for this process. Loading /vendor/lib/hw/gralloc.msm8226.so from the current namespace instead.
12-04 12:31:35.634   933   933 D StatusBar: disable<e i a s b H!R!c s q >
12-04 12:31:53.403 32443 32443 W Notification: Use of stream types is deprecated for operations other than volume control
12-04 12:31:53.404 32443 32443 W Notification: See the documentation of setSound() for what to use instead with android.media.AudioAttributes to qualify your playback use case
12-04 12:31:53.422 32443 32443 W Notification: Use of stream types is deprecated for operations other than volume control
12-04 12:31:53.422 32443 32443 W Notification: See the documentation of setSound() for what to use instead with android.media.AudioAttributes to qualify your playback use case
12-04 12:31:53.443   718   718 I chatty  : uid=1000 system_server expire 5 lines
12-04 12:31:53.817   933   933 E SensorManager: sensor or listener is null
12-04 12:31:53.828   718   805 I DisplayPowerController: Blocking screen on until initial contents have been drawn.
12-04 12:31:53.830   314   314 D SurfaceFlinger: Set power mode=2, type=0 flinger=0xaf852000
12-04 12:31:53.830   314   314 D qdhwcomposer: hwc_setPowerMode: Setting mode 2 on display: 0
12-04 12:31:53.830   718   795 I DisplayManagerService: Display device changed state: "Встроенный экран", ON
12-04 12:31:53.892  1070  1070 I RenderThread: type=1400 audit(0.0:1019): avc: denied { read write } for path="/dev/kgsl-3d0" dev="tmpfs" ino=5350 scontext=u:r:platform_app:s0:c512,c768 tcontext=u:object_r:device:s0 tclass=chr_file permissive=1
12-04 12:31:53.955   718   805 I DisplayPowerController: Unblocked screen on after 128 ms
12-04 12:31:54.153   314   477 I qdhwcomposer: handle_blank_event: dpy:0 panel power state: 1
12-04 12:31:54.214   314   314 D qdhwcomposer: hwc_setPowerMode: Done setting mode 2 on display 0
12-04 12:31:54.276   314   314 D SurfaceFlinger: Backpressure trigger, skipping transaction & refresh!
12-04 12:32:01.771   933   933 I DozeMachine: Dropping pulse done because current state is already done: DOZE
12-04 12:32:01.771   718   805 I DisplayPowerController: Blocking screen off
12-04 12:32:01.772   718   805 I DisplayPowerController: Unblocked screen off after 1 ms
12-04 12:32:01.803   718   910 I chatty  : uid=1000(system) PhotonicModulat expire 17 lines
12-04 12:32:01.804   314   314 D SurfaceFlinger: Set power mode=0, type=0 flinger=0xaf852000
12-04 12:32:01.804   718   795 I DisplayManagerService: Display device changed state: "Встроенный экран", OFF
12-04 12:32:01.805   314   314 D qdhwcomposer: hwc_setPowerMode: Setting mode 0 on display: 0
12-04 12:32:02.169   314   477 I qdhwcomposer: handle_blank_event: dpy:0 panel power state: 0
12-04 12:32:02.256   314   314 D qdhwcomposer: hwc_setPowerMode: Done setting mode 0 on display 0
12-04 12:32:18.844   421 32688 I NuPlayerDecoder: [audio] saw output EOS
12-04 12:32:18.845   421 32687 D AudioTrack: stop() called with 13950921 frames delivered
12-04 12:32:19.282   718   879 I chatty  : uid=1000(system) WifiStateMachin expire 56 lines
12-04 12:32:19.304   718   784 E BatteryStatsService: no controller energy info supplied
12-04 12:32:19.565   421 32683 D NuPlayerDriver: notifyListener_l(0xb6c51af0), (2, 0, 0, -1), loop setting(0, 0)
12-04 12:32:19.588 31920 31920 I vk      : Broadcast play state false
12-04 12:32:19.597 31831 31891 V Avrcp   : onPlaybackStateChanged: state PlaybackState {state=2, position=290699, buffered position=0, speed=1.0, updated=28316370, actions=310, custom actions=[], active item id=-1, error=null}
12-04 12:32:19.608 31831 31891 V Avrcp   : updatePlaybackState (0): 1➡2(PlaybackState {state=2, position=290699, buffered position=0, speed=1.0, updated=28316370, actions=310, custom actions=[], active item id=-1, error=null})
12-04 12:32:19.612 31831 31891 V Avrcp   : Media update: id -1➡-1? [MediaAttributes: Y⋯) -  by M⋯n (290000 0/0) ] : [MediaAttributes: Y⋯) -  by M⋯n (290000 0/0) ]
12-04 12:32:19.613 31831 31891 E Avrcp   : play status change 1➡2
12-04 12:32:19.614 31831 31891 D Avrcp   : sendPlayPosNotificationRsp: Not registered or requesting.
12-04 12:32:19.617   718   866 I PowerManagerService: Waking up from dozing (uid 1000)...
12-04 12:32:19.624 31920 31920 D vk      : New file AudioFile {138851628_456239216, 280, Roger Sanchez & Lisa Pure, Lost (Artur Montecci Remix)}
12-04 12:32:19.628 31831 31891 V Avrcp   : MSG_NATIVE_REQ_REGISTER_NOTIFICATION:event=1 param=0
12-04 12:32:19.629 31831 31891 V Avrcp   : updatePlaybackState (1): 2➡2(PlaybackState {state=2, position=290699, buffered position=0, speed=1.0, updated=28316370, actions=310, custom actions=[], active item id=-1, error=null})
12-04 12:32:19.651   718   805 I DisplayPowerController: Blocking screen on until initial contents have been drawn.
12-04 12:32:19.653 31920 31920 V MediaPlayer: resetDrmState:  mDrmInfo=null mDrmProvisioningThread=null mPrepareDrmInProgress=false mActiveDrmScheme=false
12-04 12:32:19.653 31920 31920 V MediaPlayer: cleanDrmObj: mDrmObj=null mDrmSessionId=null
12-04 12:32:19.653   718   795 I DisplayManagerService: Display device changed state: "Встроенный экран", ON
12-04 12:32:19.654   421   421 D NuPlayerDriver: reset(0xb6c51af0) at state 6
12-04 12:32:19.655   314   314 D SurfaceFlinger: Set power mode=2, type=0 flinger=0xaf852000
12-04 12:32:19.655   314   314 D qdhwcomposer: hwc_setPowerMode: Setting mode 2 on display: 0
12-04 12:32:19.660   718   881 I chatty  : uid=1000(system) WifiScanningSer expire 32 lines
12-04 12:32:19.665   421   421 D NuPlayerDriver: notifyListener_l(0xb6c51af0), (8, 0, 0, -1), loop setting(0, 0)
12-04 12:32:19.666 28286 28286 I chatty  : uid=1010(wifi) /vendor/bin/hw/wpa_supplicant expire 31 lines
12-04 12:32:19.725   404  1305 I bt_a2dp_hw: adev_set_parameters: state 1
12-04 12:32:19.725   404  1305 I bt_a2dp_hw: out_set_parameters: state 1 kvpairs screen_state=on
12-04 12:32:19.725   404  1305 I hash_map_utils: key: 'screen_state' value: 'on'
12-04 12:32:19.772   718   866 I WindowManager: Suppressed redundant power key press while already in the process of turning the screen on.
12-04 12:32:19.784   718   805 I DisplayPowerController: Unblocked screen on after 132 ms
12-04 12:32:19.785   421 32683 D NuPlayerDriver: notifyResetComplete(0xb6c51af0)
12-04 12:32:19.802 31920 31920 D vk      : End playback for 138851628_456239217
12-04 12:32:19.812 31920 31920 I vk      : Broadcast play state false
12-04 12:32:19.817 31831 31891 V Avrcp   : onPlaybackStateChanged: state PlaybackState {state=2, position=0, buffered position=0, speed=1.0, updated=28316593, actions=310, custom actions=[], active item id=-1, error=null}
12-04 12:32:19.818 31831 31891 V Avrcp   : updatePlaybackState (0): 2➡2(PlaybackState {state=2, position=0, buffered position=0, speed=1.0, updated=28316593, actions=310, custom actions=[], active item id=-1, error=null})
12-04 12:32:19.819 31831 31891 V Avrcp   : Media update: id -1➡-1? [MediaAttributes: Y⋯) -  by M⋯n (290000 0/0) ] : [MediaAttributes: Y⋯) -  by M⋯n (290000 0/0) ]
12-04 12:32:19.819 31831 31891 E Avrcp   : play status change 2➡2
12-04 12:32:19.819 31831 31891 D Avrcp   : sendPlayPosNotificationRsp: Not registered or requesting.
12-04 12:32:19.840 31831 31891 V Avrcp   : onPlaybackStateChanged: state PlaybackState {state=3, position=-1, buffered position=0, speed=1.0, updated=28316616, actions=0, custom actions=[], active item id=-1, error=null}
12-04 12:32:19.847 31920 31920 D vk      : Before get cover image
12-04 12:32:19.856 31831 31891 V Avrcp   : updatePlaybackState (0): 2➡1(PlaybackState {state=3, position=9, buffered position=0, speed=1.0, updated=28316626, actions=310, custom actions=[], active item id=-1, error=null})
12-04 12:32:19.859 31920 31920 D vk      : registered...
12-04 12:32:19.860 31920 31920 I vk      : Broadcast play state false
12-04 12:32:19.864 31831 31891 V Avrcp   : Media update: id -1➡-1? [MediaAttributes: L⋯) -  by R⋯e (280000 0/0) ] : [MediaAttributes: Y⋯) -  by M⋯n (290000 0/0) ]
12-04 12:32:19.864 31831 31891 V Avrcp   : Send track changed
12-04 12:32:19.864 31831 31891 D Avrcp   : sendTrackChangedRsp: Not registered or registering.
12-04 12:32:19.864 31831 31891 E Avrcp   : play status change 2➡1
12-04 12:32:19.864 31831 31891 D Avrcp   : sendPlayPosNotificationRsp: Not registered or requesting.
12-04 12:32:19.864 31831 31891 V Avrcp   : onPlaybackStateChanged: state PlaybackState {state=3, position=-1, buffered position=0, speed=1.0, updated=28316616, actions=310, custom actions=[], active item id=-1, error=null}
12-04 12:32:19.867 31831 31891 V Avrcp   : updatePlaybackState (1): 1➡1(PlaybackState {state=3, position=27, buffered position=0, speed=1.0, updated=28316644, actions=310, custom actions=[], active item id=-1, error=null})
12-04 12:32:19.871 31831 31891 V Avrcp   : Media update: id -1➡-1? [MediaAttributes: L⋯) -  by R⋯e (280000 0/0) ] : [MediaAttributes: L⋯) -  by R⋯e (280000 0/0) ]
12-04 12:32:19.871 31831 31891 E Avrcp   : play status change 1➡1
12-04 12:32:19.871 31831 31891 D Avrcp   : sendPlayPosNotificationRsp: Not registered or requesting.
12-04 12:32:19.871 31831 31891 V Avrcp   : onPlaybackStateChanged: state PlaybackState {state=3, position=-1, buffered position=0, speed=1.0, updated=28316616, actions=310, custom actions=[], active item id=-1, error=null}
12-04 12:32:19.871 31920   612 W vk      : Image failed!
12-04 12:32:19.872 31831 31891 V Avrcp   : updatePlaybackState (1): 1➡2(PlaybackState {state=2, position=0, buffered position=0, speed=1.0, updated=28316645, actions=310, custom actions=[], active item id=-1, error=null})
12-04 12:32:19.874 31831 31891 V Avrcp   : Media update: id -1➡-1? [MediaAttributes: L⋯) -  by R⋯e (280000 0/0) ] : [MediaAttributes: L⋯) -  by R⋯e (280000 0/0) ]
12-04 12:32:19.874 31831 31891 E Avrcp   : play status change 1➡2
12-04 12:32:19.874 31831 31891 D Avrcp   : sendPlayPosNotificationRsp: Not registered or requesting.
12-04 12:32:19.874 31831 31891 V Avrcp   : onMetadataChanged
12-04 12:32:19.875 31831 31891 V Avrcp   : updatePlaybackState (1): 1➡2(PlaybackState {state=2, position=0, buffered position=0, speed=1.0, updated=28316645, actions=310, custom actions=[], active item id=-1, error=null})
12-04 12:32:19.876 31831 31891 V Avrcp   : Media update: id -1➡-1? [MediaAttributes: L⋯) -  by R⋯e (280000 0/0) ] : [MediaAttributes: L⋯) -  by R⋯e (280000 0/0) ]
12-04 12:32:19.876 31831 31891 E Avrcp   : play status change 1➡2
12-04 12:32:19.876 31831 31891 D Avrcp   : sendPlayPosNotificationRsp: Not registered or requesting.
12-04 12:32:19.876 31831 31891 V Avrcp   : onPlaybackStateChanged: state PlaybackState {state=2, position=0, buffered position=0, speed=1.0, updated=28316645, actions=310, custom actions=[], active item id=-1, error=null}
12-04 12:32:19.876 31920   615 D vk      : updateNotification()
12-04 12:32:19.877 31831 31891 V Avrcp   : updatePlaybackState (1): 1➡2(PlaybackState {state=2, position=0, buffered position=0, speed=1.0, updated=28316645, actions=310, custom actions=[], active item id=-1, error=null})
12-04 12:32:19.881 31831 31891 V Avrcp   : Media update: id -1➡-1? [MediaAttributes: L⋯) -  by R⋯e (280000 0/0) ] : [MediaAttributes: L⋯) -  by R⋯e (280000 0/0) ]
12-04 12:32:19.881 31831 31891 E Avrcp   : play status change 1➡2
12-04 12:32:19.881 31831 31891 D Avrcp   : sendPlayPosNotificationRsp: Not registered or requesting.
12-04 12:32:19.881 31831 31891 V Avrcp   : MSG_NATIVE_REQ_REGISTER_NOTIFICATION:event=1 param=0
12-04 12:32:19.882 31920   616 D vk      : player starting
12-04 12:32:19.883 31831 31891 V Avrcp   : updatePlaybackState (1): 1➡2(PlaybackState {state=2, position=0, buffered position=0, speed=1.0, updated=28316645, actions=310, custom actions=[], active item id=-1, error=null})
12-04 12:32:19.885 31831 31891 V Avrcp   : onMetadataChanged
12-04 12:32:19.886 31831 31891 V Avrcp   : updatePlaybackState (0): 1➡2(PlaybackState {state=2, position=0, buffered position=0, speed=1.0, updated=28316645, actions=310, custom actions=[], active item id=-1, error=null})
12-04 12:32:19.887 31920 31920 I vk      : GET COVER 138851628, 456239216
12-04 12:32:19.889 31831 31891 V Avrcp   : Media update: id -1➡-1? [MediaAttributes: L⋯) -  by R⋯e (280000 0/0) ] : [MediaAttributes: L⋯) -  by R⋯e (280000 0/0) ]
12-04 12:32:19.889 31831 31891 E Avrcp   : play status change 1➡2
12-04 12:32:19.890 31831 31891 D Avrcp   : sendPlayPosNotificationRsp: Not registered or requesting.
12-04 12:32:19.895 31920 31920 I vk      : Animate 4 true
12-04 12:32:19.904 31920 31920 I vk      : Animate 3 false
12-04 12:32:19.908 31920   616 I vk      : File 138851628_456239216 OK
12-04 12:32:19.930 31831 31891 V Avrcp   : MSG_NATIVE_REQ_REGISTER_NOTIFICATION:event=1 param=0
12-04 12:32:19.931 31831 31891 V Avrcp   : updatePlaybackState (1): 2➡2(PlaybackState {state=2, position=0, buffered position=0, speed=1.0, updated=28316645, actions=310, custom actions=[], active item id=-1, error=null})
12-04 12:32:19.976 31920   616 I vk      : Found ID3v2 tag, len=1034
12-04 12:32:19.977 31920   616 I vk      : Tag read, len=1034
12-04 12:32:19.992   314   477 I qdhwcomposer: handle_blank_event: dpy:0 panel power state: 1
12-04 12:32:20.052   314   314 D qdhwcomposer: hwc_setPowerMode: Done setting mode 2 on display 0
12-04 12:32:20.054   718   805 W PowerManagerService: Screen on took 442 ms
12-04 12:32:20.055   718   805 I DreamManagerService: Gently waking up from dream.
12-04 12:32:20.055   718   793 I DreamManagerService: Performing gentle wake from dream.
12-04 12:32:20.080   718  6230 I DreamManagerService: Leaving dreamland.
12-04 12:32:20.081   314   314 D SurfaceFlinger: Backpressure trigger, skipping transaction & refresh!
12-04 12:32:20.081   718   793 I DreamManagerService: Performing gentle wake from dream.
12-04 12:32:20.081   718   793 I DreamController: Stopping dream: name=ComponentInfo{com.android.systemui/com.android.systemui.doze.DozeService}, isTest=false, canDoze=true, userId=0
12-04 12:32:20.288   421  4713 D NuPlayerDriver: NuPlayerDriver(0xb6c51000) created, clientPid(31920)
12-04 12:32:20.294 31920   616 D vk      : player preparing
12-04 12:32:20.296   421   621 D GenericSource: FileSource remote
12-04 12:32:20.306   421   619 D NuPlayerDriver: notifyListener_l(0xb6c51000), (1, 0, 0, -1), loop setting(0, 0)
12-04 12:32:20.310 31920 31920 I vk-framework-player: onPrepared
12-04 12:32:20.314   421  6097 D NuPlayerDriver: start(0xb6c51000), state is 4, eos is 0
12-04 12:32:20.315 31920 31920 D vk      : player started
12-04 12:32:20.315   421   619 I GenericSource: start
12-04 12:32:20.315 31920 31920 I vk      : Broadcast play state true
12-04 12:32:20.319 31831 31891 V Avrcp   : onPlaybackStateChanged: state PlaybackState {state=3, position=0, buffered position=0, speed=1.0, updated=28317095, actions=310, custom actions=[], active item id=-1, error=null}
12-04 12:32:20.321   718 10272 D WifiLockManager: addLock: WifiLock{vk_audio_streaming_player type=1 uid=10063}
12-04 12:32:20.321 31920 31920 D vk      : acquired wifi lock
12-04 12:32:20.322 31831 31891 V Avrcp   : updatePlaybackState (0): 2➡1(PlaybackState {state=3, position=3, buffered position=0, speed=1.0, updated=28317098, actions=310, custom actions=[], active item id=-1, error=null})
12-04 12:32:20.323 31831 31891 V Avrcp   : Media update: id -1➡-1? [MediaAttributes: L⋯) -  by R⋯e (280000 0/0) ] : [MediaAttributes: L⋯) -  by R⋯e (280000 0/0) ]
12-04 12:32:20.324 31831 31891 E Avrcp   : play status change 2➡1
12-04 12:32:20.324 31831 31891 D Avrcp   : sendPlayPosNotificationRsp: Not registered or requesting.
12-04 12:32:20.338   431  1139 I OMXMaster: makeComponentInstance(OMX.google.mp3.decoder) in android.hardwar process
12-04 12:32:20.348   431   431 E OMXNodeInstance: setConfig(0xacc22f60:google.mp3.decoder, ConfigPriority(0x6f800002)) ERROR: Undefined(0x80001001)
12-04 12:32:20.348   421   625 I ACodec  : codec does not support config priority (err -2147483648)
12-04 12:32:20.350   431  1139 E OMXNodeInstance: getConfig(0xacc22f60:google.mp3.decoder, ConfigAndroidVendorExtension(0x6f100004)) ERROR: Undefined(0x80001001)
12-04 12:32:20.352   421   625 I MediaCodec: MediaCodec will operate in async mode
12-04 12:32:20.365 31831 31891 V Avrcp   : MSG_NATIVE_REQ_REGISTER_NOTIFICATION:event=1 param=0
12-04 12:32:20.368 31831 31891 V Avrcp   : updatePlaybackState (1): 1➡1(PlaybackState {state=3, position=50, buffered position=0, speed=1.0, updated=28317145, actions=310, custom actions=[], active item id=-1, error=null})
12-04 12:32:20.375   404  1305 W AudioFlinger: createTrack_l(): mismatch between requested flags (00000008) and output flags (00000000)
12-04 12:32:20.387   421   623 D AudioTrack: Client defaulted notificationFrames to 11200 for frameCount 22400
12-04 12:32:20.389   421   619 D NuPlayerDriver: notifyListener_l(0xb6c51000), (6, 0, 0, -1), loop setting(0, 0)
12-04 12:32:20.884   933   933 D StatusBar: disable<e i a s b H R c s q >
12-04 12:32:20.932   933   933 D StatusBar: disable<e i a s b H R c s q >
12-04 12:32:20.966 32443   629 E FA      : Unable to use remote or local measurement implementation. Please register the AppMeasurementService service in the app manifest
12-04 12:32:20.967 32443 32443 I zygote  : Deoptimizing void org.telegram.messenger.support.widget.RecyclerView$AdapterDataObservable.notifyChanged() due to JIT inline cache
12-04 12:32:20.984   933   933 D StatusBar: disable<e i a s b H R c s q >
12-04 12:32:20.985   933   933 D StatusBar: disable<e i a s b H R c s q >
12-04 12:32:21.027 32443 32493 W Adreno-EGL: <qeglDrvAPI_eglGetConfigAttrib:607>: EGL_BAD_ATTRIBUTE
12-04 12:32:21.062   933   933 D StatusBar: disable<e i a s b h!r!c s q >
12-04 12:32:21.071 32443 32493 I vndksupport: sphal namespace is not configured for this process. Loading /vendor/lib/hw/gralloc.msm8226.so from the current namespace instead.
12-04 12:32:21.075   933   977 W zygote  : Checksum mismatch for dex SystemUI.apk
12-04 12:32:21.076   933   977 W zygote  : Checksum mismatch for dex SystemUI.apk
12-04 12:32:21.354   718   784 E BatteryStatsService: no controller energy info supplied
12-04 12:32:21.385   718  1002 I chatty  : uid=1000(system) Binder:718_5 expire 9 lines
12-04 12:32:21.466   933  1070 W Adreno-EGL: <qeglDrvAPI_eglGetConfigAttrib:607>: EGL_BAD_ATTRIBUTE
12-04 12:32:21.468   933  1070 I vndksupport: sphal namespace is not configured for this process. Loading /vendor/lib/hw/gralloc.msm8226.so from the current namespace instead.
12-04 12:32:21.531   314   314 D SurfaceFlinger: Backpressure trigger, skipping transaction & refresh!
12-04 12:32:22.108   718   865 I chatty  : uid=1000(system) InputDispatcher expire 13 lines
12-04 12:32:22.130   718   865 I ActivityManager: START u0 {act=android.intent.action.MAIN cat=[android.intent.category.HOME] flg=0x10200000 cmp=org.lineageos.trebuchet/com.android.launcher3.Launcher (has extras)} from uid 1000
12-04 12:32:22.136 32443   629 E FA      : Unable to use remote or local measurement implementation. Please register the AppMeasurementService service in the app manifest
12-04 12:32:22.211 19212 19258 I Adreno-EGL: <qeglDrvAPI_eglInitialize:379>: EGL 1.4 QUALCOMM build: Nondeterministic_AU_msm8974_LA.BF.1.1.3_RB1__release_AU (I741a3d36ca)
12-04 12:32:22.211 19212 19258 I Adreno-EGL: OpenGL ES Shader Compiler Version: E031.29.00.00
12-04 12:32:22.211 19212 19258 I Adreno-EGL: Build Date: 04/04/16 Mon
12-04 12:32:22.211 19212 19258 I Adreno-EGL: Local Branch: mybranch19053788
12-04 12:32:22.211 19212 19258 I Adreno-EGL: Remote Branch: quic/LA.BF.1.1.3_rb1.12
12-04 12:32:22.211 19212 19258 I Adreno-EGL: Local Patches: NONE
12-04 12:32:22.211 19212 19258 I Adreno-EGL: Reconstruct Branch: NOTHING
12-04 12:32:22.212 19212 19258 I OpenGLRenderer: Initialized EGL, version 1.4
12-04 12:32:22.212 19212 19258 D OpenGLRenderer: Swap behavior 1
12-04 12:32:22.234 19212 19258 W Adreno-EGL: <qeglDrvAPI_eglGetConfigAttrib:607>: EGL_BAD_ATTRIBUTE
12-04 12:32:22.241 19212 19258 I vndksupport: sphal namespace is not configured for this process. Loading /vendor/lib/hw/gralloc.msm8226.so from the current namespace instead.
12-04 12:32:22.796 19212 19258 W OpenGLRenderer: Incorrectly called buildLayer on View: ShortcutAndWidgetContainer, destroying layer...
12-04 12:32:22.797 19212 19258 W OpenGLRenderer: Incorrectly called buildLayer on View: ShortcutAndWidgetContainer, destroying layer...
12-04 12:32:22.802  1222  1222 I RenderThread: type=1400 audit(0.0:1020): avc: denied { ioctl } for path="/dev/kgsl-3d0" dev="tmpfs" ino=5350 ioctlcmd=915 scontext=u:r:system_server:s0 tcontext=u:object_r:device:s0 tclass=chr_file permissive=1
12-04 12:32:22.812  1222  1222 I RenderThread: type=1400 audit(0.0:1021): avc: denied { read write } for path="/dev/kgsl-3d0" dev="tmpfs" ino=5350 scontext=u:r:system_server:s0 tcontext=u:object_r:device:s0 tclass=chr_file permissive=1
12-04 12:32:23.711   933   933 D StatusBar: disable<e i a s b h r c s q >
12-04 12:32:23.722   314   314 I surfaceflinger: type=1400 audit(0.0:1022): avc: denied { ioctl } for path="/dev/kgsl-3d0" dev="tmpfs" ino=5350 ioctlcmd=93d scontext=u:r:surfaceflinger:s0 tcontext=u:object_r:device:s0 tclass=chr_file permissive=1
12-04 12:32:23.747   933  1070 W Adreno-EGL: <qeglDrvAPI_eglGetConfigAttrib:607>: EGL_BAD_ATTRIBUTE
12-04 12:32:23.749   933  1070 I vndksupport: sphal namespace is not configured for this process. Loading /vendor/lib/hw/gralloc.msm8226.so from the current namespace instead.
12-04 12:32:23.794   933   933 D StatusBar: disable<e i a s b h r c s q >
12-04 12:32:24.386   933   933 D StatusBar: disable<e i a s b h r c s q >
12-04 12:32:24.427   933   933 D StatusBar: disable<e i a s b h r c s q >
12-04 12:32:24.461   933  1070 W Adreno-EGL: <qeglDrvAPI_eglGetConfigAttrib:607>: EGL_BAD_ATTRIBUTE
12-04 12:32:24.464   933  1070 I vndksupport: sphal namespace is not configured for this process. Loading /vendor/lib/hw/gralloc.msm8226.so from the current namespace instead.
12-04 12:32:24.632   718  1583 D WifiLockManager: releaseLock: WifiLock{vk_audio_streaming_player type=1 uid=10063}
12-04 12:32:24.632 31920   597 D vk      : released wifi lock
12-04 12:32:24.822 31920   609 D vk      : released wifi lock
12-04 12:32:24.875 31920   613 D vk      : released wifi lock
12-04 12:32:26.075   718  9284 I ActivityManager: START u0 {act=android.intent.action.MAIN cat=[android.intent.category.LAUNCHER] flg=0x10200000 cmp=org.xbet.client1/.presentation.activity.StartActivity bnds=[14,148][152,359]} from uid 10027
12-04 12:32:26.543   314   314 D SurfaceFlinger: Backpressure trigger, skipping transaction & refresh!
12-04 12:32:26.548   314   314 D SurfaceFlinger: Backpressure trigger, skipping transaction & refresh!
12-04 12:32:26.649 19212   637 V rsC++   : RS Message thread exiting.
12-04 12:32:26.731   314   314 D SurfaceFlinger: Backpressure trigger, skipping transaction & refresh!
12-04 12:32:29.528   718   898 I chatty  : uid=1000(system) ConnectivityThr expire 24 lines
12-04 12:32:29.591 32443 32443 W Notification: Use of stream types is deprecated for operations other than volume control
12-04 12:32:29.591 32443 32443 W Notification: See the documentation of setSound() for what to use instead with android.media.AudioAttributes to qualify your playback use case
12-04 12:32:29.602 32443 32443 W Notification: Use of stream types is deprecated for operations other than volume control
12-04 12:32:29.603 32443 32443 W Notification: See the documentation of setSound() for what to use instead with android.media.AudioAttributes to qualify your playback use case
12-04 12:32:29.845   933   933 D StatusBar: disable<e i a s b h r c s q >
12-04 12:32:30.024   933  1070 W Adreno-EGL: <qeglDrvAPI_eglGetConfigAttrib:607>: EGL_BAD_ATTRIBUTE
12-04 12:32:30.034   933  1070 I vndksupport: sphal namespace is not configured for this process. Loading /vendor/lib/hw/gralloc.msm8226.so from the current namespace instead.
12-04 12:32:30.231   314   314 D SurfaceFlinger: Backpressure trigger, skipping transaction & refresh!
12-04 12:32:30.531   314   314 D SurfaceFlinger: Backpressure trigger, skipping transaction & refresh!
12-04 12:32:32.536   718   879 I chatty  : uid=1000(system) WifiStateMachin expire 84 lines
12-04 12:32:35.907   933   933 D StatusBar: disable<e i a s b h r c s q >
12-04 12:32:35.944   933  1070 W Adreno-EGL: <qeglDrvAPI_eglGetConfigAttrib:607>: EGL_BAD_ATTRIBUTE
12-04 12:32:35.950   933  1070 I vndksupport: sphal namespace is not configured for this process. Loading /vendor/lib/hw/gralloc.msm8226.so from the current namespace instead.
12-04 12:32:35.962   933   933 W View    : requestLayout() improperly called by com.android.internal.widget.NotificationExpandButton{1c30e89 VFED..C.. ......ID 225,25-247,49 #1020232 android:id/expand_button} during layout: running second layout pass
12-04 12:32:35.963   933   933 W View    : requestLayout() improperly called by com.android.internal.widget.NotificationExpandButton{a09ad19 VFED..C.. ......ID 225,25-247,49 #1020232 android:id/expand_button} during layout: running second layout pass
12-04 12:32:35.963   933   933 W View    : requestLayout() improperly called by com.android.internal.widget.NotificationExpandButton{20fabf9 VFED..C.. ......ID 225,25-247,49 #1020232 android:id/expand_button} during layout: running second layout pass
12-04 12:32:37.542   718   865 I chatty  : uid=1000(system) InputDispatcher expire 48 lines
12-04 12:32:39.663   718   881 I chatty  : uid=1000(system) WifiScanningSer expire 38 lines
12-04 12:32:39.668 28286 28286 I chatty  : uid=1010(wifi) /vendor/bin/hw/wpa_supplicant expire 25 lines
12-04 12:32:44.670   718   805 I chatty  : uid=1000(system) PowerManagerSer expire 10 lines
12-04 12:33:07.870   718  5833 I ActivityManager: START u0 {flg=0x4000000 cmp=org.xbet.client1/.presentation.activity.BetActivity (has extras)} from uid 10061
12-04 12:33:07.968 19362 19362 I chatty  : uid=10061(u0_a61) org.xbet.client1 expire 13 lines
12-04 12:33:08.176 19362 19437 I chatty  : uid=10061(u0_a61) RenderThread expire 14 lines
12-04 12:33:08.382   314   314 I surfaceflinger: type=1400 audit(0.0:1023): avc: denied { read write } for path="/dev/kgsl-3d0" dev="tmpfs" ino=5350 scontext=u:r:surfaceflinger:s0 tcontext=u:object_r:device:s0 tclass=chr_file permissive=1
12-04 12:33:08.615   314   314 D SurfaceFlinger: Backpressure trigger, skipping transaction & refresh!
12-04 12:33:11.789   718   752 I chatty  : uid=1000(system) Binder:718_2 expire 9 lines
12-04 12:33:14.789   314   314 D SurfaceFlinger: duplicate layer name: changing org.xbet.client1/org.xbet.client1.presentation.activity.BetActivity to org.xbet.client1/org.xbet.client1.presentation.activity.BetActivity#1
12-04 12:33:14.794   718   879 I chatty  : uid=1000(system) WifiStateMachin expire 124 lines
12-04 12:33:16.902   718   865 I chatty  : uid=1000(system) InputDispatcher expire 31 lines
12-04 12:33:18.125   314   314 D SurfaceFlinger: duplicate layer name: changing org.xbet.client1/org.xbet.client1.presentation.activity.BetActivity to org.xbet.client1/org.xbet.client1.presentation.activity.BetActivity#1
12-04 12:33:19.230 19362 19362 I chatty  : uid=10061(u0_a61) org.xbet.client1 expire 85 lines
12-04 12:33:19.313   926   926 I LatinIME: Starting input. Cursor position = 5,5
12-04 12:33:19.537   926  2390 W Adreno-EGL: <qeglDrvAPI_eglGetConfigAttrib:607>: EGL_BAD_ATTRIBUTE
12-04 12:33:19.567   926  2390 I vndksupport: sphal namespace is not configured for this process. Loading /vendor/lib/hw/gralloc.msm8226.so from the current namespace instead.
12-04 12:33:19.625   933   950 I zygote  : Do partial code cache collection, code=1014KB, data=649KB
12-04 12:33:19.631   933   950 I zygote  : After code cache collection, code=985KB, data=636KB
12-04 12:33:19.631   933   950 I zygote  : Increasing code cache capacity to 3MB
12-04 12:33:19.664   718   881 I chatty  : uid=1000(system) WifiScanningSer expire 36 lines
12-04 12:33:19.666 28286 28286 I chatty  : uid=1010(wifi) /vendor/bin/hw/wpa_supplicant expire 21 lines
12-04 12:33:19.671   933   977 W zygote  : Checksum mismatch for dex SystemUI.apk
12-04 12:33:19.671   933   977 W zygote  : Checksum mismatch for dex SystemUI.apk
12-04 12:33:22.181 32443   731 W FA      : Tasks have been queued for a long time
12-04 12:33:23.516 19362 19437 I chatty  : uid=10061(u0_a61) RenderThread expire 10 lines
12-04 12:33:23.532   926   926 I zygote  : Deoptimizing com.android.inputmethod.latin.utils.TextRange com.android.inputmethod.latin.RichInputConnection.getWordRangeAtCursor(com.android.inputmethod.latin.settings.SpacingAndPunctuations, int) due to JIT inline cache
12-04 12:33:51.544   718  4017 I chatty  : uid=1000(system) Binder:718_A expire 5 lines
12-04 12:34:12.435 32443 32443 W Notification: Use of stream types is deprecated for operations other than volume control
12-04 12:34:12.435 32443 32443 W Notification: See the documentation of setSound() for what to use instead with android.media.AudioAttributes to qualify your playback use case
12-04 12:34:12.442 32443 32443 W Notification: Use of stream types is deprecated for operations other than volume control
12-04 12:34:12.442 32443 32443 W Notification: See the documentation of setSound() for what to use instead with android.media.AudioAttributes to qualify your playback use case
12-04 12:34:12.690   933   958 I zygote  : Background concurrent copying GC freed 143846(6MB) AllocSpace objects, 0(0B) LOS objects, 49% free, 7MB/15MB, paused 1.702ms total 220.720ms
12-04 12:34:12.784   933   933 D StatusBar: disable<e i a s b h r c s q >
12-04 12:34:12.928   933  1070 W Adreno-EGL: <qeglDrvAPI_eglGetConfigAttrib:607>: EGL_BAD_ATTRIBUTE
12-04 12:34:12.930   933  1070 I vndksupport: sphal namespace is not configured for this process. Loading /vendor/lib/hw/gralloc.msm8226.so from the current namespace instead.
12-04 12:34:18.823   933   933 D StatusBar: disable<e i a s b h r c s q >
12-04 12:34:18.855   933   933 W View    : requestLayout() improperly called by com.android.internal.widget.NotificationExpandButton{adc69a5 VFED..C.. ......ID 225,25-247,49 #1020232 android:id/expand_button} during layout: running second layout pass
12-04 12:34:18.856   933   933 W View    : requestLayout() improperly called by com.android.internal.widget.NotificationExpandButton{525c935 VFED..C.. ......ID 225,25-247,49 #1020232 android:id/expand_button} during layout: running second layout pass
12-04 12:34:18.856   933   933 W View    : requestLayout() improperly called by com.android.internal.widget.NotificationExpandButton{e740615 VFED..C.. ......ID 225,25-247,49 #1020232 android:id/expand_button} during layout: running second layout pass
12-04 12:34:18.857   933  1070 W Adreno-EGL: <qeglDrvAPI_eglGetConfigAttrib:607>: EGL_BAD_ATTRIBUTE
12-04 12:34:18.860   933  1070 I vndksupport: sphal namespace is not configured for this process. Loading /vendor/lib/hw/gralloc.msm8226.so from the current namespace instead.
12-04 12:34:21.720   718   879 I chatty  : uid=1000(system) WifiStateMachin expire 109 lines
12-04 12:34:21.735   718   898 I chatty  : uid=1000(system) ConnectivityThr expire 16 lines
12-04 12:34:21.741   718  9747 I chatty  : uid=1000(system) Binder:718_1C expire 6 lines
12-04 12:34:21.746   718  7672 I chatty  : uid=1000(system) Binder:718_12 expire 4 lines
12-04 12:34:24.777   718  8696 I chatty  : uid=1000(system) Binder:718_17 expire 7 lines
12-04 12:34:25.618   718   865 I chatty  : uid=1000(system) InputDispatcher expire 15 lines
12-04 12:34:25.912   314   314 D SurfaceFlinger: Backpressure trigger, skipping transaction & refresh!
12-04 12:34:25.916   314   314 D SurfaceFlinger: Backpressure trigger, skipping transaction & refresh!
12-04 12:34:30.814   718  9614 I chatty  : uid=1000(system) Binder:718_19 expire 5 lines
12-04 12:34:39.667   718   881 I chatty  : uid=1000(system) WifiScanningSer expire 36 lines
12-04 12:34:39.672 28286 28286 I chatty  : uid=1010(wifi) /vendor/bin/hw/wpa_supplicant expire 19 lines
12-04 12:34:41.326 28286 28286 D wpa_supplicant: BSS: last_scan_res_used=14/32
12-04 12:34:41.326 28286 28286 D wpa_supplicant: p2p0: New scan results available (own=0 ext=1)
12-04 12:34:41.328 28286 28286 D wpa_supplicant: p2p0: Do not use results from externally requested scan operation for network selection
12-04 12:34:41.329 28286 28286 D wpa_supplicant: RTM_NEWLINK: ifi_index=28 ifname=wlan0 wext ifi_family=0 ifi_flags=0x11043 ([UP][RUNNING][LOWER_UP])
12-04 12:34:43.677   718   898 I chatty  : uid=1000(system) ConnectivityThr expire 16 lines
12-04 12:34:43.684   718  1584 I chatty  : uid=1000(system) Binder:718_9 expire 4 lines
12-04 12:34:46.710   718  8100 I chatty  : uid=1000(system) Binder:718_15 expire 7 lines
12-04 12:35:15.041   718   784 I chatty  : uid=1000(system) batterystats-sy expire 10 lines
12-04 12:35:15.051   288   288 E WifiHAL : wifi_get_logger_supported_feature_set: Error -95 happened. 
12-04 12:35:15.096   718   784 E BatteryStatsService: no controller energy info supplied
12-04 12:35:15.109   718   784 E BatteryStatsService: no controller energy info supplied
12-04 12:35:15.127   718   784 E BatteryStatsService: modem info is invalid: ModemActivityInfo{ mTimestamp=0 mSleepTimeMs=0 mIdleTimeMs=0 mTxTimeMs[]=[0, 0, 0, 0, 0] mRxTimeMs=0 mEnergyUsed=0}
12-04 12:35:16.882   718   879 I chatty  : uid=1000(system) WifiStateMachin expire 20 lines
12-04 12:35:19.178   718   910 I chatty  : uid=1000(system) PhotonicModulat expire 14 lines
12-04 12:35:20.395 31831 31831 D HeadsetPhoneState: sendDeviceStateChanged. mService=1 mSignal=5 mRoam=0 mBatteryCharge=4
12-04 12:35:25.803   718   865 I chatty  : uid=1000(system) InputDispatcher expire 25 lines
12-04 12:35:25.967   314   314 D SurfaceFlinger: Backpressure trigger, skipping transaction & refresh!
12-04 12:35:26.000   314   314 D SurfaceFlinger: Backpressure trigger, skipping transaction & refresh!
12-04 12:35:26.034   314   314 D SurfaceFlinger: Backpressure trigger, skipping transaction & refresh!
12-04 12:35:26.067   314   314 D SurfaceFlinger: Backpressure trigger, skipping transaction & refresh!
12-04 12:35:26.100   314   314 D SurfaceFlinger: Backpressure trigger, skipping transaction & refresh!
12-04 12:35:26.218   718   781 I chatty  : uid=1000(system) android.ui expire 14 lines
12-04 12:35:28.358   718   893 I chatty  : uid=1000(system) AudioService expire 21 lines
12-04 12:35:28.800   314   314 D SurfaceFlinger: Backpressure trigger, skipping transaction & refresh!
12-04 12:35:28.954   718   879 I chatty  : uid=1000(system) WifiStateMachin expire 75 lines
12-04 12:35:32.756   718  8696 I ActivityManager: START u0 {flg=0x4000000 cmp=org.xbet.client1/.presentation.activity.BetActivity (has extras)} from uid 10061
12-04 12:35:32.853   718  5113 I chatty  : uid=1000(system) Binder:718_C expire 5 lines
12-04 12:35:33.057 19362 19437 I chatty  : uid=10061(u0_a61) RenderThread expire 12 lines
12-04 12:35:33.451   314   314 D SurfaceFlinger: Backpressure trigger, skipping transaction & refresh!
12-04 12:35:35.868   718  7968 I chatty  : uid=1000(system) Binder:718_13 expire 7 lines
12-04 12:35:36.279   314   314 D SurfaceFlinger: Backpressure trigger, skipping transaction & refresh!
12-04 12:35:36.284   314   314 D SurfaceFlinger: Backpressure trigger, skipping transaction & refresh!
12-04 12:35:36.383   718   865 I chatty  : uid=1000(system) InputDispatcher expire 61 lines
12-04 12:35:36.571   718  1583 I chatty  : uid=1000(system) Binder:718_8 expire 1 line
12-04 12:35:41.651 19362   677 I chatty  : uid=10061(u0_a61) org.xbet.client1 expire 31 lines
12-04 12:35:45.810 31831 31831 D HeadsetPhoneState: sendDeviceStateChanged. mService=1 mSignal=4 mRoam=0 mBatteryCharge=4
12-04 12:35:55.304 19362 19362 I chatty  : uid=10061(u0_a61) org.xbet.client1 expire 76 lines
12-04 12:35:57.817   718 10306 I ActivityManager: START u0 {flg=0x4000000 cmp=org.xbet.client1/.presentation.activity.BetActivity (has extras)} from uid 10061
12-04 12:35:58.596   314   314 D SurfaceFlinger: Backpressure trigger, skipping transaction & refresh!
12-04 12:35:58.601   314   314 D SurfaceFlinger: Backpressure trigger, skipping transaction & refresh!
12-04 12:36:05.047   718   805 I chatty  : uid=1000(system) PowerManagerSer expire 16 lines
12-04 12:36:11.369   718  9615 I chatty  : uid=1000(system) Binder:718_1A expire 3 lines
12-04 12:36:11.735   314   314 D SurfaceFlinger: Backpressure trigger, skipping transaction & refresh!
12-04 12:36:11.927   718   865 I chatty  : uid=1000(system) InputDispatcher expire 36 lines
12-04 12:36:14.185   718   879 I chatty  : uid=1000(system) WifiStateMachin expire 20 lines
12-04 12:36:25.177   718  8696 I ActivityManager: START u0 {flg=0x4000000 cmp=org.xbet.client1/.presentation.activity.BetActivity (has extras)} from uid 10061
12-04 12:36:25.269 19362 19362 I chatty  : uid=10061(u0_a61) org.xbet.client1 expire 120 lines
12-04 12:36:25.362   718   750 I chatty  : uid=1000(system) Binder:718_1 expire 1 line
12-04 12:36:25.650 28286 28286 D wpa_supplicant: wlan0: BSS: Remove id 73 BSSID 20:4e:7f:89:4e:be SSID 'INET_155' due to wpa_bss_flush_by_age
12-04 12:36:25.651 28286 28286 D wpa_supplicant: wlan0: BSS: Remove id 81 BSSID c8:3a:35:2f:82:b8 SSID 'sky26' due to wpa_bss_flush_by_age
12-04 12:36:25.651 28286 28286 D wpa_supplicant: p2p0: BSS: Remove id 76 BSSID 20:4e:7f:89:4e:be SSID 'INET_155' due to wpa_bss_flush_by_age
12-04 12:36:25.651 28286 28286 D wpa_supplicant: p2p0: BSS: Remove id 84 BSSID c8:3a:35:2f:82:b8 SSID 'sky26' due to wpa_bss_flush_by_age
12-04 12:36:25.717   314   314 D SurfaceFlinger: Backpressure trigger, skipping transaction & refresh!
12-04 12:36:25.937 19362 19437 I chatty  : uid=10061(u0_a61) RenderThread expire 13 lines
12-04 12:36:25.963   314   314 D SurfaceFlinger: Backpressure trigger, skipping transaction & refresh!
12-04 12:36:25.967   314   314 D SurfaceFlinger: Backpressure trigger, skipping transaction & refresh!
12-04 12:36:26.227   718   879 I chatty  : uid=1000(system) WifiStateMachin expire 55 lines
12-04 12:36:26.410   718   865 I chatty  : uid=1000(system) InputDispatcher expire 15 lines
12-04 12:36:26.456   718   893 I chatty  : uid=1000(system) AudioService expire 12 lines
12-04 12:36:26.883   718 10272 I chatty  : uid=1000(system) Binder:718_1F expire 5 lines
12-04 12:36:28.929   718   781 I chatty  : uid=1000(system) android.ui expire 13 lines
12-04 12:36:53.408   718   898 I chatty  : uid=1000(system) ConnectivityThr expire 20 lines
12-04 12:36:53.412   718  8033 I chatty  : uid=1000(system) Binder:718_14 expire 6 lines
12-04 12:36:59.127  1210  1220 E MP3Extractor: Unable to resync. Signalling end of stream.
12-04 12:36:59.443   718   879 I chatty  : uid=1000(system) WifiStateMachin expire 37 lines
12-04 12:37:00.290  1210  3351 E MP3Extractor: Unable to resync. Signalling end of stream.
12-04 12:37:00.295   421   624 I NuPlayerDecoder: [audio] saw output EOS
12-04 12:37:00.549   421   623 D AudioTrack: stop() called with 12365568 frames delivered
12-04 12:37:00.625   718   865 I chatty  : uid=1000(system) InputDispatcher expire 25 lines
12-04 12:37:01.078   421   619 D NuPlayerDriver: notifyListener_l(0xb6c51000), (2, 0, 0, -1), loop setting(0, 0)
12-04 12:37:01.081 31920 31920 I vk      : Broadcast play state false
12-04 12:37:01.095 31831 31891 V Avrcp   : onPlaybackStateChanged: state PlaybackState {state=2, position=280410, buffered position=0, speed=1.0, updated=28597868, actions=310, custom actions=[], active item id=-1, error=null}
12-04 12:37:01.098 31831 31891 V Avrcp   : updatePlaybackState (0): 1➡2(PlaybackState {state=2, position=280410, buffered position=0, speed=1.0, updated=28597868, actions=310, custom actions=[], active item id=-1, error=null})
12-04 12:37:01.099 31831 31891 V Avrcp   : Media update: id -1➡-1? [MediaAttributes: L⋯) -  by R⋯e (280000 0/0) ] : [MediaAttributes: L⋯) -  by R⋯e (280000 0/0) ]
12-04 12:37:01.100 31920 31920 D vk      : New file AudioFile {138851628_456239215, 348, Delyno, Private Love (DJ Junior CNYTFK & Dirty Vick Remix) https://vk.com/generation_deep_house}
12-04 12:37:01.100 31831 31891 E Avrcp   : play status change 1➡2
12-04 12:37:01.101 31831 31891 D Avrcp   : sendPlayPosNotificationRsp: Not registered or requesting.
